Archive member included to satisfy reference by file (symbol)

.\CortexM3\ARM_GCC_541\Debug\Lab_SPI.a(UART_1.o)
                              .\CortexM3\ARM_GCC_541\Debug\main.o (UART_1_Start)
.\CortexM3\ARM_GCC_541\Debug\Lab_SPI.a(SPIM_1.o)
                              .\CortexM3\ARM_GCC_541\Debug\main.o (SPIM_1_WriteTxData)
.\CortexM3\ARM_GCC_541\Debug\Lab_SPI.a(UART_1_IntClock.o)
                              .\CortexM3\ARM_GCC_541\Debug\Lab_SPI.a(UART_1.o) (UART_1_IntClock_Start)
.\CortexM3\ARM_GCC_541\Debug\Lab_SPI.a(SPIM_1_IntClock.o)
                              .\CortexM3\ARM_GCC_541\Debug\Lab_SPI.a(SPIM_1.o) (SPIM_1_IntClock_Start)
.\CortexM3\ARM_GCC_541\Debug\Lab_SPI.a(CyLib.o)
                              .\CortexM3\ARM_GCC_541\Debug\Cm3Start.o (CyHalt)
.\CortexM3\ARM_GCC_541\Debug\Lab_SPI.a(cyPm.o)
                              .\CortexM3\ARM_GCC_541\Debug\Lab_SPI.a(CyLib.o) (CyPmReadStatus)
.\CortexM3\ARM_GCC_541\Debug\Lab_SPI.a(isruart.o)
                              .\CortexM3\ARM_GCC_541\Debug\main.o (isruart_StartEx)
.\CortexM3\ARM_GCC_541\Debug\Lab_SPI.a(isrspim.o)
                              .\CortexM3\ARM_GCC_541\Debug\main.o (isrspim_StartEx)
.\CortexM3\ARM_GCC_541\Debug\Lab_SPI.a(CyBootAsmGnu.o)
                              .\CortexM3\ARM_GCC_541\Debug\cyfitter_cfg.o (CyDelayCycles)
.\CortexM3\ARM_GCC_541\Debug\Lab_SPI.a(CyFlash.o)
                              .\CortexM3\ARM_GCC_541\Debug\Lab_SPI.a(cyPm.o) (CyFlash_SetWaitCycles)
.\CortexM3\ARM_GCC_541\Debug\Lab_SPI.a(CySpc.o)
                              .\CortexM3\ARM_GCC_541\Debug\Lab_SPI.a(CyFlash.o) (CySpcStart)
c:/program files (x86)/cypress/psoc creator/4.3/psoc creator/import/gnu/arm/5.4.1/bin/../lib/gcc/arm-none-eabi/5.4.1/../../../../arm-none-eabi/lib/armv7-m\libg_nano.a(lib_a-errno.o)
                              .\CortexM3\ARM_GCC_541\Debug\Cm3Start.o (__errno)
c:/program files (x86)/cypress/psoc creator/4.3/psoc creator/import/gnu/arm/5.4.1/bin/../lib/gcc/arm-none-eabi/5.4.1/../../../../arm-none-eabi/lib/armv7-m\libg_nano.a(lib_a-exit.o)
                              c:/program files (x86)/cypress/psoc creator/4.3/psoc creator/import/gnu/arm/5.4.1/bin/../lib/gcc/arm-none-eabi/5.4.1/../../../../arm-none-eabi/lib/armv7-m/crt0.o (exit)
c:/program files (x86)/cypress/psoc creator/4.3/psoc creator/import/gnu/arm/5.4.1/bin/../lib/gcc/arm-none-eabi/5.4.1/../../../../arm-none-eabi/lib/armv7-m\libg_nano.a(lib_a-impure.o)
                              c:/program files (x86)/cypress/psoc creator/4.3/psoc creator/import/gnu/arm/5.4.1/bin/../lib/gcc/arm-none-eabi/5.4.1/../../../../arm-none-eabi/lib/armv7-m\libg_nano.a(lib_a-exit.o) (_global_impure_ptr)
c:/program files (x86)/cypress/psoc creator/4.3/psoc creator/import/gnu/arm/5.4.1/bin/../lib/gcc/arm-none-eabi/5.4.1/../../../../arm-none-eabi/lib/armv7-m\libg_nano.a(lib_a-init.o)
                              c:/program files (x86)/cypress/psoc creator/4.3/psoc creator/import/gnu/arm/5.4.1/bin/../lib/gcc/arm-none-eabi/5.4.1/../../../../arm-none-eabi/lib/armv7-m/crt0.o (__libc_init_array)
c:/program files (x86)/cypress/psoc creator/4.3/psoc creator/import/gnu/arm/5.4.1/bin/../lib/gcc/arm-none-eabi/5.4.1/../../../../arm-none-eabi/lib/armv7-m\libg_nano.a(lib_a-memcpy-stub.o)
                              .\CortexM3\ARM_GCC_541\Debug\cyfitter_cfg.o (memcpy)
c:/program files (x86)/cypress/psoc creator/4.3/psoc creator/import/gnu/arm/5.4.1/bin/../lib/gcc/arm-none-eabi/5.4.1/../../../../arm-none-eabi/lib/armv7-m\libg_nano.a(lib_a-memset.o)
                              c:/program files (x86)/cypress/psoc creator/4.3/psoc creator/import/gnu/arm/5.4.1/bin/../lib/gcc/arm-none-eabi/5.4.1/../../../../arm-none-eabi/lib/armv7-m/crt0.o (memset)

Allocating common symbols
Common symbol       size              file

SPIM_1_swStatusTx   0x1               .\CortexM3\ARM_GCC_541\Debug\Lab_SPI.a(SPIM_1.o)
SPIM_1_swStatusRx   0x1               .\CortexM3\ARM_GCC_541\Debug\Lab_SPI.a(SPIM_1.o)
dieTemperature      0x2               .\CortexM3\ARM_GCC_541\Debug\Lab_SPI.a(CyFlash.o)

Discarded input sections

 .text          0x00000000        0x0 c:/program files (x86)/cypress/psoc creator/4.3/psoc creator/import/gnu/arm/5.4.1/bin/../lib/gcc/arm-none-eabi/5.4.1/armv7-m/crti.o
 .data          0x00000000        0x0 c:/program files (x86)/cypress/psoc creator/4.3/psoc creator/import/gnu/arm/5.4.1/bin/../lib/gcc/arm-none-eabi/5.4.1/armv7-m/crti.o
 .bss           0x00000000        0x0 c:/program files (x86)/cypress/psoc creator/4.3/psoc creator/import/gnu/arm/5.4.1/bin/../lib/gcc/arm-none-eabi/5.4.1/armv7-m/crti.o
 .data          0x00000000        0x4 c:/program files (x86)/cypress/psoc creator/4.3/psoc creator/import/gnu/arm/5.4.1/bin/../lib/gcc/arm-none-eabi/5.4.1/armv7-m/crtbegin.o
 .text          0x00000000       0x74 c:/program files (x86)/cypress/psoc creator/4.3/psoc creator/import/gnu/arm/5.4.1/bin/../lib/gcc/arm-none-eabi/5.4.1/../../../../arm-none-eabi/lib/armv7-m/crt0.o
 .data          0x00000000        0x0 c:/program files (x86)/cypress/psoc creator/4.3/psoc creator/import/gnu/arm/5.4.1/bin/../lib/gcc/arm-none-eabi/5.4.1/../../../../arm-none-eabi/lib/armv7-m/crt0.o
 .bss           0x00000000        0x0 c:/program files (x86)/cypress/psoc creator/4.3/psoc creator/import/gnu/arm/5.4.1/bin/../lib/gcc/arm-none-eabi/5.4.1/../../../../arm-none-eabi/lib/armv7-m/crt0.o
 .ARM.extab     0x00000000        0x0 c:/program files (x86)/cypress/psoc creator/4.3/psoc creator/import/gnu/arm/5.4.1/bin/../lib/gcc/arm-none-eabi/5.4.1/../../../../arm-none-eabi/lib/armv7-m/crt0.o
 .ARM.exidx     0x00000000        0x8 c:/program files (x86)/cypress/psoc creator/4.3/psoc creator/import/gnu/arm/5.4.1/bin/../lib/gcc/arm-none-eabi/5.4.1/../../../../arm-none-eabi/lib/armv7-m/crt0.o
 .text          0x00000000        0x0 .\CortexM3\ARM_GCC_541\Debug\main.o
 .data          0x00000000        0x0 .\CortexM3\ARM_GCC_541\Debug\main.o
 .bss           0x00000000        0x0 .\CortexM3\ARM_GCC_541\Debug\main.o
 .text          0x00000000        0x0 .\CortexM3\ARM_GCC_541\Debug\SPI_handler.o
 .data          0x00000000        0x0 .\CortexM3\ARM_GCC_541\Debug\SPI_handler.o
 .bss           0x00000000        0x0 .\CortexM3\ARM_GCC_541\Debug\SPI_handler.o
 .text          0x00000000        0x0 .\CortexM3\ARM_GCC_541\Debug\cyfitter_cfg.o
 .data          0x00000000        0x0 .\CortexM3\ARM_GCC_541\Debug\cyfitter_cfg.o
 .bss           0x00000000        0x0 .\CortexM3\ARM_GCC_541\Debug\cyfitter_cfg.o
 .text.SetAnalogRoutingPumps
                0x00000000       0x10 .\CortexM3\ARM_GCC_541\Debug\cyfitter_cfg.o
 .text          0x00000000        0x0 .\CortexM3\ARM_GCC_541\Debug\cymetadata.o
 .data          0x00000000        0x0 .\CortexM3\ARM_GCC_541\Debug\cymetadata.o
 .bss           0x00000000        0x0 .\CortexM3\ARM_GCC_541\Debug\cymetadata.o
 .text          0x00000000        0x0 .\CortexM3\ARM_GCC_541\Debug\Cm3Start.o
 .data          0x00000000        0x4 .\CortexM3\ARM_GCC_541\Debug\Cm3Start.o
 .bss           0x00000000        0x0 .\CortexM3\ARM_GCC_541\Debug\Cm3Start.o
 .text._exit    0x00000000        0xc .\CortexM3\ARM_GCC_541\Debug\Cm3Start.o
 .text._sbrk    0x00000000       0x30 .\CortexM3\ARM_GCC_541\Debug\Cm3Start.o
 .text          0x00000000        0x0 .\CortexM3\ARM_GCC_541\Debug\Lab_SPI.a(UART_1.o)
 .data          0x00000000        0x0 .\CortexM3\ARM_GCC_541\Debug\Lab_SPI.a(UART_1.o)
 .text.UART_1_Stop
                0x00000000       0x3c .\CortexM3\ARM_GCC_541\Debug\Lab_SPI.a(UART_1.o)
 .text.UART_1_ReadControlRegister
                0x00000000        0x4 .\CortexM3\ARM_GCC_541\Debug\Lab_SPI.a(UART_1.o)
 .text.UART_1_WriteControlRegister
                0x00000000        0x4 .\CortexM3\ARM_GCC_541\Debug\Lab_SPI.a(UART_1.o)
 .text.UART_1_SetRxInterruptMode
                0x00000000        0xc .\CortexM3\ARM_GCC_541\Debug\Lab_SPI.a(UART_1.o)
 .text.UART_1_ReadRxStatus
                0x00000000       0x10 .\CortexM3\ARM_GCC_541\Debug\Lab_SPI.a(UART_1.o)
 .text.UART_1_GetChar
                0x00000000       0x2c .\CortexM3\ARM_GCC_541\Debug\Lab_SPI.a(UART_1.o)
 .text.UART_1_GetByte
                0x00000000       0x14 .\CortexM3\ARM_GCC_541\Debug\Lab_SPI.a(UART_1.o)
 .text.UART_1_ClearRxBuffer
                0x00000000       0x24 .\CortexM3\ARM_GCC_541\Debug\Lab_SPI.a(UART_1.o)
 .text.UART_1_SetRxAddressMode
                0x00000000        0x4 .\CortexM3\ARM_GCC_541\Debug\Lab_SPI.a(UART_1.o)
 .text.UART_1_SetRxAddress1
                0x00000000        0xc .\CortexM3\ARM_GCC_541\Debug\Lab_SPI.a(UART_1.o)
 .text.UART_1_SetRxAddress2
                0x00000000        0xc .\CortexM3\ARM_GCC_541\Debug\Lab_SPI.a(UART_1.o)
 .text.UART_1_SetTxInterruptMode
                0x00000000        0xc .\CortexM3\ARM_GCC_541\Debug\Lab_SPI.a(UART_1.o)
 .text.UART_1_ReadTxStatus
                0x00000000        0xc .\CortexM3\ARM_GCC_541\Debug\Lab_SPI.a(UART_1.o)
 .text.UART_1_PutArray
                0x00000000       0x28 .\CortexM3\ARM_GCC_541\Debug\Lab_SPI.a(UART_1.o)
 .text.UART_1_PutCRLF
                0x00000000       0x20 .\CortexM3\ARM_GCC_541\Debug\Lab_SPI.a(UART_1.o)
 .text.UART_1_GetTxBufferSize
                0x00000000       0x24 .\CortexM3\ARM_GCC_541\Debug\Lab_SPI.a(UART_1.o)
 .text.UART_1_ClearTxBuffer
                0x00000000       0x24 .\CortexM3\ARM_GCC_541\Debug\Lab_SPI.a(UART_1.o)
 .text.UART_1_SendBreak
                0x00000000       0x5c .\CortexM3\ARM_GCC_541\Debug\Lab_SPI.a(UART_1.o)
 .text.UART_1_SetTxAddressMode
                0x00000000        0x4 .\CortexM3\ARM_GCC_541\Debug\Lab_SPI.a(UART_1.o)
 .text          0x00000000        0x0 .\CortexM3\ARM_GCC_541\Debug\Lab_SPI.a(SPIM_1.o)
 .data          0x00000000        0x0 .\CortexM3\ARM_GCC_541\Debug\Lab_SPI.a(SPIM_1.o)
 .text.SPIM_1_Stop
                0x00000000       0x28 .\CortexM3\ARM_GCC_541\Debug\Lab_SPI.a(SPIM_1.o)
 .text.SPIM_1_EnableTxInt
                0x00000000        0x4 .\CortexM3\ARM_GCC_541\Debug\Lab_SPI.a(SPIM_1.o)
 .text.SPIM_1_EnableRxInt
                0x00000000        0x4 .\CortexM3\ARM_GCC_541\Debug\Lab_SPI.a(SPIM_1.o)
 .text.SPIM_1_DisableTxInt
                0x00000000        0x4 .\CortexM3\ARM_GCC_541\Debug\Lab_SPI.a(SPIM_1.o)
 .text.SPIM_1_DisableRxInt
                0x00000000        0x4 .\CortexM3\ARM_GCC_541\Debug\Lab_SPI.a(SPIM_1.o)
 .text.SPIM_1_SetTxInterruptMode
                0x00000000        0xc .\CortexM3\ARM_GCC_541\Debug\Lab_SPI.a(SPIM_1.o)
 .text.SPIM_1_SetRxInterruptMode
                0x00000000        0xc .\CortexM3\ARM_GCC_541\Debug\Lab_SPI.a(SPIM_1.o)
 .text.SPIM_1_GetTxBufferSize
                0x00000000       0x24 .\CortexM3\ARM_GCC_541\Debug\Lab_SPI.a(SPIM_1.o)
 .text.SPIM_1_ClearTxBuffer
                0x00000000       0x24 .\CortexM3\ARM_GCC_541\Debug\Lab_SPI.a(SPIM_1.o)
 .text.SPIM_1_PutArray
                0x00000000       0x20 .\CortexM3\ARM_GCC_541\Debug\Lab_SPI.a(SPIM_1.o)
 .text.SPIM_1_EnableInt
                0x00000000        0x4 .\CortexM3\ARM_GCC_541\Debug\Lab_SPI.a(SPIM_1.o)
 .text.SPIM_1_DisableInt
                0x00000000        0x4 .\CortexM3\ARM_GCC_541\Debug\Lab_SPI.a(SPIM_1.o)
 .text.SPIM_1_SetInterruptMode
                0x00000000       0x14 .\CortexM3\ARM_GCC_541\Debug\Lab_SPI.a(SPIM_1.o)
 .text.SPIM_1_ReadStatus
                0x00000000       0x18 .\CortexM3\ARM_GCC_541\Debug\Lab_SPI.a(SPIM_1.o)
 COMMON         0x00000000        0x2 .\CortexM3\ARM_GCC_541\Debug\Lab_SPI.a(SPIM_1.o)
 .text          0x00000000        0x0 .\CortexM3\ARM_GCC_541\Debug\Lab_SPI.a(UART_1_IntClock.o)
 .data          0x00000000        0x0 .\CortexM3\ARM_GCC_541\Debug\Lab_SPI.a(UART_1_IntClock.o)
 .bss           0x00000000        0x0 .\CortexM3\ARM_GCC_541\Debug\Lab_SPI.a(UART_1_IntClock.o)
 .text.UART_1_IntClock_Stop
                0x00000000       0x1c .\CortexM3\ARM_GCC_541\Debug\Lab_SPI.a(UART_1_IntClock.o)
 .text.UART_1_IntClock_StopBlock
                0x00000000       0x6c .\CortexM3\ARM_GCC_541\Debug\Lab_SPI.a(UART_1_IntClock.o)
 .text.UART_1_IntClock_StandbyPower
                0x00000000       0x20 .\CortexM3\ARM_GCC_541\Debug\Lab_SPI.a(UART_1_IntClock.o)
 .text.UART_1_IntClock_GetDividerRegister
                0x00000000        0xc .\CortexM3\ARM_GCC_541\Debug\Lab_SPI.a(UART_1_IntClock.o)
 .text.UART_1_IntClock_SetModeRegister
                0x00000000       0x14 .\CortexM3\ARM_GCC_541\Debug\Lab_SPI.a(UART_1_IntClock.o)
 .text.UART_1_IntClock_ClearModeRegister
                0x00000000       0x18 .\CortexM3\ARM_GCC_541\Debug\Lab_SPI.a(UART_1_IntClock.o)
 .text.UART_1_IntClock_GetModeRegister
                0x00000000       0x10 .\CortexM3\ARM_GCC_541\Debug\Lab_SPI.a(UART_1_IntClock.o)
 .text.UART_1_IntClock_GetSourceRegister
                0x00000000       0x10 .\CortexM3\ARM_GCC_541\Debug\Lab_SPI.a(UART_1_IntClock.o)
 .text.UART_1_IntClock_SetDividerRegister
                0x00000000       0xdc .\CortexM3\ARM_GCC_541\Debug\Lab_SPI.a(UART_1_IntClock.o)
 .text.UART_1_IntClock_SetSourceRegister
                0x00000000       0x5c .\CortexM3\ARM_GCC_541\Debug\Lab_SPI.a(UART_1_IntClock.o)
 .text          0x00000000        0x0 .\CortexM3\ARM_GCC_541\Debug\Lab_SPI.a(SPIM_1_IntClock.o)
 .data          0x00000000        0x0 .\CortexM3\ARM_GCC_541\Debug\Lab_SPI.a(SPIM_1_IntClock.o)
 .bss           0x00000000        0x0 .\CortexM3\ARM_GCC_541\Debug\Lab_SPI.a(SPIM_1_IntClock.o)
 .text.SPIM_1_IntClock_Stop
                0x00000000       0x1c .\CortexM3\ARM_GCC_541\Debug\Lab_SPI.a(SPIM_1_IntClock.o)
 .text.SPIM_1_IntClock_StopBlock
                0x00000000       0x6c .\CortexM3\ARM_GCC_541\Debug\Lab_SPI.a(SPIM_1_IntClock.o)
 .text.SPIM_1_IntClock_StandbyPower
                0x00000000       0x20 .\CortexM3\ARM_GCC_541\Debug\Lab_SPI.a(SPIM_1_IntClock.o)
 .text.SPIM_1_IntClock_GetDividerRegister
                0x00000000        0xc .\CortexM3\ARM_GCC_541\Debug\Lab_SPI.a(SPIM_1_IntClock.o)
 .text.SPIM_1_IntClock_SetModeRegister
                0x00000000       0x14 .\CortexM3\ARM_GCC_541\Debug\Lab_SPI.a(SPIM_1_IntClock.o)
 .text.SPIM_1_IntClock_ClearModeRegister
                0x00000000       0x18 .\CortexM3\ARM_GCC_541\Debug\Lab_SPI.a(SPIM_1_IntClock.o)
 .text.SPIM_1_IntClock_GetModeRegister
                0x00000000       0x10 .\CortexM3\ARM_GCC_541\Debug\Lab_SPI.a(SPIM_1_IntClock.o)
 .text.SPIM_1_IntClock_GetSourceRegister
                0x00000000       0x10 .\CortexM3\ARM_GCC_541\Debug\Lab_SPI.a(SPIM_1_IntClock.o)
 .text.SPIM_1_IntClock_SetDividerRegister
                0x00000000       0xd8 .\CortexM3\ARM_GCC_541\Debug\Lab_SPI.a(SPIM_1_IntClock.o)
 .text.SPIM_1_IntClock_SetSourceRegister
                0x00000000       0x5c .\CortexM3\ARM_GCC_541\Debug\Lab_SPI.a(SPIM_1_IntClock.o)
 .text          0x00000000        0x0 .\CortexM3\ARM_GCC_541\Debug\Lab_SPI.a(CyLib.o)
 .data          0x00000000       0x10 .\CortexM3\ARM_GCC_541\Debug\Lab_SPI.a(CyLib.o)
 .bss           0x00000000       0x1c .\CortexM3\ARM_GCC_541\Debug\Lab_SPI.a(CyLib.o)
 .text.CyUSB_PowerOnCheck
                0x00000000       0x48 .\CortexM3\ARM_GCC_541\Debug\Lab_SPI.a(CyLib.o)
 .text.CyBusClk_Internal_SetDivider
                0x00000000       0x48 .\CortexM3\ARM_GCC_541\Debug\Lab_SPI.a(CyLib.o)
 .text.CyPLL_OUT_Stop
                0x00000000       0x10 .\CortexM3\ARM_GCC_541\Debug\Lab_SPI.a(CyLib.o)
 .text.CyIMO_Stop
                0x00000000       0x1c .\CortexM3\ARM_GCC_541\Debug\Lab_SPI.a(CyLib.o)
 .text.CyIMO_EnableDoubler
                0x00000000       0x10 .\CortexM3\ARM_GCC_541\Debug\Lab_SPI.a(CyLib.o)
 .text.CyIMO_DisableDoubler
                0x00000000       0x10 .\CortexM3\ARM_GCC_541\Debug\Lab_SPI.a(CyLib.o)
 .text.CyMasterClk_SetSource
                0x00000000       0x18 .\CortexM3\ARM_GCC_541\Debug\Lab_SPI.a(CyLib.o)
 .text.CyMasterClk_SetDivider
                0x00000000        0xc .\CortexM3\ARM_GCC_541\Debug\Lab_SPI.a(CyLib.o)
 .text.CyBusClk_SetDivider
                0x00000000       0x70 .\CortexM3\ARM_GCC_541\Debug\Lab_SPI.a(CyLib.o)
 .text.CyUsbClk_SetSource
                0x00000000       0x18 .\CortexM3\ARM_GCC_541\Debug\Lab_SPI.a(CyLib.o)
 .text.CyILO_Start1K
                0x00000000       0x10 .\CortexM3\ARM_GCC_541\Debug\Lab_SPI.a(CyLib.o)
 .text.CyILO_Stop1K
                0x00000000       0x10 .\CortexM3\ARM_GCC_541\Debug\Lab_SPI.a(CyLib.o)
 .text.CyILO_Start100K
                0x00000000       0x10 .\CortexM3\ARM_GCC_541\Debug\Lab_SPI.a(CyLib.o)
 .text.CyILO_Stop100K
                0x00000000       0x10 .\CortexM3\ARM_GCC_541\Debug\Lab_SPI.a(CyLib.o)
 .text.CyPLL_OUT_Start
                0x00000000       0x78 .\CortexM3\ARM_GCC_541\Debug\Lab_SPI.a(CyLib.o)
 .text.CyIMO_Start
                0x00000000       0x60 .\CortexM3\ARM_GCC_541\Debug\Lab_SPI.a(CyLib.o)
 .text.CyILO_Enable33K
                0x00000000       0x10 .\CortexM3\ARM_GCC_541\Debug\Lab_SPI.a(CyLib.o)
 .text.CyILO_Disable33K
                0x00000000       0x10 .\CortexM3\ARM_GCC_541\Debug\Lab_SPI.a(CyLib.o)
 .text.CyILO_SetSource
                0x00000000       0x18 .\CortexM3\ARM_GCC_541\Debug\Lab_SPI.a(CyLib.o)
 .text.CyILO_SetPowerMode
                0x00000000       0x24 .\CortexM3\ARM_GCC_541\Debug\Lab_SPI.a(CyLib.o)
 .text.CyXTAL_32KHZ_Stop
                0x00000000       0x30 .\CortexM3\ARM_GCC_541\Debug\Lab_SPI.a(CyLib.o)
 .text.CyXTAL_32KHZ_ReadStatus
                0x00000000       0x10 .\CortexM3\ARM_GCC_541\Debug\Lab_SPI.a(CyLib.o)
 .text.CyXTAL_Start
                0x00000000       0xac .\CortexM3\ARM_GCC_541\Debug\Lab_SPI.a(CyLib.o)
 .text.CyXTAL_Stop
                0x00000000       0x10 .\CortexM3\ARM_GCC_541\Debug\Lab_SPI.a(CyLib.o)
 .text.CyXTAL_EnableErrStatus
                0x00000000       0x10 .\CortexM3\ARM_GCC_541\Debug\Lab_SPI.a(CyLib.o)
 .text.CyXTAL_DisableErrStatus
                0x00000000       0x10 .\CortexM3\ARM_GCC_541\Debug\Lab_SPI.a(CyLib.o)
 .text.CyXTAL_ReadStatus
                0x00000000       0x18 .\CortexM3\ARM_GCC_541\Debug\Lab_SPI.a(CyLib.o)
 .text.CyXTAL_EnableFaultRecovery
                0x00000000       0x10 .\CortexM3\ARM_GCC_541\Debug\Lab_SPI.a(CyLib.o)
 .text.CyXTAL_DisableFaultRecovery
                0x00000000       0x10 .\CortexM3\ARM_GCC_541\Debug\Lab_SPI.a(CyLib.o)
 .text.CyXTAL_SetStartup
                0x00000000       0x18 .\CortexM3\ARM_GCC_541\Debug\Lab_SPI.a(CyLib.o)
 .text.CyXTAL_SetFbVoltage
                0x00000000       0x18 .\CortexM3\ARM_GCC_541\Debug\Lab_SPI.a(CyLib.o)
 .text.CyXTAL_SetWdVoltage
                0x00000000       0x18 .\CortexM3\ARM_GCC_541\Debug\Lab_SPI.a(CyLib.o)
 .text.CyHalt   0x00000000        0x4 .\CortexM3\ARM_GCC_541\Debug\Lab_SPI.a(CyLib.o)
 .text.CyPLL_OUT_SetPQ
                0x00000000       0x60 .\CortexM3\ARM_GCC_541\Debug\Lab_SPI.a(CyLib.o)
 .text.CyPLL_OUT_SetSource
                0x00000000       0x34 .\CortexM3\ARM_GCC_541\Debug\Lab_SPI.a(CyLib.o)
 .text.CyIMO_SetTrimValue
                0x00000000       0xcc .\CortexM3\ARM_GCC_541\Debug\Lab_SPI.a(CyLib.o)
 .text.CyIMO_SetFreq
                0x00000000       0xf4 .\CortexM3\ARM_GCC_541\Debug\Lab_SPI.a(CyLib.o)
 .text.CyIMO_SetSource
                0x00000000       0x58 .\CortexM3\ARM_GCC_541\Debug\Lab_SPI.a(CyLib.o)
 .text.CySoftwareReset
                0x00000000       0x10 .\CortexM3\ARM_GCC_541\Debug\Lab_SPI.a(CyLib.o)
 .text.CyDelay  0x00000000       0x2c .\CortexM3\ARM_GCC_541\Debug\Lab_SPI.a(CyLib.o)
 .text.CyDelayUs
                0x00000000       0x14 .\CortexM3\ARM_GCC_541\Debug\Lab_SPI.a(CyLib.o)
 .text.CyXTAL_32KHZ_SetPowerMode
                0x00000000       0x84 .\CortexM3\ARM_GCC_541\Debug\Lab_SPI.a(CyLib.o)
 .text.CyXTAL_32KHZ_Start
                0x00000000       0x74 .\CortexM3\ARM_GCC_541\Debug\Lab_SPI.a(CyLib.o)
 .text.CyDelayFreq
                0x00000000       0x4c .\CortexM3\ARM_GCC_541\Debug\Lab_SPI.a(CyLib.o)
 .text.CyWdtStart
                0x00000000       0x40 .\CortexM3\ARM_GCC_541\Debug\Lab_SPI.a(CyLib.o)
 .text.CyWdtClear
                0x00000000        0xc .\CortexM3\ARM_GCC_541\Debug\Lab_SPI.a(CyLib.o)
 .text.CyVdStickyStatus
                0x00000000       0x2c .\CortexM3\ARM_GCC_541\Debug\Lab_SPI.a(CyLib.o)
 .text.CyVdLvDigitEnable
                0x00000000       0x84 .\CortexM3\ARM_GCC_541\Debug\Lab_SPI.a(CyLib.o)
 .text.CyVdLvAnalogEnable
                0x00000000       0x80 .\CortexM3\ARM_GCC_541\Debug\Lab_SPI.a(CyLib.o)
 .text.CyVdLvDigitDisable
                0x00000000       0x30 .\CortexM3\ARM_GCC_541\Debug\Lab_SPI.a(CyLib.o)
 .text.CyVdLvAnalogDisable
                0x00000000       0x28 .\CortexM3\ARM_GCC_541\Debug\Lab_SPI.a(CyLib.o)
 .text.CyVdHvAnalogEnable
                0x00000000       0x54 .\CortexM3\ARM_GCC_541\Debug\Lab_SPI.a(CyLib.o)
 .text.CyVdHvAnalogDisable
                0x00000000       0x20 .\CortexM3\ARM_GCC_541\Debug\Lab_SPI.a(CyLib.o)
 .text.CyVdRealTimeStatus
                0x00000000       0x1c .\CortexM3\ARM_GCC_541\Debug\Lab_SPI.a(CyLib.o)
 .text.CyDisableInts
                0x00000000       0x1c .\CortexM3\ARM_GCC_541\Debug\Lab_SPI.a(CyLib.o)
 .text.CyEnableInts
                0x00000000       0x18 .\CortexM3\ARM_GCC_541\Debug\Lab_SPI.a(CyLib.o)
 .text.CyFlushCache
                0x00000000       0x44 .\CortexM3\ARM_GCC_541\Debug\Lab_SPI.a(CyLib.o)
 .text.CyIntSetSysVector
                0x00000000       0x28 .\CortexM3\ARM_GCC_541\Debug\Lab_SPI.a(CyLib.o)
 .text.CyIntGetSysVector
                0x00000000       0x20 .\CortexM3\ARM_GCC_541\Debug\Lab_SPI.a(CyLib.o)
 .text.CyIntSetVector
                0x00000000       0x28 .\CortexM3\ARM_GCC_541\Debug\Lab_SPI.a(CyLib.o)
 .text.CyIntGetVector
                0x00000000       0x24 .\CortexM3\ARM_GCC_541\Debug\Lab_SPI.a(CyLib.o)
 .text.CyIntSetPriority
                0x00000000       0x30 .\CortexM3\ARM_GCC_541\Debug\Lab_SPI.a(CyLib.o)
 .text.CyIntGetPriority
                0x00000000       0x20 .\CortexM3\ARM_GCC_541\Debug\Lab_SPI.a(CyLib.o)
 .text.CyIntGetState
                0x00000000       0x24 .\CortexM3\ARM_GCC_541\Debug\Lab_SPI.a(CyLib.o)
 .text.CySysTickStop
                0x00000000       0x10 .\CortexM3\ARM_GCC_541\Debug\Lab_SPI.a(CyLib.o)
 .text.CySysTickEnableInterrupt
                0x00000000       0x10 .\CortexM3\ARM_GCC_541\Debug\Lab_SPI.a(CyLib.o)
 .text.CySysTickEnable
                0x00000000       0x18 .\CortexM3\ARM_GCC_541\Debug\Lab_SPI.a(CyLib.o)
 .text.CySysTickDisableInterrupt
                0x00000000       0x10 .\CortexM3\ARM_GCC_541\Debug\Lab_SPI.a(CyLib.o)
 .text.CySysTickSetReload
                0x00000000       0x10 .\CortexM3\ARM_GCC_541\Debug\Lab_SPI.a(CyLib.o)
 .text.CySysTickGetReload
                0x00000000       0x10 .\CortexM3\ARM_GCC_541\Debug\Lab_SPI.a(CyLib.o)
 .text.CySysTickGetValue
                0x00000000       0x10 .\CortexM3\ARM_GCC_541\Debug\Lab_SPI.a(CyLib.o)
 .text.CySysTickSetClockSource
                0x00000000       0x20 .\CortexM3\ARM_GCC_541\Debug\Lab_SPI.a(CyLib.o)
 .text.CySysTickGetClockSource
                0x00000000       0x10 .\CortexM3\ARM_GCC_541\Debug\Lab_SPI.a(CyLib.o)
 .text.CySysTickGetCountFlag
                0x00000000       0x10 .\CortexM3\ARM_GCC_541\Debug\Lab_SPI.a(CyLib.o)
 .text.CySysTickServiceCallbacks
                0x00000000       0x28 .\CortexM3\ARM_GCC_541\Debug\Lab_SPI.a(CyLib.o)
 .text.CySysTickClear
                0x00000000        0xc .\CortexM3\ARM_GCC_541\Debug\Lab_SPI.a(CyLib.o)
 .text.CySysTickInit
                0x00000000       0x58 .\CortexM3\ARM_GCC_541\Debug\Lab_SPI.a(CyLib.o)
 .text.CySysTickStart
                0x00000000       0x1c .\CortexM3\ARM_GCC_541\Debug\Lab_SPI.a(CyLib.o)
 .text.CySysTickSetCallback
                0x00000000       0x10 .\CortexM3\ARM_GCC_541\Debug\Lab_SPI.a(CyLib.o)
 .text.CySysTickGetCallback
                0x00000000       0x10 .\CortexM3\ARM_GCC_541\Debug\Lab_SPI.a(CyLib.o)
 .text.CyGetUniqueId
                0x00000000       0x70 .\CortexM3\ARM_GCC_541\Debug\Lab_SPI.a(CyLib.o)
 .text          0x00000000        0x0 .\CortexM3\ARM_GCC_541\Debug\Lab_SPI.a(cyPm.o)
 .data          0x00000000        0x0 .\CortexM3\ARM_GCC_541\Debug\Lab_SPI.a(cyPm.o)
 .bss           0x00000000       0x43 .\CortexM3\ARM_GCC_541\Debug\Lab_SPI.a(cyPm.o)
 .text.CyPmHibSlpSaveSet
                0x00000000      0x1dc .\CortexM3\ARM_GCC_541\Debug\Lab_SPI.a(cyPm.o)
 .text.CyPmHibSlpRestore
                0x00000000       0xd8 .\CortexM3\ARM_GCC_541\Debug\Lab_SPI.a(cyPm.o)
 .text.CyPmHviLviSaveDisable
                0x00000000       0xa0 .\CortexM3\ARM_GCC_541\Debug\Lab_SPI.a(cyPm.o)
 .text.CyPmHibSaveSet
                0x00000000       0x98 .\CortexM3\ARM_GCC_541\Debug\Lab_SPI.a(cyPm.o)
 .text.CyPmHviLviRestore
                0x00000000       0x48 .\CortexM3\ARM_GCC_541\Debug\Lab_SPI.a(cyPm.o)
 .text.CyPmHibRestore
                0x00000000       0x60 .\CortexM3\ARM_GCC_541\Debug\Lab_SPI.a(cyPm.o)
 .text.CyPmSaveClocks
                0x00000000      0x218 .\CortexM3\ARM_GCC_541\Debug\Lab_SPI.a(cyPm.o)
 .text.CyPmRestoreClocks
                0x00000000      0x24c .\CortexM3\ARM_GCC_541\Debug\Lab_SPI.a(cyPm.o)
 .text.CyPmAltAct
                0x00000000       0x6c .\CortexM3\ARM_GCC_541\Debug\Lab_SPI.a(cyPm.o)
 .text.CyPmSleep
                0x00000000       0xf4 .\CortexM3\ARM_GCC_541\Debug\Lab_SPI.a(cyPm.o)
 .text.CyPmHibernateEx
                0x00000000       0xf4 .\CortexM3\ARM_GCC_541\Debug\Lab_SPI.a(cyPm.o)
 .text.CyPmHibernate
                0x00000000        0xc .\CortexM3\ARM_GCC_541\Debug\Lab_SPI.a(cyPm.o)
 .text.CyPmReadStatus
                0x00000000       0x30 .\CortexM3\ARM_GCC_541\Debug\Lab_SPI.a(cyPm.o)
 .text.CyPmCtwSetInterval
                0x00000000       0x5c .\CortexM3\ARM_GCC_541\Debug\Lab_SPI.a(cyPm.o)
 .text.CyPmOppsSet
                0x00000000       0x2c .\CortexM3\ARM_GCC_541\Debug\Lab_SPI.a(cyPm.o)
 .text.CyPmFtwSetInterval
                0x00000000       0x5c .\CortexM3\ARM_GCC_541\Debug\Lab_SPI.a(cyPm.o)
 .rodata        0x00000000        0xf .\CortexM3\ARM_GCC_541\Debug\Lab_SPI.a(cyPm.o)
 .text          0x00000000        0x0 .\CortexM3\ARM_GCC_541\Debug\Lab_SPI.a(isruart.o)
 .data          0x00000000        0x0 .\CortexM3\ARM_GCC_541\Debug\Lab_SPI.a(isruart.o)
 .bss           0x00000000        0x0 .\CortexM3\ARM_GCC_541\Debug\Lab_SPI.a(isruart.o)
 .text.isruart_Interrupt
                0x00000000        0x4 .\CortexM3\ARM_GCC_541\Debug\Lab_SPI.a(isruart.o)
 .text.isruart_GetVector
                0x00000000        0xc .\CortexM3\ARM_GCC_541\Debug\Lab_SPI.a(isruart.o)
 .text.isruart_GetPriority
                0x00000000        0xc .\CortexM3\ARM_GCC_541\Debug\Lab_SPI.a(isruart.o)
 .text.isruart_GetState
                0x00000000       0x18 .\CortexM3\ARM_GCC_541\Debug\Lab_SPI.a(isruart.o)
 .text.isruart_Start
                0x00000000       0x1c .\CortexM3\ARM_GCC_541\Debug\Lab_SPI.a(isruart.o)
 .text.isruart_Stop
                0x00000000       0x14 .\CortexM3\ARM_GCC_541\Debug\Lab_SPI.a(isruart.o)
 .text.isruart_SetPending
                0x00000000        0xc .\CortexM3\ARM_GCC_541\Debug\Lab_SPI.a(isruart.o)
 .text.isruart_ClearPending
                0x00000000        0xc .\CortexM3\ARM_GCC_541\Debug\Lab_SPI.a(isruart.o)
 .text          0x00000000        0x0 .\CortexM3\ARM_GCC_541\Debug\Lab_SPI.a(isrspim.o)
 .data          0x00000000        0x0 .\CortexM3\ARM_GCC_541\Debug\Lab_SPI.a(isrspim.o)
 .bss           0x00000000        0x0 .\CortexM3\ARM_GCC_541\Debug\Lab_SPI.a(isrspim.o)
 .text.isrspim_Interrupt
                0x00000000        0x4 .\CortexM3\ARM_GCC_541\Debug\Lab_SPI.a(isrspim.o)
 .text.isrspim_GetVector
                0x00000000        0xc .\CortexM3\ARM_GCC_541\Debug\Lab_SPI.a(isrspim.o)
 .text.isrspim_GetPriority
                0x00000000        0xc .\CortexM3\ARM_GCC_541\Debug\Lab_SPI.a(isrspim.o)
 .text.isrspim_GetState
                0x00000000       0x10 .\CortexM3\ARM_GCC_541\Debug\Lab_SPI.a(isrspim.o)
 .text.isrspim_Start
                0x00000000       0x1c .\CortexM3\ARM_GCC_541\Debug\Lab_SPI.a(isrspim.o)
 .text.isrspim_Stop
                0x00000000       0x14 .\CortexM3\ARM_GCC_541\Debug\Lab_SPI.a(isrspim.o)
 .text.isrspim_SetPending
                0x00000000        0xc .\CortexM3\ARM_GCC_541\Debug\Lab_SPI.a(isrspim.o)
 .text.isrspim_ClearPending
                0x00000000        0xc .\CortexM3\ARM_GCC_541\Debug\Lab_SPI.a(isrspim.o)
 .data          0x00000000        0x0 .\CortexM3\ARM_GCC_541\Debug\Lab_SPI.a(CyBootAsmGnu.o)
 .bss           0x00000000        0x0 .\CortexM3\ARM_GCC_541\Debug\Lab_SPI.a(CyBootAsmGnu.o)
 .text          0x00000000        0x0 .\CortexM3\ARM_GCC_541\Debug\Lab_SPI.a(CyFlash.o)
 .data          0x00000000        0x0 .\CortexM3\ARM_GCC_541\Debug\Lab_SPI.a(CyFlash.o)
 .bss           0x00000000        0x0 .\CortexM3\ARM_GCC_541\Debug\Lab_SPI.a(CyFlash.o)
 .text.CySetTempInt
                0x00000000       0x60 .\CortexM3\ARM_GCC_541\Debug\Lab_SPI.a(CyFlash.o)
 .text.CyFlash_Start
                0x00000000       0x54 .\CortexM3\ARM_GCC_541\Debug\Lab_SPI.a(CyFlash.o)
 .text.CyFlash_Stop
                0x00000000       0x24 .\CortexM3\ARM_GCC_541\Debug\Lab_SPI.a(CyFlash.o)
 .text.CyFlash_EraseRow
                0x00000000       0x78 .\CortexM3\ARM_GCC_541\Debug\Lab_SPI.a(CyFlash.o)
 .text.CyFlashGetSpcAlgorithm
                0x00000000       0x4c .\CortexM3\ARM_GCC_541\Debug\Lab_SPI.a(CyFlash.o)
 .text.CySetTemp
                0x00000000       0x14 .\CortexM3\ARM_GCC_541\Debug\Lab_SPI.a(CyFlash.o)
 .text.CySetFlashEEBuffer
                0x00000000       0x20 .\CortexM3\ARM_GCC_541\Debug\Lab_SPI.a(CyFlash.o)
 .text.CyWriteRowFull
                0x00000000       0xf8 .\CortexM3\ARM_GCC_541\Debug\Lab_SPI.a(CyFlash.o)
 .text.CyWriteRowData
                0x00000000       0x14 .\CortexM3\ARM_GCC_541\Debug\Lab_SPI.a(CyFlash.o)
 .text.CyFlash_SetWaitCycles
                0x00000000       0x7c .\CortexM3\ARM_GCC_541\Debug\Lab_SPI.a(CyFlash.o)
 .text.CyEEPROM_Start
                0x00000000       0x54 .\CortexM3\ARM_GCC_541\Debug\Lab_SPI.a(CyFlash.o)
 .text.CyEEPROM_Stop
                0x00000000       0x24 .\CortexM3\ARM_GCC_541\Debug\Lab_SPI.a(CyFlash.o)
 .text.CyEEPROM_ReadReserve
                0x00000000       0x1c .\CortexM3\ARM_GCC_541\Debug\Lab_SPI.a(CyFlash.o)
 .text.CyEEPROM_ReadRelease
                0x00000000       0x10 .\CortexM3\ARM_GCC_541\Debug\Lab_SPI.a(CyFlash.o)
 COMMON         0x00000000        0x2 .\CortexM3\ARM_GCC_541\Debug\Lab_SPI.a(CyFlash.o)
 .text          0x00000000        0x0 .\CortexM3\ARM_GCC_541\Debug\Lab_SPI.a(CySpc.o)
 .data          0x00000000        0x0 .\CortexM3\ARM_GCC_541\Debug\Lab_SPI.a(CySpc.o)
 .bss           0x00000000        0x8 .\CortexM3\ARM_GCC_541\Debug\Lab_SPI.a(CySpc.o)
 .text.CySpcStart
                0x00000000       0x24 .\CortexM3\ARM_GCC_541\Debug\Lab_SPI.a(CySpc.o)
 .text.CySpcStop
                0x00000000       0x24 .\CortexM3\ARM_GCC_541\Debug\Lab_SPI.a(CySpc.o)
 .text.CySpcReadData
                0x00000000       0x34 .\CortexM3\ARM_GCC_541\Debug\Lab_SPI.a(CySpc.o)
 .text.CySpcLoadMultiByte
                0x00000000       0x78 .\CortexM3\ARM_GCC_541\Debug\Lab_SPI.a(CySpc.o)
 .text.CySpcLoadRow
                0x00000000       0x50 .\CortexM3\ARM_GCC_541\Debug\Lab_SPI.a(CySpc.o)
 .text.CySpcLoadRowFull
                0x00000000       0x80 .\CortexM3\ARM_GCC_541\Debug\Lab_SPI.a(CySpc.o)
 .text.CySpcWriteRow
                0x00000000       0x4c .\CortexM3\ARM_GCC_541\Debug\Lab_SPI.a(CySpc.o)
 .text.CySpcEraseSector
                0x00000000       0x3c .\CortexM3\ARM_GCC_541\Debug\Lab_SPI.a(CySpc.o)
 .text.CySpcEraseRow
                0x00000000       0x4c .\CortexM3\ARM_GCC_541\Debug\Lab_SPI.a(CySpc.o)
 .text.CySpcGetTemp
                0x00000000       0x3c .\CortexM3\ARM_GCC_541\Debug\Lab_SPI.a(CySpc.o)
 .text.CySpcLock
                0x00000000       0x4c .\CortexM3\ARM_GCC_541\Debug\Lab_SPI.a(CySpc.o)
 .text.CySpcUnlock
                0x00000000       0x38 .\CortexM3\ARM_GCC_541\Debug\Lab_SPI.a(CySpc.o)
 .text.CySpcGetAlgorithm
                0x00000000       0x28 .\CortexM3\ARM_GCC_541\Debug\Lab_SPI.a(CySpc.o)
 .text          0x00000000        0x0 c:/program files (x86)/cypress/psoc creator/4.3/psoc creator/import/gnu/arm/5.4.1/bin/../lib/gcc/arm-none-eabi/5.4.1/../../../../arm-none-eabi/lib/armv7-m\libg_nano.a(lib_a-errno.o)
 .data          0x00000000        0x0 c:/program files (x86)/cypress/psoc creator/4.3/psoc creator/import/gnu/arm/5.4.1/bin/../lib/gcc/arm-none-eabi/5.4.1/../../../../arm-none-eabi/lib/armv7-m\libg_nano.a(lib_a-errno.o)
 .bss           0x00000000        0x0 c:/program files (x86)/cypress/psoc creator/4.3/psoc creator/import/gnu/arm/5.4.1/bin/../lib/gcc/arm-none-eabi/5.4.1/../../../../arm-none-eabi/lib/armv7-m\libg_nano.a(lib_a-errno.o)
 .text          0x00000000        0x0 c:/program files (x86)/cypress/psoc creator/4.3/psoc creator/import/gnu/arm/5.4.1/bin/../lib/gcc/arm-none-eabi/5.4.1/../../../../arm-none-eabi/lib/armv7-m\libg_nano.a(lib_a-exit.o)
 .data          0x00000000        0x0 c:/program files (x86)/cypress/psoc creator/4.3/psoc creator/import/gnu/arm/5.4.1/bin/../lib/gcc/arm-none-eabi/5.4.1/../../../../arm-none-eabi/lib/armv7-m\libg_nano.a(lib_a-exit.o)
 .bss           0x00000000        0x0 c:/program files (x86)/cypress/psoc creator/4.3/psoc creator/import/gnu/arm/5.4.1/bin/../lib/gcc/arm-none-eabi/5.4.1/../../../../arm-none-eabi/lib/armv7-m\libg_nano.a(lib_a-exit.o)
 .text.exit     0x00000000       0x28 c:/program files (x86)/cypress/psoc creator/4.3/psoc creator/import/gnu/arm/5.4.1/bin/../lib/gcc/arm-none-eabi/5.4.1/../../../../arm-none-eabi/lib/armv7-m\libg_nano.a(lib_a-exit.o)
 .text          0x00000000        0x0 c:/program files (x86)/cypress/psoc creator/4.3/psoc creator/import/gnu/arm/5.4.1/bin/../lib/gcc/arm-none-eabi/5.4.1/../../../../arm-none-eabi/lib/armv7-m\libg_nano.a(lib_a-impure.o)
 .data          0x00000000        0x0 c:/program files (x86)/cypress/psoc creator/4.3/psoc creator/import/gnu/arm/5.4.1/bin/../lib/gcc/arm-none-eabi/5.4.1/../../../../arm-none-eabi/lib/armv7-m\libg_nano.a(lib_a-impure.o)
 .bss           0x00000000        0x0 c:/program files (x86)/cypress/psoc creator/4.3/psoc creator/import/gnu/arm/5.4.1/bin/../lib/gcc/arm-none-eabi/5.4.1/../../../../arm-none-eabi/lib/armv7-m\libg_nano.a(lib_a-impure.o)
 .rodata._global_impure_ptr
                0x00000000        0x4 c:/program files (x86)/cypress/psoc creator/4.3/psoc creator/import/gnu/arm/5.4.1/bin/../lib/gcc/arm-none-eabi/5.4.1/../../../../arm-none-eabi/lib/armv7-m\libg_nano.a(lib_a-impure.o)
 .text          0x00000000        0x0 c:/program files (x86)/cypress/psoc creator/4.3/psoc creator/import/gnu/arm/5.4.1/bin/../lib/gcc/arm-none-eabi/5.4.1/../../../../arm-none-eabi/lib/armv7-m\libg_nano.a(lib_a-init.o)
 .data          0x00000000        0x0 c:/program files (x86)/cypress/psoc creator/4.3/psoc creator/import/gnu/arm/5.4.1/bin/../lib/gcc/arm-none-eabi/5.4.1/../../../../arm-none-eabi/lib/armv7-m\libg_nano.a(lib_a-init.o)
 .bss           0x00000000        0x0 c:/program files (x86)/cypress/psoc creator/4.3/psoc creator/import/gnu/arm/5.4.1/bin/../lib/gcc/arm-none-eabi/5.4.1/../../../../arm-none-eabi/lib/armv7-m\libg_nano.a(lib_a-init.o)
 .text          0x00000000        0x0 c:/program files (x86)/cypress/psoc creator/4.3/psoc creator/import/gnu/arm/5.4.1/bin/../lib/gcc/arm-none-eabi/5.4.1/../../../../arm-none-eabi/lib/armv7-m\libg_nano.a(lib_a-memcpy-stub.o)
 .data          0x00000000        0x0 c:/program files (x86)/cypress/psoc creator/4.3/psoc creator/import/gnu/arm/5.4.1/bin/../lib/gcc/arm-none-eabi/5.4.1/../../../../arm-none-eabi/lib/armv7-m\libg_nano.a(lib_a-memcpy-stub.o)
 .bss           0x00000000        0x0 c:/program files (x86)/cypress/psoc creator/4.3/psoc creator/import/gnu/arm/5.4.1/bin/../lib/gcc/arm-none-eabi/5.4.1/../../../../arm-none-eabi/lib/armv7-m\libg_nano.a(lib_a-memcpy-stub.o)
 .text          0x00000000        0x0 c:/program files (x86)/cypress/psoc creator/4.3/psoc creator/import/gnu/arm/5.4.1/bin/../lib/gcc/arm-none-eabi/5.4.1/../../../../arm-none-eabi/lib/armv7-m\libg_nano.a(lib_a-memset.o)
 .data          0x00000000        0x0 c:/program files (x86)/cypress/psoc creator/4.3/psoc creator/import/gnu/arm/5.4.1/bin/../lib/gcc/arm-none-eabi/5.4.1/../../../../arm-none-eabi/lib/armv7-m\libg_nano.a(lib_a-memset.o)
 .bss           0x00000000        0x0 c:/program files (x86)/cypress/psoc creator/4.3/psoc creator/import/gnu/arm/5.4.1/bin/../lib/gcc/arm-none-eabi/5.4.1/../../../../arm-none-eabi/lib/armv7-m\libg_nano.a(lib_a-memset.o)
 .text          0x00000000        0x0 c:/program files (x86)/cypress/psoc creator/4.3/psoc creator/import/gnu/arm/5.4.1/bin/../lib/gcc/arm-none-eabi/5.4.1/armv7-m/crtend.o
 .data          0x00000000        0x0 c:/program files (x86)/cypress/psoc creator/4.3/psoc creator/import/gnu/arm/5.4.1/bin/../lib/gcc/arm-none-eabi/5.4.1/armv7-m/crtend.o
 .bss           0x00000000        0x0 c:/program files (x86)/cypress/psoc creator/4.3/psoc creator/import/gnu/arm/5.4.1/bin/../lib/gcc/arm-none-eabi/5.4.1/armv7-m/crtend.o
 .text          0x00000000        0x0 c:/program files (x86)/cypress/psoc creator/4.3/psoc creator/import/gnu/arm/5.4.1/bin/../lib/gcc/arm-none-eabi/5.4.1/armv7-m/crtn.o
 .data          0x00000000        0x0 c:/program files (x86)/cypress/psoc creator/4.3/psoc creator/import/gnu/arm/5.4.1/bin/../lib/gcc/arm-none-eabi/5.4.1/armv7-m/crtn.o
 .bss           0x00000000        0x0 c:/program files (x86)/cypress/psoc creator/4.3/psoc creator/import/gnu/arm/5.4.1/bin/../lib/gcc/arm-none-eabi/5.4.1/armv7-m/crtn.o

Memory Configuration

Name             Origin             Length             Attributes
rom              0x00000000         0x00040000         xr
ram              0x1fff8000         0x00010000         xrw
*default*        0x00000000         0xffffffff

Linker script and memory map

LOAD c:/program files (x86)/cypress/psoc creator/4.3/psoc creator/import/gnu/arm/5.4.1/bin/../lib/gcc/arm-none-eabi/5.4.1/armv7-m/crti.o
LOAD c:/program files (x86)/cypress/psoc creator/4.3/psoc creator/import/gnu/arm/5.4.1/bin/../lib/gcc/arm-none-eabi/5.4.1/armv7-m/crtbegin.o
LOAD c:/program files (x86)/cypress/psoc creator/4.3/psoc creator/import/gnu/arm/5.4.1/bin/../lib/gcc/arm-none-eabi/5.4.1/../../../../arm-none-eabi/lib/armv7-m/crt0.o
START GROUP
LOAD .\CortexM3\ARM_GCC_541\Debug\main.o
LOAD .\CortexM3\ARM_GCC_541\Debug\SPI_handler.o
LOAD .\CortexM3\ARM_GCC_541\Debug\cyfitter_cfg.o
LOAD .\CortexM3\ARM_GCC_541\Debug\cymetadata.o
LOAD .\CortexM3\ARM_GCC_541\Debug\Cm3Start.o
LOAD .\CortexM3\ARM_GCC_541\Debug\Lab_SPI.a
LOAD C:\Program Files (x86)\Cypress\PSoC Creator\4.3\PSoC Creator\psoc\content\cycomponentlibrary\CyComponentLibrary.cylib\CortexM3\ARM_GCC_541\Debug\CyComponentLibrary.a
END GROUP
START GROUP
LOAD c:/program files (x86)/cypress/psoc creator/4.3/psoc creator/import/gnu/arm/5.4.1/bin/../lib/gcc/arm-none-eabi/5.4.1/armv7-m\libgcc.a
LOAD c:/program files (x86)/cypress/psoc creator/4.3/psoc creator/import/gnu/arm/5.4.1/bin/../lib/gcc/arm-none-eabi/5.4.1/../../../../arm-none-eabi/lib/armv7-m\libg_nano.a
LOAD c:/program files (x86)/cypress/psoc creator/4.3/psoc creator/import/gnu/arm/5.4.1/bin/../lib/gcc/arm-none-eabi/5.4.1/../../../../arm-none-eabi/lib/armv7-m\libc_nano.a
END GROUP
START GROUP
LOAD c:/program files (x86)/cypress/psoc creator/4.3/psoc creator/import/gnu/arm/5.4.1/bin/../lib/gcc/arm-none-eabi/5.4.1/armv7-m\libgcc.a
LOAD c:/program files (x86)/cypress/psoc creator/4.3/psoc creator/import/gnu/arm/5.4.1/bin/../lib/gcc/arm-none-eabi/5.4.1/../../../../arm-none-eabi/lib/armv7-m\libc_nano.a
END GROUP
LOAD c:/program files (x86)/cypress/psoc creator/4.3/psoc creator/import/gnu/arm/5.4.1/bin/../lib/gcc/arm-none-eabi/5.4.1/armv7-m/crtend.o
LOAD c:/program files (x86)/cypress/psoc creator/4.3/psoc creator/import/gnu/arm/5.4.1/bin/../lib/gcc/arm-none-eabi/5.4.1/armv7-m/crtn.o
START GROUP
LOAD c:/program files (x86)/cypress/psoc creator/4.3/psoc creator/import/gnu/arm/5.4.1/bin/../lib/gcc/arm-none-eabi/5.4.1/armv7-m\libgcc.a
LOAD c:/program files (x86)/cypress/psoc creator/4.3/psoc creator/import/gnu/arm/5.4.1/bin/../lib/gcc/arm-none-eabi/5.4.1/../../../../arm-none-eabi/lib/armv7-m\libc.a
LOAD c:/program files (x86)/cypress/psoc creator/4.3/psoc creator/import/gnu/arm/5.4.1/bin/../lib/gcc/arm-none-eabi/5.4.1/../../../../arm-none-eabi/lib/armv7-m\libnosys.a
END GROUP
                0x00000000                CY_APPL_ORIGIN = 0x0
                0x00000100                CY_FLASH_ROW_SIZE = 0x100
                0x00000020                CY_ECC_ROW_SIZE = 0x20
                0x00000000                CY_EE_IN_BTLDR = 0x0
                0x00000000                CY_APPL_LOADABLE = 0x0
                0x00000800                CY_EE_SIZE = 0x800
                0x00000001                CY_APPL_NUM = 0x1
                0x00000001                CY_APPL_MAX = 0x1
                0x00000040                CY_METADATA_SIZE = 0x40
                0x00000000                CY_APPL_LOADABLE = 0x0
                0x00000000                CY_CHECKSUM_EXCLUDE_SIZE = ALIGN (0x0, CY_FLASH_ROW_SIZE)
                [!provide]                PROVIDE (__cy_heap_start, _end)
                0x00000001                PROVIDE (__cy_region_num, ((__cy_regions_end - __cy_regions) / 0x10))
                0x20008000                PROVIDE (__cy_stack, (ORIGIN (ram) + LENGTH (ram)))
                [!provide]                PROVIDE (__cy_heap_end, (__cy_stack - 0x800))

.cybootloader   0x00000000        0x0
 *(.cybootloader)
                0x00000000                appl1_start = CY_APPL_ORIGIN?CY_APPL_ORIGIN:ALIGN (CY_FLASH_ROW_SIZE)
                0x0001ff00                appl2_start = (appl1_start + ALIGN ((((LENGTH (rom) - appl1_start) - (0x2 * CY_FLASH_ROW_SIZE)) / 0x2), CY_FLASH_ROW_SIZE))
                0x00000000                appl_start = (CY_APPL_NUM == 0x1)?appl1_start:appl2_start
                0x00000000                ecc_offset = ((appl_start / CY_FLASH_ROW_SIZE) * CY_ECC_ROW_SIZE)
                0x00000000                ee_offset = (CY_APPL_LOADABLE && ! (CY_EE_IN_BTLDR))?((CY_EE_SIZE / CY_APPL_MAX) * (CY_APPL_NUM - 0x1)):0x0
                0x00000800                ee_size = (CY_APPL_LOADABLE && ! (CY_EE_IN_BTLDR))?(CY_EE_SIZE / CY_APPL_MAX):CY_EE_SIZE
                [!provide]                PROVIDE (CY_ECC_OFFSET, ecc_offset)

.text           0x00000000      0x7a6
 CREATE_OBJECT_SYMBOLS
                0x00000000                PROVIDE (__cy_interrupt_vector, RomVectors)
 *(.romvectors)
 .romvectors    0x00000000       0x10 .\CortexM3\ARM_GCC_541\Debug\Cm3Start.o
                0x00000000                RomVectors
                0x00000001                ASSERT ((. != __cy_interrupt_vector), No interrupt vector)
                0x00000001                ASSERT (CY_APPL_ORIGIN?(SIZEOF (.cybootloader) <= CY_APPL_ORIGIN):0x1, Wrong image location)
                0x00000010                PROVIDE (__cy_reset, Reset)
 *(.text.Reset)
 .text.Reset    0x00000010       0x18 .\CortexM3\ARM_GCC_541\Debug\Cm3Start.o
                0x00000010                Reset
                0x00000001                ASSERT ((. != __cy_reset), No reset code)
 *(.dma_init)
                0x00000001                ASSERT ((((appl_start + .) <= 0x10000) || 0x1), DMA Init must be within the first 64k of flash)
 *(.text .text.* .gnu.linkonce.t.*)
 .text          0x00000028       0x5c c:/program files (x86)/cypress/psoc creator/4.3/psoc creator/import/gnu/arm/5.4.1/bin/../lib/gcc/arm-none-eabi/5.4.1/armv7-m/crtbegin.o
 .text.ISR_UART_rx_handler
                0x00000084       0x24 .\CortexM3\ARM_GCC_541\Debug\main.o
                0x00000084                ISR_UART_rx_handler
 .text.SPI_rx_handler
                0x000000a8       0x1c .\CortexM3\ARM_GCC_541\Debug\main.o
                0x000000a8                SPI_rx_handler
 .text.main     0x000000c4       0x28 .\CortexM3\ARM_GCC_541\Debug\main.o
                0x000000c4                main
 .text.SPIM_handleByteReceived
                0x000000ec       0x20 .\CortexM3\ARM_GCC_541\Debug\SPI_handler.o
                0x000000ec                SPIM_handleByteReceived
 .text.CyClockStartupError
                0x0000010c        0x4 .\CortexM3\ARM_GCC_541\Debug\cyfitter_cfg.o
 .text.cfg_write_bytes32
                0x00000110       0x34 .\CortexM3\ARM_GCC_541\Debug\cyfitter_cfg.o
 .text.AnalogSetDefault
                0x00000144       0x28 .\CortexM3\ARM_GCC_541\Debug\cyfitter_cfg.o
 .text.CYMEMZERO
                0x0000016c        0xc .\CortexM3\ARM_GCC_541\Debug\cyfitter_cfg.o
 .text.ClockSetup
                0x00000178       0xc8 .\CortexM3\ARM_GCC_541\Debug\cyfitter_cfg.o
 .text.CYCONFIGCPY
                0x00000240        0x8 .\CortexM3\ARM_GCC_541\Debug\cyfitter_cfg.o
 .text.cyfitter_cfg
                0x00000248      0x110 .\CortexM3\ARM_GCC_541\Debug\cyfitter_cfg.o
                0x00000248                cyfitter_cfg
 .text.IntDefaultHandler
                0x00000358       0x10 .\CortexM3\ARM_GCC_541\Debug\Cm3Start.o
                0x00000358                IntDefaultHandler
 .text.Start_c  0x00000368       0x4c .\CortexM3\ARM_GCC_541\Debug\Cm3Start.o
                0x00000368                Start_c
 .text.initialize_psoc
                0x000003b4       0x68 .\CortexM3\ARM_GCC_541\Debug\Cm3Start.o
                0x000003b4                initialize_psoc
 .text.UART_1_Init
                0x0000041c       0x24 .\CortexM3\ARM_GCC_541\Debug\Lab_SPI.a(UART_1.o)
                0x0000041c                UART_1_Init
 .text.UART_1_Enable
                0x00000440       0x38 .\CortexM3\ARM_GCC_541\Debug\Lab_SPI.a(UART_1.o)
                0x00000440                UART_1_Enable
 .text.UART_1_Start
                0x00000478       0x1c .\CortexM3\ARM_GCC_541\Debug\Lab_SPI.a(UART_1.o)
                0x00000478                UART_1_Start
 .text.UART_1_ReadRxData
                0x00000494        0xc .\CortexM3\ARM_GCC_541\Debug\Lab_SPI.a(UART_1.o)
                0x00000494                UART_1_ReadRxData
 .text.UART_1_GetRxBufferSize
                0x000004a0       0x18 .\CortexM3\ARM_GCC_541\Debug\Lab_SPI.a(UART_1.o)
                0x000004a0                UART_1_GetRxBufferSize
 .text.UART_1_WriteTxData
                0x000004b8       0x14 .\CortexM3\ARM_GCC_541\Debug\Lab_SPI.a(UART_1.o)
                0x000004b8                UART_1_WriteTxData
 .text.UART_1_PutChar
                0x000004cc       0x18 .\CortexM3\ARM_GCC_541\Debug\Lab_SPI.a(UART_1.o)
                0x000004cc                UART_1_PutChar
 .text.UART_1_PutString
                0x000004e4       0x24 .\CortexM3\ARM_GCC_541\Debug\Lab_SPI.a(UART_1.o)
                0x000004e4                UART_1_PutString
 .text.SPIM_1_Enable
                0x00000508       0x34 .\CortexM3\ARM_GCC_541\Debug\Lab_SPI.a(SPIM_1.o)
                0x00000508                SPIM_1_Enable
 .text.SPIM_1_ReadTxStatus
                0x0000053c        0xc .\CortexM3\ARM_GCC_541\Debug\Lab_SPI.a(SPIM_1.o)
                0x0000053c                SPIM_1_ReadTxStatus
 .text.SPIM_1_ReadRxStatus
                0x00000548        0xc .\CortexM3\ARM_GCC_541\Debug\Lab_SPI.a(SPIM_1.o)
                0x00000548                SPIM_1_ReadRxStatus
 .text.SPIM_1_WriteTxData
                0x00000554       0x18 .\CortexM3\ARM_GCC_541\Debug\Lab_SPI.a(SPIM_1.o)
                0x00000554                SPIM_1_WriteTxData
 .text.SPIM_1_ReadRxData
                0x0000056c        0xc .\CortexM3\ARM_GCC_541\Debug\Lab_SPI.a(SPIM_1.o)
                0x0000056c                SPIM_1_ReadRxData
 .text.SPIM_1_GetRxBufferSize
                0x00000578       0x18 .\CortexM3\ARM_GCC_541\Debug\Lab_SPI.a(SPIM_1.o)
                0x00000578                SPIM_1_GetRxBufferSize
 .text.SPIM_1_ClearRxBuffer
                0x00000590       0x1c .\CortexM3\ARM_GCC_541\Debug\Lab_SPI.a(SPIM_1.o)
                0x00000590                SPIM_1_ClearRxBuffer
 .text.SPIM_1_ClearFIFO
                0x000005ac       0x3c .\CortexM3\ARM_GCC_541\Debug\Lab_SPI.a(SPIM_1.o)
                0x000005ac                SPIM_1_ClearFIFO
 .text.SPIM_1_Init
                0x000005e8       0x2c .\CortexM3\ARM_GCC_541\Debug\Lab_SPI.a(SPIM_1.o)
                0x000005e8                SPIM_1_Init
 .text.SPIM_1_Start
                0x00000614       0x1c .\CortexM3\ARM_GCC_541\Debug\Lab_SPI.a(SPIM_1.o)
                0x00000614                SPIM_1_Start
 .text.UART_1_IntClock_Start
                0x00000630       0x1c .\CortexM3\ARM_GCC_541\Debug\Lab_SPI.a(UART_1_IntClock.o)
                0x00000630                UART_1_IntClock_Start
 .text.SPIM_1_IntClock_Start
                0x0000064c       0x1c .\CortexM3\ARM_GCC_541\Debug\Lab_SPI.a(SPIM_1_IntClock.o)
                0x0000064c                SPIM_1_IntClock_Start
 .text.isruart_SetVector
                0x00000668        0xc .\CortexM3\ARM_GCC_541\Debug\Lab_SPI.a(isruart.o)
                0x00000668                isruart_SetVector
 .text.isruart_SetPriority
                0x00000674       0x10 .\CortexM3\ARM_GCC_541\Debug\Lab_SPI.a(isruart.o)
                0x00000674                isruart_SetPriority
 .text.isruart_Enable
                0x00000684        0xc .\CortexM3\ARM_GCC_541\Debug\Lab_SPI.a(isruart.o)
                0x00000684                isruart_Enable
 .text.isruart_Disable
                0x00000690        0xc .\CortexM3\ARM_GCC_541\Debug\Lab_SPI.a(isruart.o)
                0x00000690                isruart_Disable
 .text.isruart_StartEx
                0x0000069c       0x1c .\CortexM3\ARM_GCC_541\Debug\Lab_SPI.a(isruart.o)
                0x0000069c                isruart_StartEx
 .text.isrspim_SetVector
                0x000006b8        0xc .\CortexM3\ARM_GCC_541\Debug\Lab_SPI.a(isrspim.o)
                0x000006b8                isrspim_SetVector
 .text.isrspim_SetPriority
                0x000006c4       0x10 .\CortexM3\ARM_GCC_541\Debug\Lab_SPI.a(isrspim.o)
                0x000006c4                isrspim_SetPriority
 .text.isrspim_Enable
                0x000006d4        0xc .\CortexM3\ARM_GCC_541\Debug\Lab_SPI.a(isrspim.o)
                0x000006d4                isrspim_Enable
 .text.isrspim_Disable
                0x000006e0        0xc .\CortexM3\ARM_GCC_541\Debug\Lab_SPI.a(isrspim.o)
                0x000006e0                isrspim_Disable
 .text.isrspim_StartEx
                0x000006ec       0x1c .\CortexM3\ARM_GCC_541\Debug\Lab_SPI.a(isrspim.o)
                0x000006ec                isrspim_StartEx
 .text          0x00000708       0x20 .\CortexM3\ARM_GCC_541\Debug\Lab_SPI.a(CyBootAsmGnu.o)
                0x00000708                CyDelayCycles
                0x00000718                CyEnterCriticalSection
                0x00000720                CyExitCriticalSection
 .text.__errno  0x00000728        0xc c:/program files (x86)/cypress/psoc creator/4.3/psoc creator/import/gnu/arm/5.4.1/bin/../lib/gcc/arm-none-eabi/5.4.1/../../../../arm-none-eabi/lib/armv7-m\libg_nano.a(lib_a-errno.o)
                0x00000728                __errno
 .text.__libc_init_array
                0x00000734       0x4c c:/program files (x86)/cypress/psoc creator/4.3/psoc creator/import/gnu/arm/5.4.1/bin/../lib/gcc/arm-none-eabi/5.4.1/../../../../arm-none-eabi/lib/armv7-m\libg_nano.a(lib_a-init.o)
                0x00000734                __libc_init_array
 .text.memcpy   0x00000780       0x16 c:/program files (x86)/cypress/psoc creator/4.3/psoc creator/import/gnu/arm/5.4.1/bin/../lib/gcc/arm-none-eabi/5.4.1/../../../../arm-none-eabi/lib/armv7-m\libg_nano.a(lib_a-memcpy-stub.o)
                0x00000780                memcpy
 .text.memset   0x00000796       0x10 c:/program files (x86)/cypress/psoc creator/4.3/psoc creator/import/gnu/arm/5.4.1/bin/../lib/gcc/arm-none-eabi/5.4.1/../../../../arm-none-eabi/lib/armv7-m\libg_nano.a(lib_a-memset.o)
                0x00000796                memset
 *(.plt)
 *(.gnu.warning)
 *(.glue_7t)
 .glue_7t       0x000007a6        0x0 linker stubs
 *(.glue_7)
 .glue_7        0x000007a6        0x0 linker stubs
 *(.vfp11_veneer)
 .vfp11_veneer  0x000007a6        0x0 linker stubs
 *(.bootloader)
 *(.ARM.extab* .gnu.linkonce.armextab.*)
 *(.gcc_except_table)

.v4_bx          0x000007a8        0x0
 .v4_bx         0x000007a8        0x0 linker stubs

.iplt           0x000007a8        0x0
 .iplt          0x000007a8        0x0 c:/program files (x86)/cypress/psoc creator/4.3/psoc creator/import/gnu/arm/5.4.1/bin/../lib/gcc/arm-none-eabi/5.4.1/armv7-m/crtbegin.o

.eh_frame_hdr
 *(.eh_frame_hdr)

.eh_frame       0x000007a8        0x4
 *(.eh_frame)
 .eh_frame      0x000007a8        0x0 c:/program files (x86)/cypress/psoc creator/4.3/psoc creator/import/gnu/arm/5.4.1/bin/../lib/gcc/arm-none-eabi/5.4.1/armv7-m/crtbegin.o
 .eh_frame      0x000007a8        0x4 c:/program files (x86)/cypress/psoc creator/4.3/psoc creator/import/gnu/arm/5.4.1/bin/../lib/gcc/arm-none-eabi/5.4.1/armv7-m/crtend.o
                [!provide]                PROVIDE (__exidx_start, .)

.ARM.exidx
 *(.ARM.exidx* .gnu.linkonce.armexidx.*)
                0x000007ac                __exidx_end = .

.rodata         0x000007ac       0xac
 *(.rodata .rodata.* .gnu.linkonce.r.*)
 .rodata.str1.4
                0x000007ac       0x30 .\CortexM3\ARM_GCC_541\Debug\SPI_handler.o
 .rodata        0x000007dc       0x42 .\CortexM3\ARM_GCC_541\Debug\cyfitter_cfg.o
 .rodata.str1.1
                0x0000081e        0x2 c:/program files (x86)/cypress/psoc creator/4.3/psoc creator/import/gnu/arm/5.4.1/bin/../lib/gcc/arm-none-eabi/5.4.1/../../../../arm-none-eabi/lib/armv7-m\libg_nano.a(lib_a-impure.o)
                0x00000820                . = ALIGN (0x4)
 *(.init)
 .init          0x00000820        0x4 c:/program files (x86)/cypress/psoc creator/4.3/psoc creator/import/gnu/arm/5.4.1/bin/../lib/gcc/arm-none-eabi/5.4.1/armv7-m/crti.o
                0x00000820                _init
 .init          0x00000824        0x8 c:/program files (x86)/cypress/psoc creator/4.3/psoc creator/import/gnu/arm/5.4.1/bin/../lib/gcc/arm-none-eabi/5.4.1/armv7-m/crtn.o
                0x0000082c                . = ALIGN (0x4)
                0x0000082c                __preinit_array_start = .
 *(.preinit_array)
                0x0000082c                __preinit_array_end = .
                0x0000082c                . = ALIGN (0x4)
                0x0000082c                __init_array_start = .
 *(SORT(.init_array.*))
 *(.init_array)
 .init_array    0x0000082c        0x4 c:/program files (x86)/cypress/psoc creator/4.3/psoc creator/import/gnu/arm/5.4.1/bin/../lib/gcc/arm-none-eabi/5.4.1/armv7-m/crtbegin.o
 .init_array    0x00000830        0x4 .\CortexM3\ARM_GCC_541\Debug\Cm3Start.o
                0x00000834                __init_array_end = .
                0x00000834                . = ALIGN (0x4)
 *(.fini)
 .fini          0x00000834        0x4 c:/program files (x86)/cypress/psoc creator/4.3/psoc creator/import/gnu/arm/5.4.1/bin/../lib/gcc/arm-none-eabi/5.4.1/armv7-m/crti.o
                0x00000834                _fini
 .fini          0x00000838        0x8 c:/program files (x86)/cypress/psoc creator/4.3/psoc creator/import/gnu/arm/5.4.1/bin/../lib/gcc/arm-none-eabi/5.4.1/armv7-m/crtn.o
                0x00000840                . = ALIGN (0x4)
                0x00000840                __fini_array_start = .
 *(.fini_array)
 .fini_array    0x00000840        0x4 c:/program files (x86)/cypress/psoc creator/4.3/psoc creator/import/gnu/arm/5.4.1/bin/../lib/gcc/arm-none-eabi/5.4.1/armv7-m/crtbegin.o
 *(SORT(.fini_array.*))
                0x00000844                __fini_array_end = .
                0x00000844                . = ALIGN (0x4)
 *crtbegin.o(.ctors)
 *(EXCLUDE_FILE(*crtend.o) .ctors)
 *(SORT(.ctors.*))
 *crtend.o(.ctors)
                0x00000844                . = ALIGN (0x4)
 *crtbegin.o(.dtors)
 *(EXCLUDE_FILE(*crtend.o) .dtors)
 *(SORT(.dtors.*))
 *crtend.o(.dtors)
                0x00000844                . = ALIGN (0x4)
                0x00000844                __cy_regions = .
                0x00000844        0x4 LONG 0x858 __cy_region_init_ram
                0x00000848        0x4 LONG 0x1fff80c8 __cy_region_start_data
                0x0000084c        0x4 LONG 0x68 __cy_region_init_size_ram
                0x00000850        0x4 LONG 0x20 __cy_region_zero_size_ram
                0x00000854                __cy_regions_end = .
                0x00000858                . = ALIGN (0x8)
 *fill*         0x00000854        0x4 
                0x00000858                _etext = .

.cy_checksum_exclude
                0x00000858        0x0
 *(.cy_checksum_exclude)

.ramvectors     0x1fff8000       0xc0
                0x1fff8000                __cy_region_start_ram = .
 *(.ramvectors)
 .ramvectors    0x1fff8000       0xc0 .\CortexM3\ARM_GCC_541\Debug\Cm3Start.o
                0x1fff8000                CyRamVectors

.noinit         0x1fff80c0        0x1
 *(.noinit)
 .noinit        0x1fff80c0        0x1 .\CortexM3\ARM_GCC_541\Debug\Lab_SPI.a(CyLib.o)
                0x1fff80c0                CyResetStatus

.data           0x1fff80c8       0x68 load address 0x00000858
                0x1fff80c8                __cy_region_start_data = .
 *(.jcr)
 .jcr           0x1fff80c8        0x0 c:/program files (x86)/cypress/psoc creator/4.3/psoc creator/import/gnu/arm/5.4.1/bin/../lib/gcc/arm-none-eabi/5.4.1/armv7-m/crtbegin.o
 .jcr           0x1fff80c8        0x4 c:/program files (x86)/cypress/psoc creator/4.3/psoc creator/import/gnu/arm/5.4.1/bin/../lib/gcc/arm-none-eabi/5.4.1/armv7-m/crtend.o
 *(.got.plt)
 *(.got)
 *(.shdata)
 *(.data .data.* .gnu.linkonce.d.*)
 .data.impure_data
                0x1fff80cc       0x60 c:/program files (x86)/cypress/psoc creator/4.3/psoc creator/import/gnu/arm/5.4.1/bin/../lib/gcc/arm-none-eabi/5.4.1/../../../../arm-none-eabi/lib/armv7-m\libg_nano.a(lib_a-impure.o)
 .data._impure_ptr
                0x1fff812c        0x4 c:/program files (x86)/cypress/psoc creator/4.3/psoc creator/import/gnu/arm/5.4.1/bin/../lib/gcc/arm-none-eabi/5.4.1/../../../../arm-none-eabi/lib/armv7-m\libg_nano.a(lib_a-impure.o)
                0x1fff812c                _impure_ptr
                0x1fff8130                . = ALIGN (0x8)
 *(.ram)
                0x1fff8130                _edata = .

.igot.plt       0x1fff8130        0x0 load address 0x000008c0
 .igot.plt      0x1fff8130        0x0 c:/program files (x86)/cypress/psoc creator/4.3/psoc creator/import/gnu/arm/5.4.1/bin/../lib/gcc/arm-none-eabi/5.4.1/armv7-m/crtbegin.o

.bss            0x1fff8130       0x20 load address 0x000008c0
                0x1fff8130                PROVIDE (__bss_start__, .)
 *(.shbss)
 *(.bss .bss.* .gnu.linkonce.b.*)
 .bss           0x1fff8130       0x1c c:/program files (x86)/cypress/psoc creator/4.3/psoc creator/import/gnu/arm/5.4.1/bin/../lib/gcc/arm-none-eabi/5.4.1/armv7-m/crtbegin.o
 .bss           0x1fff814c        0x2 .\CortexM3\ARM_GCC_541\Debug\Lab_SPI.a(UART_1.o)
                0x1fff814c                UART_1_initVar
 .bss           0x1fff814e        0x1 .\CortexM3\ARM_GCC_541\Debug\Lab_SPI.a(SPIM_1.o)
                0x1fff814e                SPIM_1_initVar
 *(COMMON)
                0x1fff8150                . = ALIGN (0x8)
 *fill*         0x1fff814f        0x1 
 *(.ram.b)
                0x1fff8150                _end = .
                0x1fff8150                __end = .
                0x1fff8150                PROVIDE (end, .)
                0x1fff8150                PROVIDE (__bss_end__, .)
                0x00000858                __cy_region_init_ram = LOADADDR (.data)
                0x00000068                __cy_region_init_size_ram = (_edata - ADDR (.data))
                0x00000020                __cy_region_zero_size_ram = (_end - _edata)

.heap           0x1fff8150       0x80 load address 0x000008c0
                0x1fff8150                . = _end
                0x1fff81d0                . = (. + 0x80)
 *fill*         0x1fff8150       0x80 
                0x1fff81d0                __cy_heap_limit = .

.stack          0x20007800      0x800
                0x20007800                __cy_stack_limit = .
                0x20008000                . = (. + 0x800)
 *fill*         0x20007800      0x800 
                0x00000001                ASSERT ((__cy_stack_limit >= __cy_heap_limit), region RAM overflowed with stack)
                0x00000000                cy_checksum_exclude_size = (CY_APPL_LOADABLE == 0x1)?SIZEOF (.cy_checksum_exclude):0x0
                0x00000001                ASSERT ((cy_checksum_exclude_size <= CY_CHECKSUM_EXCLUDE_SIZE), CY_BOOT: Section .cy_checksum_exclude size exceedes specified limit.)

.cyloadermeta
 *(.cyloadermeta)

.cyloadablemeta
 *(.cyloadablemeta)

.cyconfigecc    0x80000000      0x58c
 *(.cyconfigecc)
 .cyconfigecc   0x80000000      0x58c .\CortexM3\ARM_GCC_541\Debug\cymetadata.o
                0x80000000                cy_meta_configecc

.cycustnvl      0x90000000        0x4
 *(.cycustnvl)
 .cycustnvl     0x90000000        0x4 .\CortexM3\ARM_GCC_541\Debug\cymetadata.o
                0x90000000                cy_meta_custnvl

.cywolatch      0x90100000        0x4
 *(.cywolatch)
 .cywolatch     0x90100000        0x4 .\CortexM3\ARM_GCC_541\Debug\cymetadata.o
                0x90100000                cy_meta_wonvl

.cyeeprom       0x90200000        0x0
 *(.cyeeprom)
                0x00000001                ASSERT ((. <= ((0x90200000 + ee_offset) + ee_size)), .cyeeprom data will not fit in EEPROM)

.cyflashprotect
                0x90400000      0x100
 *(.cyflashprotect)
 .cyflashprotect
                0x90400000      0x100 .\CortexM3\ARM_GCC_541\Debug\cymetadata.o
                0x90400000                cy_meta_flashprotect

.cymeta         0x90500000        0xc
 *(.cymeta)
 .cymeta        0x90500000        0xc .\CortexM3\ARM_GCC_541\Debug\cymetadata.o
                0x90500000                cy_metadata

.rel.dyn        0x000008c0        0x0 load address 0x9050000c
 .rel.iplt      0x000008c0        0x0 c:/program files (x86)/cypress/psoc creator/4.3/psoc creator/import/gnu/arm/5.4.1/bin/../lib/gcc/arm-none-eabi/5.4.1/armv7-m/crtbegin.o

.stab
 *(.stab)

.stabstr
 *(.stabstr)

.debug
 *(.debug)

.line
 *(.line)

.debug_srcinfo
 *(.debug_srcinfo)

.debug_sfnames
 *(.debug_sfnames)

.debug_aranges  0x00000000      0x910
 *(.debug_aranges)
 .debug_aranges
                0x00000000       0x30 .\CortexM3\ARM_GCC_541\Debug\main.o
 .debug_aranges
                0x00000030       0x20 .\CortexM3\ARM_GCC_541\Debug\SPI_handler.o
 .debug_aranges
                0x00000050       0x58 .\CortexM3\ARM_GCC_541\Debug\cyfitter_cfg.o
 .debug_aranges
                0x000000a8       0x18 .\CortexM3\ARM_GCC_541\Debug\cymetadata.o
 .debug_aranges
                0x000000c0       0x48 .\CortexM3\ARM_GCC_541\Debug\Cm3Start.o
 .debug_aranges
                0x00000108       0xf0 .\CortexM3\ARM_GCC_541\Debug\Lab_SPI.a(UART_1.o)
 .debug_aranges
                0x000001f8       0xd8 .\CortexM3\ARM_GCC_541\Debug\Lab_SPI.a(SPIM_1.o)
 .debug_aranges
                0x000002d0       0x70 .\CortexM3\ARM_GCC_541\Debug\Lab_SPI.a(UART_1_IntClock.o)
 .debug_aranges
                0x00000340       0x70 .\CortexM3\ARM_GCC_541\Debug\Lab_SPI.a(SPIM_1_IntClock.o)
 .debug_aranges
                0x000003b0      0x2a0 .\CortexM3\ARM_GCC_541\Debug\Lab_SPI.a(CyLib.o)
 .debug_aranges
                0x00000650       0x98 .\CortexM3\ARM_GCC_541\Debug\Lab_SPI.a(cyPm.o)
 .debug_aranges
                0x000006e8       0x80 .\CortexM3\ARM_GCC_541\Debug\Lab_SPI.a(isruart.o)
 .debug_aranges
                0x00000768       0x80 .\CortexM3\ARM_GCC_541\Debug\Lab_SPI.a(isrspim.o)
 .debug_aranges
                0x000007e8       0x20 .\CortexM3\ARM_GCC_541\Debug\Lab_SPI.a(CyBootAsmGnu.o)
 .debug_aranges
                0x00000808       0x88 .\CortexM3\ARM_GCC_541\Debug\Lab_SPI.a(CyFlash.o)
 .debug_aranges
                0x00000890       0x80 .\CortexM3\ARM_GCC_541\Debug\Lab_SPI.a(CySpc.o)

.debug_pubnames
 *(.debug_pubnames)

.debug_info     0x00000000     0x4d88
 *(.debug_info .gnu.linkonce.wi.*)
 .debug_info    0x00000000      0x288 .\CortexM3\ARM_GCC_541\Debug\main.o
 .debug_info    0x00000288      0x126 .\CortexM3\ARM_GCC_541\Debug\SPI_handler.o
 .debug_info    0x000003ae      0x595 .\CortexM3\ARM_GCC_541\Debug\cyfitter_cfg.o
 .debug_info    0x00000943      0x136 .\CortexM3\ARM_GCC_541\Debug\cymetadata.o
 .debug_info    0x00000a79      0x3bb .\CortexM3\ARM_GCC_541\Debug\Cm3Start.o
 .debug_info    0x00000e34      0x60c .\CortexM3\ARM_GCC_541\Debug\Lab_SPI.a(UART_1.o)
 .debug_info    0x00001440      0x4bb .\CortexM3\ARM_GCC_541\Debug\Lab_SPI.a(SPIM_1.o)
 .debug_info    0x000018fb      0x283 .\CortexM3\ARM_GCC_541\Debug\Lab_SPI.a(UART_1_IntClock.o)
 .debug_info    0x00001b7e      0x283 .\CortexM3\ARM_GCC_541\Debug\Lab_SPI.a(SPIM_1_IntClock.o)
 .debug_info    0x00001e01     0x1374 .\CortexM3\ARM_GCC_541\Debug\Lab_SPI.a(CyLib.o)
 .debug_info    0x00003175      0xa2a .\CortexM3\ARM_GCC_541\Debug\Lab_SPI.a(cyPm.o)
 .debug_info    0x00003b9f      0x2d2 .\CortexM3\ARM_GCC_541\Debug\Lab_SPI.a(isruart.o)
 .debug_info    0x00003e71      0x2d2 .\CortexM3\ARM_GCC_541\Debug\Lab_SPI.a(isrspim.o)
 .debug_info    0x00004143       0xa8 .\CortexM3\ARM_GCC_541\Debug\Lab_SPI.a(CyBootAsmGnu.o)
 .debug_info    0x000041eb      0x64d .\CortexM3\ARM_GCC_541\Debug\Lab_SPI.a(CyFlash.o)
 .debug_info    0x00004838      0x550 .\CortexM3\ARM_GCC_541\Debug\Lab_SPI.a(CySpc.o)

.debug_abbrev   0x00000000     0x155c
 *(.debug_abbrev)
 .debug_abbrev  0x00000000       0xe2 .\CortexM3\ARM_GCC_541\Debug\main.o
 .debug_abbrev  0x000000e2       0xad .\CortexM3\ARM_GCC_541\Debug\SPI_handler.o
 .debug_abbrev  0x0000018f      0x20d .\CortexM3\ARM_GCC_541\Debug\cyfitter_cfg.o
 .debug_abbrev  0x0000039c       0x77 .\CortexM3\ARM_GCC_541\Debug\cymetadata.o
 .debug_abbrev  0x00000413      0x1e8 .\CortexM3\ARM_GCC_541\Debug\Cm3Start.o
 .debug_abbrev  0x000005fb      0x175 .\CortexM3\ARM_GCC_541\Debug\Lab_SPI.a(UART_1.o)
 .debug_abbrev  0x00000770      0x146 .\CortexM3\ARM_GCC_541\Debug\Lab_SPI.a(SPIM_1.o)
 .debug_abbrev  0x000008b6      0x139 .\CortexM3\ARM_GCC_541\Debug\Lab_SPI.a(UART_1_IntClock.o)
 .debug_abbrev  0x000009ef      0x139 .\CortexM3\ARM_GCC_541\Debug\Lab_SPI.a(SPIM_1_IntClock.o)
 .debug_abbrev  0x00000b28      0x254 .\CortexM3\ARM_GCC_541\Debug\Lab_SPI.a(CyLib.o)
 .debug_abbrev  0x00000d7c      0x1ab .\CortexM3\ARM_GCC_541\Debug\Lab_SPI.a(cyPm.o)
 .debug_abbrev  0x00000f27      0x173 .\CortexM3\ARM_GCC_541\Debug\Lab_SPI.a(isruart.o)
 .debug_abbrev  0x0000109a      0x173 .\CortexM3\ARM_GCC_541\Debug\Lab_SPI.a(isrspim.o)
 .debug_abbrev  0x0000120d       0x14 .\CortexM3\ARM_GCC_541\Debug\Lab_SPI.a(CyBootAsmGnu.o)
 .debug_abbrev  0x00001221      0x1a7 .\CortexM3\ARM_GCC_541\Debug\Lab_SPI.a(CyFlash.o)
 .debug_abbrev  0x000013c8      0x194 .\CortexM3\ARM_GCC_541\Debug\Lab_SPI.a(CySpc.o)

.debug_line     0x00000000     0x2373
 *(.debug_line)
 .debug_line    0x00000000      0x1d2 .\CortexM3\ARM_GCC_541\Debug\main.o
 .debug_line    0x000001d2      0x16f .\CortexM3\ARM_GCC_541\Debug\SPI_handler.o
 .debug_line    0x00000341      0x1f5 .\CortexM3\ARM_GCC_541\Debug\cyfitter_cfg.o
 .debug_line    0x00000536      0x141 .\CortexM3\ARM_GCC_541\Debug\cymetadata.o
 .debug_line    0x00000677      0x234 .\CortexM3\ARM_GCC_541\Debug\Cm3Start.o
 .debug_line    0x000008ab      0x2c0 .\CortexM3\ARM_GCC_541\Debug\Lab_SPI.a(UART_1.o)
 .debug_line    0x00000b6b      0x247 .\CortexM3\ARM_GCC_541\Debug\Lab_SPI.a(SPIM_1.o)
 .debug_line    0x00000db2      0x17e .\CortexM3\ARM_GCC_541\Debug\Lab_SPI.a(UART_1_IntClock.o)
 .debug_line    0x00000f30      0x17e .\CortexM3\ARM_GCC_541\Debug\Lab_SPI.a(SPIM_1_IntClock.o)
 .debug_line    0x000010ae      0x816 .\CortexM3\ARM_GCC_541\Debug\Lab_SPI.a(CyLib.o)
 .debug_line    0x000018c4      0x367 .\CortexM3\ARM_GCC_541\Debug\Lab_SPI.a(cyPm.o)
 .debug_line    0x00001c2b      0x134 .\CortexM3\ARM_GCC_541\Debug\Lab_SPI.a(isruart.o)
 .debug_line    0x00001d5f      0x134 .\CortexM3\ARM_GCC_541\Debug\Lab_SPI.a(isrspim.o)
 .debug_line    0x00001e93       0x66 .\CortexM3\ARM_GCC_541\Debug\Lab_SPI.a(CyBootAsmGnu.o)
 .debug_line    0x00001ef9      0x21a .\CortexM3\ARM_GCC_541\Debug\Lab_SPI.a(CyFlash.o)
 .debug_line    0x00002113      0x260 .\CortexM3\ARM_GCC_541\Debug\Lab_SPI.a(CySpc.o)

.debug_frame    0x00000000     0x1730
 *(.debug_frame)
 .debug_frame   0x00000000       0x68 .\CortexM3\ARM_GCC_541\Debug\main.o
 .debug_frame   0x00000068       0x2c .\CortexM3\ARM_GCC_541\Debug\SPI_handler.o
 .debug_frame   0x00000094       0xe4 .\CortexM3\ARM_GCC_541\Debug\cyfitter_cfg.o
 .debug_frame   0x00000178       0xb8 .\CortexM3\ARM_GCC_541\Debug\Cm3Start.o
 .debug_frame   0x00000230      0x250 .\CortexM3\ARM_GCC_541\Debug\Lab_SPI.a(UART_1.o)
 .debug_frame   0x00000480      0x1e8 .\CortexM3\ARM_GCC_541\Debug\Lab_SPI.a(SPIM_1.o)
 .debug_frame   0x00000668       0xe0 .\CortexM3\ARM_GCC_541\Debug\Lab_SPI.a(UART_1_IntClock.o)
 .debug_frame   0x00000748       0xe0 .\CortexM3\ARM_GCC_541\Debug\Lab_SPI.a(SPIM_1_IntClock.o)
 .debug_frame   0x00000828      0x738 .\CortexM3\ARM_GCC_541\Debug\Lab_SPI.a(CyLib.o)
 .debug_frame   0x00000f60      0x1f8 .\CortexM3\ARM_GCC_541\Debug\Lab_SPI.a(cyPm.o)
 .debug_frame   0x00001158      0x104 .\CortexM3\ARM_GCC_541\Debug\Lab_SPI.a(isruart.o)
 .debug_frame   0x0000125c      0x104 .\CortexM3\ARM_GCC_541\Debug\Lab_SPI.a(isrspim.o)
 .debug_frame   0x00001360      0x194 .\CortexM3\ARM_GCC_541\Debug\Lab_SPI.a(CyFlash.o)
 .debug_frame   0x000014f4      0x180 .\CortexM3\ARM_GCC_541\Debug\Lab_SPI.a(CySpc.o)
 .debug_frame   0x00001674       0x20 c:/program files (x86)/cypress/psoc creator/4.3/psoc creator/import/gnu/arm/5.4.1/bin/../lib/gcc/arm-none-eabi/5.4.1/../../../../arm-none-eabi/lib/armv7-m\libg_nano.a(lib_a-errno.o)
 .debug_frame   0x00001694       0x28 c:/program files (x86)/cypress/psoc creator/4.3/psoc creator/import/gnu/arm/5.4.1/bin/../lib/gcc/arm-none-eabi/5.4.1/../../../../arm-none-eabi/lib/armv7-m\libg_nano.a(lib_a-exit.o)
 .debug_frame   0x000016bc       0x2c c:/program files (x86)/cypress/psoc creator/4.3/psoc creator/import/gnu/arm/5.4.1/bin/../lib/gcc/arm-none-eabi/5.4.1/../../../../arm-none-eabi/lib/armv7-m\libg_nano.a(lib_a-init.o)
 .debug_frame   0x000016e8       0x28 c:/program files (x86)/cypress/psoc creator/4.3/psoc creator/import/gnu/arm/5.4.1/bin/../lib/gcc/arm-none-eabi/5.4.1/../../../../arm-none-eabi/lib/armv7-m\libg_nano.a(lib_a-memcpy-stub.o)
 .debug_frame   0x00001710       0x20 c:/program files (x86)/cypress/psoc creator/4.3/psoc creator/import/gnu/arm/5.4.1/bin/../lib/gcc/arm-none-eabi/5.4.1/../../../../arm-none-eabi/lib/armv7-m\libg_nano.a(lib_a-memset.o)

.debug_str      0x00000000     0x1d99
 *(.debug_str)
 .debug_str     0x00000000      0x2a4 .\CortexM3\ARM_GCC_541\Debug\main.o
                                0x2f4 (size before relaxing)
 .debug_str     0x000002a4       0x1f .\CortexM3\ARM_GCC_541\Debug\SPI_handler.o
                                0x208 (size before relaxing)
 .debug_str     0x000002c3      0x1bc .\CortexM3\ARM_GCC_541\Debug\cyfitter_cfg.o
                                0x35c (size before relaxing)
 .debug_str     0x0000047f       0x75 .\CortexM3\ARM_GCC_541\Debug\cymetadata.o
                                0x1fc (size before relaxing)
 .debug_str     0x000004f4      0x144 .\CortexM3\ARM_GCC_541\Debug\Cm3Start.o
                                0x322 (size before relaxing)
 .debug_str     0x00000638      0x2b8 .\CortexM3\ARM_GCC_541\Debug\Lab_SPI.a(UART_1.o)
                                0x4cb (size before relaxing)
 .debug_str     0x000008f0      0x200 .\CortexM3\ARM_GCC_541\Debug\Lab_SPI.a(SPIM_1.o)
                                0x460 (size before relaxing)
 .debug_str     0x00000af0      0x19d .\CortexM3\ARM_GCC_541\Debug\Lab_SPI.a(UART_1_IntClock.o)
                                0x366 (size before relaxing)
 .debug_str     0x00000c8d      0x14c .\CortexM3\ARM_GCC_541\Debug\Lab_SPI.a(SPIM_1_IntClock.o)
                                0x366 (size before relaxing)
 .debug_str     0x00000dd9      0x817 .\CortexM3\ARM_GCC_541\Debug\Lab_SPI.a(CyLib.o)
                                0xa5f (size before relaxing)
 .debug_str     0x000015f0      0x365 .\CortexM3\ARM_GCC_541\Debug\Lab_SPI.a(cyPm.o)
                                0x74b (size before relaxing)
 .debug_str     0x00001955       0xf2 .\CortexM3\ARM_GCC_541\Debug\Lab_SPI.a(isruart.o)
                                0x2da (size before relaxing)
 .debug_str     0x00001a47       0xf2 .\CortexM3\ARM_GCC_541\Debug\Lab_SPI.a(isrspim.o)
                                0x2da (size before relaxing)
 .debug_str     0x00001b39      0x1b4 .\CortexM3\ARM_GCC_541\Debug\Lab_SPI.a(CyFlash.o)
                                0x3d8 (size before relaxing)
 .debug_str     0x00001ced       0xac .\CortexM3\ARM_GCC_541\Debug\Lab_SPI.a(CySpc.o)
                                0x350 (size before relaxing)

.debug_loc      0x00000000     0x213c
 *(.debug_loc)
 .debug_loc     0x00000000       0x62 .\CortexM3\ARM_GCC_541\Debug\main.o
 .debug_loc     0x00000062       0x3a .\CortexM3\ARM_GCC_541\Debug\SPI_handler.o
 .debug_loc     0x0000009c      0x25a .\CortexM3\ARM_GCC_541\Debug\cyfitter_cfg.o
 .debug_loc     0x000002f6      0x144 .\CortexM3\ARM_GCC_541\Debug\Cm3Start.o
 .debug_loc     0x0000043a      0x258 .\CortexM3\ARM_GCC_541\Debug\Lab_SPI.a(UART_1.o)
 .debug_loc     0x00000692       0xfe .\CortexM3\ARM_GCC_541\Debug\Lab_SPI.a(SPIM_1.o)
 .debug_loc     0x00000790      0x128 .\CortexM3\ARM_GCC_541\Debug\Lab_SPI.a(UART_1_IntClock.o)
 .debug_loc     0x000008b8      0x12c .\CortexM3\ARM_GCC_541\Debug\Lab_SPI.a(SPIM_1_IntClock.o)
 .debug_loc     0x000009e4      0xa11 .\CortexM3\ARM_GCC_541\Debug\Lab_SPI.a(CyLib.o)
 .debug_loc     0x000013f5      0x1e4 .\CortexM3\ARM_GCC_541\Debug\Lab_SPI.a(cyPm.o)
 .debug_loc     0x000015d9       0x56 .\CortexM3\ARM_GCC_541\Debug\Lab_SPI.a(isruart.o)
 .debug_loc     0x0000162f       0x56 .\CortexM3\ARM_GCC_541\Debug\Lab_SPI.a(isrspim.o)
 .debug_loc     0x00001685      0x3b2 .\CortexM3\ARM_GCC_541\Debug\Lab_SPI.a(CyFlash.o)
 .debug_loc     0x00001a37      0x705 .\CortexM3\ARM_GCC_541\Debug\Lab_SPI.a(CySpc.o)

.debug_macinfo
 *(.debug_macinfo)

.debug_ranges   0x00000000      0x7f8
 *(.debug_ranges)
 .debug_ranges  0x00000000       0x20 .\CortexM3\ARM_GCC_541\Debug\main.o
 .debug_ranges  0x00000020       0x10 .\CortexM3\ARM_GCC_541\Debug\SPI_handler.o
 .debug_ranges  0x00000030       0x48 .\CortexM3\ARM_GCC_541\Debug\cyfitter_cfg.o
 .debug_ranges  0x00000078       0x38 .\CortexM3\ARM_GCC_541\Debug\Cm3Start.o
 .debug_ranges  0x000000b0       0xe0 .\CortexM3\ARM_GCC_541\Debug\Lab_SPI.a(UART_1.o)
 .debug_ranges  0x00000190       0xc8 .\CortexM3\ARM_GCC_541\Debug\Lab_SPI.a(SPIM_1.o)
 .debug_ranges  0x00000258       0x60 .\CortexM3\ARM_GCC_541\Debug\Lab_SPI.a(UART_1_IntClock.o)
 .debug_ranges  0x000002b8       0x60 .\CortexM3\ARM_GCC_541\Debug\Lab_SPI.a(SPIM_1_IntClock.o)
 .debug_ranges  0x00000318      0x290 .\CortexM3\ARM_GCC_541\Debug\Lab_SPI.a(CyLib.o)
 .debug_ranges  0x000005a8       0x88 .\CortexM3\ARM_GCC_541\Debug\Lab_SPI.a(cyPm.o)
 .debug_ranges  0x00000630       0x70 .\CortexM3\ARM_GCC_541\Debug\Lab_SPI.a(isruart.o)
 .debug_ranges  0x000006a0       0x70 .\CortexM3\ARM_GCC_541\Debug\Lab_SPI.a(isrspim.o)
 .debug_ranges  0x00000710       0x78 .\CortexM3\ARM_GCC_541\Debug\Lab_SPI.a(CyFlash.o)
 .debug_ranges  0x00000788       0x70 .\CortexM3\ARM_GCC_541\Debug\Lab_SPI.a(CySpc.o)

.comment        0x00000000       0x6e
 .comment       0x00000000       0x6e .\CortexM3\ARM_GCC_541\Debug\main.o
                                 0x6f (size before relaxing)
 .comment       0x0000006e       0x6f .\CortexM3\ARM_GCC_541\Debug\SPI_handler.o
 .comment       0x0000006e       0x6f .\CortexM3\ARM_GCC_541\Debug\cyfitter_cfg.o
 .comment       0x0000006e       0x6f .\CortexM3\ARM_GCC_541\Debug\cymetadata.o
 .comment       0x0000006e       0x6f .\CortexM3\ARM_GCC_541\Debug\Cm3Start.o
 .comment       0x0000006e       0x6f .\CortexM3\ARM_GCC_541\Debug\Lab_SPI.a(UART_1.o)
 .comment       0x0000006e       0x6f .\CortexM3\ARM_GCC_541\Debug\Lab_SPI.a(SPIM_1.o)
 .comment       0x0000006e       0x6f .\CortexM3\ARM_GCC_541\Debug\Lab_SPI.a(UART_1_IntClock.o)
 .comment       0x0000006e       0x6f .\CortexM3\ARM_GCC_541\Debug\Lab_SPI.a(SPIM_1_IntClock.o)
 .comment       0x0000006e       0x6f .\CortexM3\ARM_GCC_541\Debug\Lab_SPI.a(CyLib.o)
 .comment       0x0000006e       0x6f .\CortexM3\ARM_GCC_541\Debug\Lab_SPI.a(cyPm.o)
 .comment       0x0000006e       0x6f .\CortexM3\ARM_GCC_541\Debug\Lab_SPI.a(isruart.o)
 .comment       0x0000006e       0x6f .\CortexM3\ARM_GCC_541\Debug\Lab_SPI.a(isrspim.o)
 .comment       0x0000006e       0x6f .\CortexM3\ARM_GCC_541\Debug\Lab_SPI.a(CyFlash.o)
 .comment       0x0000006e       0x6f .\CortexM3\ARM_GCC_541\Debug\Lab_SPI.a(CySpc.o)

.debug_weaknames
 *(.debug_weaknames)

.debug_funcnames
 *(.debug_funcnames)

.debug_typenames
 *(.debug_typenames)

.debug_varnames
 *(.debug_varnames)

.note.gnu.arm.ident
 *(.note.gnu.arm.ident)

.ARM.attributes
                0x00000000       0x29
 *(.ARM.attributes)
 .ARM.attributes
                0x00000000       0x1d c:/program files (x86)/cypress/psoc creator/4.3/psoc creator/import/gnu/arm/5.4.1/bin/../lib/gcc/arm-none-eabi/5.4.1/armv7-m/crti.o
 .ARM.attributes
                0x0000001d       0x2d c:/program files (x86)/cypress/psoc creator/4.3/psoc creator/import/gnu/arm/5.4.1/bin/../lib/gcc/arm-none-eabi/5.4.1/armv7-m/crtbegin.o
 .ARM.attributes
                0x0000004a       0x1b c:/program files (x86)/cypress/psoc creator/4.3/psoc creator/import/gnu/arm/5.4.1/bin/../lib/gcc/arm-none-eabi/5.4.1/../../../../arm-none-eabi/lib/armv7-m/crt0.o
 .ARM.attributes
                0x00000065       0x33 .\CortexM3\ARM_GCC_541\Debug\main.o
 .ARM.attributes
                0x00000098       0x33 .\CortexM3\ARM_GCC_541\Debug\SPI_handler.o
 .ARM.attributes
                0x000000cb       0x33 .\CortexM3\ARM_GCC_541\Debug\cyfitter_cfg.o
 .ARM.attributes
                0x000000fe       0x33 .\CortexM3\ARM_GCC_541\Debug\cymetadata.o
 .ARM.attributes
                0x00000131       0x33 .\CortexM3\ARM_GCC_541\Debug\Cm3Start.o
 .ARM.attributes
                0x00000164       0x33 .\CortexM3\ARM_GCC_541\Debug\Lab_SPI.a(UART_1.o)
 .ARM.attributes
                0x00000197       0x33 .\CortexM3\ARM_GCC_541\Debug\Lab_SPI.a(SPIM_1.o)
 .ARM.attributes
                0x000001ca       0x33 .\CortexM3\ARM_GCC_541\Debug\Lab_SPI.a(UART_1_IntClock.o)
 .ARM.attributes
                0x000001fd       0x33 .\CortexM3\ARM_GCC_541\Debug\Lab_SPI.a(SPIM_1_IntClock.o)
 .ARM.attributes
                0x00000230       0x33 .\CortexM3\ARM_GCC_541\Debug\Lab_SPI.a(CyLib.o)
 .ARM.attributes
                0x00000263       0x33 .\CortexM3\ARM_GCC_541\Debug\Lab_SPI.a(cyPm.o)
 .ARM.attributes
                0x00000296       0x33 .\CortexM3\ARM_GCC_541\Debug\Lab_SPI.a(isruart.o)
 .ARM.attributes
                0x000002c9       0x33 .\CortexM3\ARM_GCC_541\Debug\Lab_SPI.a(isrspim.o)
 .ARM.attributes
                0x000002fc       0x21 .\CortexM3\ARM_GCC_541\Debug\Lab_SPI.a(CyBootAsmGnu.o)
 .ARM.attributes
                0x0000031d       0x33 .\CortexM3\ARM_GCC_541\Debug\Lab_SPI.a(CyFlash.o)
 .ARM.attributes
                0x00000350       0x33 .\CortexM3\ARM_GCC_541\Debug\Lab_SPI.a(CySpc.o)
 .ARM.attributes
                0x00000383       0x2d c:/program files (x86)/cypress/psoc creator/4.3/psoc creator/import/gnu/arm/5.4.1/bin/../lib/gcc/arm-none-eabi/5.4.1/../../../../arm-none-eabi/lib/armv7-m\libg_nano.a(lib_a-errno.o)
 .ARM.attributes
                0x000003b0       0x2d c:/program files (x86)/cypress/psoc creator/4.3/psoc creator/import/gnu/arm/5.4.1/bin/../lib/gcc/arm-none-eabi/5.4.1/../../../../arm-none-eabi/lib/armv7-m\libg_nano.a(lib_a-exit.o)
 .ARM.attributes
                0x000003dd       0x2d c:/program files (x86)/cypress/psoc creator/4.3/psoc creator/import/gnu/arm/5.4.1/bin/../lib/gcc/arm-none-eabi/5.4.1/../../../../arm-none-eabi/lib/armv7-m\libg_nano.a(lib_a-impure.o)
 .ARM.attributes
                0x0000040a       0x2d c:/program files (x86)/cypress/psoc creator/4.3/psoc creator/import/gnu/arm/5.4.1/bin/../lib/gcc/arm-none-eabi/5.4.1/../../../../arm-none-eabi/lib/armv7-m\libg_nano.a(lib_a-init.o)
 .ARM.attributes
                0x00000437       0x2d c:/program files (x86)/cypress/psoc creator/4.3/psoc creator/import/gnu/arm/5.4.1/bin/../lib/gcc/arm-none-eabi/5.4.1/../../../../arm-none-eabi/lib/armv7-m\libg_nano.a(lib_a-memcpy-stub.o)
 .ARM.attributes
                0x00000464       0x2d c:/program files (x86)/cypress/psoc creator/4.3/psoc creator/import/gnu/arm/5.4.1/bin/../lib/gcc/arm-none-eabi/5.4.1/../../../../arm-none-eabi/lib/armv7-m\libg_nano.a(lib_a-memset.o)
 .ARM.attributes
                0x00000491       0x2d c:/program files (x86)/cypress/psoc creator/4.3/psoc creator/import/gnu/arm/5.4.1/bin/../lib/gcc/arm-none-eabi/5.4.1/armv7-m/crtend.o
 .ARM.attributes
                0x000004be       0x1d c:/program files (x86)/cypress/psoc creator/4.3/psoc creator/import/gnu/arm/5.4.1/bin/../lib/gcc/arm-none-eabi/5.4.1/armv7-m/crtn.o

/DISCARD/
 *(.note.GNU-stack)
OUTPUT(C:\Users\Simon\Desktop\GFV-Gruppe14\Labexercise2_Communicationbuses\Lab_SPI\Lab_SPI.cydsn\CortexM3\ARM_GCC_541\Debug\Lab_SPI.elf elf32-littlearm)
