Archive member included to satisfy reference by file (symbol)

.\CortexM3\ARM_GCC_541\Debug\steppermotorLab1.a(UART_1.o)
                              .\CortexM3\ARM_GCC_541\Debug\main.o (UART_1_Start)
.\CortexM3\ARM_GCC_541\Debug\steppermotorLab1.a(isr_uart_rx.o)
                              .\CortexM3\ARM_GCC_541\Debug\main.o (isr_uart_rx_StartEx)
.\CortexM3\ARM_GCC_541\Debug\steppermotorLab1.a(Pin_1b.o)
                              .\CortexM3\ARM_GCC_541\Debug\main.o (Pin_1b_Write)
.\CortexM3\ARM_GCC_541\Debug\steppermotorLab1.a(Pin_2a.o)
                              .\CortexM3\ARM_GCC_541\Debug\main.o (Pin_2a_Write)
.\CortexM3\ARM_GCC_541\Debug\steppermotorLab1.a(Pin_1a.o)
                              .\CortexM3\ARM_GCC_541\Debug\main.o (Pin_1a_Write)
.\CortexM3\ARM_GCC_541\Debug\steppermotorLab1.a(Pin_2b.o)
                              .\CortexM3\ARM_GCC_541\Debug\main.o (Pin_2b_Write)
.\CortexM3\ARM_GCC_541\Debug\steppermotorLab1.a(UART_1_IntClock.o)
                              .\CortexM3\ARM_GCC_541\Debug\steppermotorLab1.a(UART_1.o) (UART_1_IntClock_Start)
.\CortexM3\ARM_GCC_541\Debug\steppermotorLab1.a(CyLib.o)
                              .\CortexM3\ARM_GCC_541\Debug\Cm3Start.o (CyHalt)
.\CortexM3\ARM_GCC_541\Debug\steppermotorLab1.a(cyPm.o)
                              .\CortexM3\ARM_GCC_541\Debug\steppermotorLab1.a(CyLib.o) (CyPmReadStatus)
.\CortexM3\ARM_GCC_541\Debug\steppermotorLab1.a(Timer_1.o)
                              .\CortexM3\ARM_GCC_541\Debug\main.o (Timer_1_WritePeriod)
.\CortexM3\ARM_GCC_541\Debug\steppermotorLab1.a(isr_timer.o)
                              .\CortexM3\ARM_GCC_541\Debug\main.o (isr_timer_StartEx)
.\CortexM3\ARM_GCC_541\Debug\steppermotorLab1.a(CyBootAsmGnu.o)
                              .\CortexM3\ARM_GCC_541\Debug\cyfitter_cfg.o (CyDelayCycles)
.\CortexM3\ARM_GCC_541\Debug\steppermotorLab1.a(CyFlash.o)
                              .\CortexM3\ARM_GCC_541\Debug\steppermotorLab1.a(cyPm.o) (CyFlash_SetWaitCycles)
.\CortexM3\ARM_GCC_541\Debug\steppermotorLab1.a(CySpc.o)
                              .\CortexM3\ARM_GCC_541\Debug\steppermotorLab1.a(CyFlash.o) (CySpcStart)
c:/program files (x86)/cypress/psoc creator/4.3/psoc creator/import/gnu/arm/5.4.1/bin/../lib/gcc/arm-none-eabi/5.4.1/../../../../arm-none-eabi/lib/armv7-m\libg_nano.a(lib_a-errno.o)
                              .\CortexM3\ARM_GCC_541\Debug\Cm3Start.o (__errno)
c:/program files (x86)/cypress/psoc creator/4.3/psoc creator/import/gnu/arm/5.4.1/bin/../lib/gcc/arm-none-eabi/5.4.1/../../../../arm-none-eabi/lib/armv7-m\libg_nano.a(lib_a-exit.o)
                              c:/program files (x86)/cypress/psoc creator/4.3/psoc creator/import/gnu/arm/5.4.1/bin/../lib/gcc/arm-none-eabi/5.4.1/../../../../arm-none-eabi/lib/armv7-m/crt0.o (exit)
c:/program files (x86)/cypress/psoc creator/4.3/psoc creator/import/gnu/arm/5.4.1/bin/../lib/gcc/arm-none-eabi/5.4.1/../../../../arm-none-eabi/lib/armv7-m\libg_nano.a(lib_a-impure.o)
                              c:/program files (x86)/cypress/psoc creator/4.3/psoc creator/import/gnu/arm/5.4.1/bin/../lib/gcc/arm-none-eabi/5.4.1/../../../../arm-none-eabi/lib/armv7-m\libg_nano.a(lib_a-exit.o) (_global_impure_ptr)
c:/program files (x86)/cypress/psoc creator/4.3/psoc creator/import/gnu/arm/5.4.1/bin/../lib/gcc/arm-none-eabi/5.4.1/../../../../arm-none-eabi/lib/armv7-m\libg_nano.a(lib_a-init.o)
                              c:/program files (x86)/cypress/psoc creator/4.3/psoc creator/import/gnu/arm/5.4.1/bin/../lib/gcc/arm-none-eabi/5.4.1/../../../../arm-none-eabi/lib/armv7-m/crt0.o (__libc_init_array)
c:/program files (x86)/cypress/psoc creator/4.3/psoc creator/import/gnu/arm/5.4.1/bin/../lib/gcc/arm-none-eabi/5.4.1/../../../../arm-none-eabi/lib/armv7-m\libg_nano.a(lib_a-memcpy-stub.o)
                              .\CortexM3\ARM_GCC_541\Debug\cyfitter_cfg.o (memcpy)
c:/program files (x86)/cypress/psoc creator/4.3/psoc creator/import/gnu/arm/5.4.1/bin/../lib/gcc/arm-none-eabi/5.4.1/../../../../arm-none-eabi/lib/armv7-m\libg_nano.a(lib_a-memset.o)
                              c:/program files (x86)/cypress/psoc creator/4.3/psoc creator/import/gnu/arm/5.4.1/bin/../lib/gcc/arm-none-eabi/5.4.1/../../../../arm-none-eabi/lib/armv7-m/crt0.o (memset)

Allocating common symbols
Common symbol       size              file

dieTemperature      0x2               .\CortexM3\ARM_GCC_541\Debug\steppermotorLab1.a(CyFlash.o)

Discarded input sections

 .text          0x00000000        0x0 c:/program files (x86)/cypress/psoc creator/4.3/psoc creator/import/gnu/arm/5.4.1/bin/../lib/gcc/arm-none-eabi/5.4.1/armv7-m/crti.o
 .data          0x00000000        0x0 c:/program files (x86)/cypress/psoc creator/4.3/psoc creator/import/gnu/arm/5.4.1/bin/../lib/gcc/arm-none-eabi/5.4.1/armv7-m/crti.o
 .bss           0x00000000        0x0 c:/program files (x86)/cypress/psoc creator/4.3/psoc creator/import/gnu/arm/5.4.1/bin/../lib/gcc/arm-none-eabi/5.4.1/armv7-m/crti.o
 .data          0x00000000        0x4 c:/program files (x86)/cypress/psoc creator/4.3/psoc creator/import/gnu/arm/5.4.1/bin/../lib/gcc/arm-none-eabi/5.4.1/armv7-m/crtbegin.o
 .text          0x00000000       0x74 c:/program files (x86)/cypress/psoc creator/4.3/psoc creator/import/gnu/arm/5.4.1/bin/../lib/gcc/arm-none-eabi/5.4.1/../../../../arm-none-eabi/lib/armv7-m/crt0.o
 .data          0x00000000        0x0 c:/program files (x86)/cypress/psoc creator/4.3/psoc creator/import/gnu/arm/5.4.1/bin/../lib/gcc/arm-none-eabi/5.4.1/../../../../arm-none-eabi/lib/armv7-m/crt0.o
 .bss           0x00000000        0x0 c:/program files (x86)/cypress/psoc creator/4.3/psoc creator/import/gnu/arm/5.4.1/bin/../lib/gcc/arm-none-eabi/5.4.1/../../../../arm-none-eabi/lib/armv7-m/crt0.o
 .ARM.extab     0x00000000        0x0 c:/program files (x86)/cypress/psoc creator/4.3/psoc creator/import/gnu/arm/5.4.1/bin/../lib/gcc/arm-none-eabi/5.4.1/../../../../arm-none-eabi/lib/armv7-m/crt0.o
 .ARM.exidx     0x00000000        0x8 c:/program files (x86)/cypress/psoc creator/4.3/psoc creator/import/gnu/arm/5.4.1/bin/../lib/gcc/arm-none-eabi/5.4.1/../../../../arm-none-eabi/lib/armv7-m/crt0.o
 .text          0x00000000        0x0 .\CortexM3\ARM_GCC_541\Debug\main.o
 .text          0x00000000        0x0 .\CortexM3\ARM_GCC_541\Debug\cyfitter_cfg.o
 .data          0x00000000        0x0 .\CortexM3\ARM_GCC_541\Debug\cyfitter_cfg.o
 .bss           0x00000000        0x0 .\CortexM3\ARM_GCC_541\Debug\cyfitter_cfg.o
 .text.SetAnalogRoutingPumps
                0x00000000       0x10 .\CortexM3\ARM_GCC_541\Debug\cyfitter_cfg.o
 .text          0x00000000        0x0 .\CortexM3\ARM_GCC_541\Debug\cymetadata.o
 .data          0x00000000        0x0 .\CortexM3\ARM_GCC_541\Debug\cymetadata.o
 .bss           0x00000000        0x0 .\CortexM3\ARM_GCC_541\Debug\cymetadata.o
 .text          0x00000000        0x0 .\CortexM3\ARM_GCC_541\Debug\Cm3Start.o
 .data          0x00000000        0x4 .\CortexM3\ARM_GCC_541\Debug\Cm3Start.o
 .bss           0x00000000        0x0 .\CortexM3\ARM_GCC_541\Debug\Cm3Start.o
 .text._exit    0x00000000        0xc .\CortexM3\ARM_GCC_541\Debug\Cm3Start.o
 .text._sbrk    0x00000000       0x30 .\CortexM3\ARM_GCC_541\Debug\Cm3Start.o
 .text          0x00000000        0x0 .\CortexM3\ARM_GCC_541\Debug\steppermotorLab1.a(UART_1.o)
 .data          0x00000000        0x0 .\CortexM3\ARM_GCC_541\Debug\steppermotorLab1.a(UART_1.o)
 .text.UART_1_Stop
                0x00000000       0x3c .\CortexM3\ARM_GCC_541\Debug\steppermotorLab1.a(UART_1.o)
 .text.UART_1_ReadControlRegister
                0x00000000        0x4 .\CortexM3\ARM_GCC_541\Debug\steppermotorLab1.a(UART_1.o)
 .text.UART_1_WriteControlRegister
                0x00000000        0x4 .\CortexM3\ARM_GCC_541\Debug\steppermotorLab1.a(UART_1.o)
 .text.UART_1_SetRxInterruptMode
                0x00000000        0xc .\CortexM3\ARM_GCC_541\Debug\steppermotorLab1.a(UART_1.o)
 .text.UART_1_ReadRxStatus
                0x00000000       0x10 .\CortexM3\ARM_GCC_541\Debug\steppermotorLab1.a(UART_1.o)
 .text.UART_1_GetChar
                0x00000000       0x2c .\CortexM3\ARM_GCC_541\Debug\steppermotorLab1.a(UART_1.o)
 .text.UART_1_GetByte
                0x00000000       0x14 .\CortexM3\ARM_GCC_541\Debug\steppermotorLab1.a(UART_1.o)
 .text.UART_1_ClearRxBuffer
                0x00000000       0x24 .\CortexM3\ARM_GCC_541\Debug\steppermotorLab1.a(UART_1.o)
 .text.UART_1_SetRxAddressMode
                0x00000000        0x4 .\CortexM3\ARM_GCC_541\Debug\steppermotorLab1.a(UART_1.o)
 .text.UART_1_SetRxAddress1
                0x00000000        0xc .\CortexM3\ARM_GCC_541\Debug\steppermotorLab1.a(UART_1.o)
 .text.UART_1_SetRxAddress2
                0x00000000        0xc .\CortexM3\ARM_GCC_541\Debug\steppermotorLab1.a(UART_1.o)
 .text.UART_1_SetTxInterruptMode
                0x00000000        0xc .\CortexM3\ARM_GCC_541\Debug\steppermotorLab1.a(UART_1.o)
 .text.UART_1_ReadTxStatus
                0x00000000        0xc .\CortexM3\ARM_GCC_541\Debug\steppermotorLab1.a(UART_1.o)
 .text.UART_1_PutArray
                0x00000000       0x28 .\CortexM3\ARM_GCC_541\Debug\steppermotorLab1.a(UART_1.o)
 .text.UART_1_PutCRLF
                0x00000000       0x20 .\CortexM3\ARM_GCC_541\Debug\steppermotorLab1.a(UART_1.o)
 .text.UART_1_GetTxBufferSize
                0x00000000       0x24 .\CortexM3\ARM_GCC_541\Debug\steppermotorLab1.a(UART_1.o)
 .text.UART_1_ClearTxBuffer
                0x00000000       0x24 .\CortexM3\ARM_GCC_541\Debug\steppermotorLab1.a(UART_1.o)
 .text.UART_1_SendBreak
                0x00000000       0x58 .\CortexM3\ARM_GCC_541\Debug\steppermotorLab1.a(UART_1.o)
 .text.UART_1_SetTxAddressMode
                0x00000000        0x4 .\CortexM3\ARM_GCC_541\Debug\steppermotorLab1.a(UART_1.o)
 .text          0x00000000        0x0 .\CortexM3\ARM_GCC_541\Debug\steppermotorLab1.a(isr_uart_rx.o)
 .data          0x00000000        0x0 .\CortexM3\ARM_GCC_541\Debug\steppermotorLab1.a(isr_uart_rx.o)
 .bss           0x00000000        0x0 .\CortexM3\ARM_GCC_541\Debug\steppermotorLab1.a(isr_uart_rx.o)
 .text.isr_uart_rx_Interrupt
                0x00000000        0x4 .\CortexM3\ARM_GCC_541\Debug\steppermotorLab1.a(isr_uart_rx.o)
 .text.isr_uart_rx_GetVector
                0x00000000        0xc .\CortexM3\ARM_GCC_541\Debug\steppermotorLab1.a(isr_uart_rx.o)
 .text.isr_uart_rx_GetPriority
                0x00000000        0xc .\CortexM3\ARM_GCC_541\Debug\steppermotorLab1.a(isr_uart_rx.o)
 .text.isr_uart_rx_GetState
                0x00000000       0x18 .\CortexM3\ARM_GCC_541\Debug\steppermotorLab1.a(isr_uart_rx.o)
 .text.isr_uart_rx_Start
                0x00000000       0x1c .\CortexM3\ARM_GCC_541\Debug\steppermotorLab1.a(isr_uart_rx.o)
 .text.isr_uart_rx_Stop
                0x00000000       0x14 .\CortexM3\ARM_GCC_541\Debug\steppermotorLab1.a(isr_uart_rx.o)
 .text.isr_uart_rx_SetPending
                0x00000000        0xc .\CortexM3\ARM_GCC_541\Debug\steppermotorLab1.a(isr_uart_rx.o)
 .text.isr_uart_rx_ClearPending
                0x00000000        0xc .\CortexM3\ARM_GCC_541\Debug\steppermotorLab1.a(isr_uart_rx.o)
 .text          0x00000000        0x0 .\CortexM3\ARM_GCC_541\Debug\steppermotorLab1.a(Pin_1b.o)
 .data          0x00000000        0x0 .\CortexM3\ARM_GCC_541\Debug\steppermotorLab1.a(Pin_1b.o)
 .bss           0x00000000        0x0 .\CortexM3\ARM_GCC_541\Debug\steppermotorLab1.a(Pin_1b.o)
 .text.Pin_1b_SetDriveMode
                0x00000000       0x18 .\CortexM3\ARM_GCC_541\Debug\steppermotorLab1.a(Pin_1b.o)
 .text.Pin_1b_Read
                0x00000000        0xc .\CortexM3\ARM_GCC_541\Debug\steppermotorLab1.a(Pin_1b.o)
 .text.Pin_1b_ReadDataReg
                0x00000000        0xc .\CortexM3\ARM_GCC_541\Debug\steppermotorLab1.a(Pin_1b.o)
 .text          0x00000000        0x0 .\CortexM3\ARM_GCC_541\Debug\steppermotorLab1.a(Pin_2a.o)
 .data          0x00000000        0x0 .\CortexM3\ARM_GCC_541\Debug\steppermotorLab1.a(Pin_2a.o)
 .bss           0x00000000        0x0 .\CortexM3\ARM_GCC_541\Debug\steppermotorLab1.a(Pin_2a.o)
 .text.Pin_2a_SetDriveMode
                0x00000000       0x18 .\CortexM3\ARM_GCC_541\Debug\steppermotorLab1.a(Pin_2a.o)
 .text.Pin_2a_Read
                0x00000000       0x10 .\CortexM3\ARM_GCC_541\Debug\steppermotorLab1.a(Pin_2a.o)
 .text.Pin_2a_ReadDataReg
                0x00000000       0x10 .\CortexM3\ARM_GCC_541\Debug\steppermotorLab1.a(Pin_2a.o)
 .text          0x00000000        0x0 .\CortexM3\ARM_GCC_541\Debug\steppermotorLab1.a(Pin_1a.o)
 .data          0x00000000        0x0 .\CortexM3\ARM_GCC_541\Debug\steppermotorLab1.a(Pin_1a.o)
 .bss           0x00000000        0x0 .\CortexM3\ARM_GCC_541\Debug\steppermotorLab1.a(Pin_1a.o)
 .text.Pin_1a_SetDriveMode
                0x00000000       0x18 .\CortexM3\ARM_GCC_541\Debug\steppermotorLab1.a(Pin_1a.o)
 .text.Pin_1a_Read
                0x00000000       0x10 .\CortexM3\ARM_GCC_541\Debug\steppermotorLab1.a(Pin_1a.o)
 .text.Pin_1a_ReadDataReg
                0x00000000       0x10 .\CortexM3\ARM_GCC_541\Debug\steppermotorLab1.a(Pin_1a.o)
 .text          0x00000000        0x0 .\CortexM3\ARM_GCC_541\Debug\steppermotorLab1.a(Pin_2b.o)
 .data          0x00000000        0x0 .\CortexM3\ARM_GCC_541\Debug\steppermotorLab1.a(Pin_2b.o)
 .bss           0x00000000        0x0 .\CortexM3\ARM_GCC_541\Debug\steppermotorLab1.a(Pin_2b.o)
 .text.Pin_2b_SetDriveMode
                0x00000000       0x18 .\CortexM3\ARM_GCC_541\Debug\steppermotorLab1.a(Pin_2b.o)
 .text.Pin_2b_Read
                0x00000000       0x10 .\CortexM3\ARM_GCC_541\Debug\steppermotorLab1.a(Pin_2b.o)
 .text.Pin_2b_ReadDataReg
                0x00000000       0x10 .\CortexM3\ARM_GCC_541\Debug\steppermotorLab1.a(Pin_2b.o)
 .text          0x00000000        0x0 .\CortexM3\ARM_GCC_541\Debug\steppermotorLab1.a(UART_1_IntClock.o)
 .data          0x00000000        0x0 .\CortexM3\ARM_GCC_541\Debug\steppermotorLab1.a(UART_1_IntClock.o)
 .bss           0x00000000        0x0 .\CortexM3\ARM_GCC_541\Debug\steppermotorLab1.a(UART_1_IntClock.o)
 .text.UART_1_IntClock_Stop
                0x00000000       0x1c .\CortexM3\ARM_GCC_541\Debug\steppermotorLab1.a(UART_1_IntClock.o)
 .text.UART_1_IntClock_StopBlock
                0x00000000       0x6c .\CortexM3\ARM_GCC_541\Debug\steppermotorLab1.a(UART_1_IntClock.o)
 .text.UART_1_IntClock_StandbyPower
                0x00000000       0x20 .\CortexM3\ARM_GCC_541\Debug\steppermotorLab1.a(UART_1_IntClock.o)
 .text.UART_1_IntClock_GetDividerRegister
                0x00000000        0xc .\CortexM3\ARM_GCC_541\Debug\steppermotorLab1.a(UART_1_IntClock.o)
 .text.UART_1_IntClock_SetModeRegister
                0x00000000       0x14 .\CortexM3\ARM_GCC_541\Debug\steppermotorLab1.a(UART_1_IntClock.o)
 .text.UART_1_IntClock_ClearModeRegister
                0x00000000       0x18 .\CortexM3\ARM_GCC_541\Debug\steppermotorLab1.a(UART_1_IntClock.o)
 .text.UART_1_IntClock_GetModeRegister
                0x00000000       0x10 .\CortexM3\ARM_GCC_541\Debug\steppermotorLab1.a(UART_1_IntClock.o)
 .text.UART_1_IntClock_GetSourceRegister
                0x00000000       0x10 .\CortexM3\ARM_GCC_541\Debug\steppermotorLab1.a(UART_1_IntClock.o)
 .text.UART_1_IntClock_SetDividerRegister
                0x00000000       0xd8 .\CortexM3\ARM_GCC_541\Debug\steppermotorLab1.a(UART_1_IntClock.o)
 .text.UART_1_IntClock_SetSourceRegister
                0x00000000       0x5c .\CortexM3\ARM_GCC_541\Debug\steppermotorLab1.a(UART_1_IntClock.o)
 .text          0x00000000        0x0 .\CortexM3\ARM_GCC_541\Debug\steppermotorLab1.a(CyLib.o)
 .data          0x00000000       0x10 .\CortexM3\ARM_GCC_541\Debug\steppermotorLab1.a(CyLib.o)
 .bss           0x00000000       0x1c .\CortexM3\ARM_GCC_541\Debug\steppermotorLab1.a(CyLib.o)
 .text.CyUSB_PowerOnCheck
                0x00000000       0x48 .\CortexM3\ARM_GCC_541\Debug\steppermotorLab1.a(CyLib.o)
 .text.CyBusClk_Internal_SetDivider
                0x00000000       0x48 .\CortexM3\ARM_GCC_541\Debug\steppermotorLab1.a(CyLib.o)
 .text.CyPLL_OUT_Stop
                0x00000000       0x10 .\CortexM3\ARM_GCC_541\Debug\steppermotorLab1.a(CyLib.o)
 .text.CyIMO_Stop
                0x00000000       0x1c .\CortexM3\ARM_GCC_541\Debug\steppermotorLab1.a(CyLib.o)
 .text.CyIMO_EnableDoubler
                0x00000000       0x10 .\CortexM3\ARM_GCC_541\Debug\steppermotorLab1.a(CyLib.o)
 .text.CyIMO_DisableDoubler
                0x00000000       0x10 .\CortexM3\ARM_GCC_541\Debug\steppermotorLab1.a(CyLib.o)
 .text.CyMasterClk_SetSource
                0x00000000       0x18 .\CortexM3\ARM_GCC_541\Debug\steppermotorLab1.a(CyLib.o)
 .text.CyMasterClk_SetDivider
                0x00000000        0xc .\CortexM3\ARM_GCC_541\Debug\steppermotorLab1.a(CyLib.o)
 .text.CyBusClk_SetDivider
                0x00000000       0x70 .\CortexM3\ARM_GCC_541\Debug\steppermotorLab1.a(CyLib.o)
 .text.CyUsbClk_SetSource
                0x00000000       0x18 .\CortexM3\ARM_GCC_541\Debug\steppermotorLab1.a(CyLib.o)
 .text.CyILO_Start1K
                0x00000000       0x10 .\CortexM3\ARM_GCC_541\Debug\steppermotorLab1.a(CyLib.o)
 .text.CyILO_Stop1K
                0x00000000       0x10 .\CortexM3\ARM_GCC_541\Debug\steppermotorLab1.a(CyLib.o)
 .text.CyILO_Start100K
                0x00000000       0x10 .\CortexM3\ARM_GCC_541\Debug\steppermotorLab1.a(CyLib.o)
 .text.CyILO_Stop100K
                0x00000000       0x10 .\CortexM3\ARM_GCC_541\Debug\steppermotorLab1.a(CyLib.o)
 .text.CyPLL_OUT_Start
                0x00000000       0x78 .\CortexM3\ARM_GCC_541\Debug\steppermotorLab1.a(CyLib.o)
 .text.CyIMO_Start
                0x00000000       0x60 .\CortexM3\ARM_GCC_541\Debug\steppermotorLab1.a(CyLib.o)
 .text.CyILO_Enable33K
                0x00000000       0x10 .\CortexM3\ARM_GCC_541\Debug\steppermotorLab1.a(CyLib.o)
 .text.CyILO_Disable33K
                0x00000000       0x10 .\CortexM3\ARM_GCC_541\Debug\steppermotorLab1.a(CyLib.o)
 .text.CyILO_SetSource
                0x00000000       0x18 .\CortexM3\ARM_GCC_541\Debug\steppermotorLab1.a(CyLib.o)
 .text.CyILO_SetPowerMode
                0x00000000       0x24 .\CortexM3\ARM_GCC_541\Debug\steppermotorLab1.a(CyLib.o)
 .text.CyXTAL_32KHZ_Stop
                0x00000000       0x30 .\CortexM3\ARM_GCC_541\Debug\steppermotorLab1.a(CyLib.o)
 .text.CyXTAL_32KHZ_ReadStatus
                0x00000000       0x10 .\CortexM3\ARM_GCC_541\Debug\steppermotorLab1.a(CyLib.o)
 .text.CyXTAL_Start
                0x00000000       0xac .\CortexM3\ARM_GCC_541\Debug\steppermotorLab1.a(CyLib.o)
 .text.CyXTAL_Stop
                0x00000000       0x10 .\CortexM3\ARM_GCC_541\Debug\steppermotorLab1.a(CyLib.o)
 .text.CyXTAL_EnableErrStatus
                0x00000000       0x10 .\CortexM3\ARM_GCC_541\Debug\steppermotorLab1.a(CyLib.o)
 .text.CyXTAL_DisableErrStatus
                0x00000000       0x10 .\CortexM3\ARM_GCC_541\Debug\steppermotorLab1.a(CyLib.o)
 .text.CyXTAL_ReadStatus
                0x00000000       0x18 .\CortexM3\ARM_GCC_541\Debug\steppermotorLab1.a(CyLib.o)
 .text.CyXTAL_EnableFaultRecovery
                0x00000000       0x10 .\CortexM3\ARM_GCC_541\Debug\steppermotorLab1.a(CyLib.o)
 .text.CyXTAL_DisableFaultRecovery
                0x00000000       0x10 .\CortexM3\ARM_GCC_541\Debug\steppermotorLab1.a(CyLib.o)
 .text.CyXTAL_SetStartup
                0x00000000       0x18 .\CortexM3\ARM_GCC_541\Debug\steppermotorLab1.a(CyLib.o)
 .text.CyXTAL_SetFbVoltage
                0x00000000       0x18 .\CortexM3\ARM_GCC_541\Debug\steppermotorLab1.a(CyLib.o)
 .text.CyXTAL_SetWdVoltage
                0x00000000       0x18 .\CortexM3\ARM_GCC_541\Debug\steppermotorLab1.a(CyLib.o)
 .text.CyHalt   0x00000000        0x4 .\CortexM3\ARM_GCC_541\Debug\steppermotorLab1.a(CyLib.o)
 .text.CyPLL_OUT_SetPQ
                0x00000000       0x60 .\CortexM3\ARM_GCC_541\Debug\steppermotorLab1.a(CyLib.o)
 .text.CyPLL_OUT_SetSource
                0x00000000       0x34 .\CortexM3\ARM_GCC_541\Debug\steppermotorLab1.a(CyLib.o)
 .text.CyIMO_SetTrimValue
                0x00000000       0xcc .\CortexM3\ARM_GCC_541\Debug\steppermotorLab1.a(CyLib.o)
 .text.CyIMO_SetFreq
                0x00000000       0xf4 .\CortexM3\ARM_GCC_541\Debug\steppermotorLab1.a(CyLib.o)
 .text.CyIMO_SetSource
                0x00000000       0x58 .\CortexM3\ARM_GCC_541\Debug\steppermotorLab1.a(CyLib.o)
 .text.CySoftwareReset
                0x00000000       0x10 .\CortexM3\ARM_GCC_541\Debug\steppermotorLab1.a(CyLib.o)
 .text.CyDelay  0x00000000       0x2c .\CortexM3\ARM_GCC_541\Debug\steppermotorLab1.a(CyLib.o)
 .text.CyDelayUs
                0x00000000       0x14 .\CortexM3\ARM_GCC_541\Debug\steppermotorLab1.a(CyLib.o)
 .text.CyXTAL_32KHZ_SetPowerMode
                0x00000000       0x84 .\CortexM3\ARM_GCC_541\Debug\steppermotorLab1.a(CyLib.o)
 .text.CyXTAL_32KHZ_Start
                0x00000000       0x74 .\CortexM3\ARM_GCC_541\Debug\steppermotorLab1.a(CyLib.o)
 .text.CyDelayFreq
                0x00000000       0x4c .\CortexM3\ARM_GCC_541\Debug\steppermotorLab1.a(CyLib.o)
 .text.CyWdtStart
                0x00000000       0x40 .\CortexM3\ARM_GCC_541\Debug\steppermotorLab1.a(CyLib.o)
 .text.CyWdtClear
                0x00000000        0xc .\CortexM3\ARM_GCC_541\Debug\steppermotorLab1.a(CyLib.o)
 .text.CyVdStickyStatus
                0x00000000       0x2c .\CortexM3\ARM_GCC_541\Debug\steppermotorLab1.a(CyLib.o)
 .text.CyVdLvDigitEnable
                0x00000000       0x84 .\CortexM3\ARM_GCC_541\Debug\steppermotorLab1.a(CyLib.o)
 .text.CyVdLvAnalogEnable
                0x00000000       0x80 .\CortexM3\ARM_GCC_541\Debug\steppermotorLab1.a(CyLib.o)
 .text.CyVdLvDigitDisable
                0x00000000       0x30 .\CortexM3\ARM_GCC_541\Debug\steppermotorLab1.a(CyLib.o)
 .text.CyVdLvAnalogDisable
                0x00000000       0x28 .\CortexM3\ARM_GCC_541\Debug\steppermotorLab1.a(CyLib.o)
 .text.CyVdHvAnalogEnable
                0x00000000       0x54 .\CortexM3\ARM_GCC_541\Debug\steppermotorLab1.a(CyLib.o)
 .text.CyVdHvAnalogDisable
                0x00000000       0x20 .\CortexM3\ARM_GCC_541\Debug\steppermotorLab1.a(CyLib.o)
 .text.CyVdRealTimeStatus
                0x00000000       0x1c .\CortexM3\ARM_GCC_541\Debug\steppermotorLab1.a(CyLib.o)
 .text.CyDisableInts
                0x00000000       0x1c .\CortexM3\ARM_GCC_541\Debug\steppermotorLab1.a(CyLib.o)
 .text.CyEnableInts
                0x00000000       0x18 .\CortexM3\ARM_GCC_541\Debug\steppermotorLab1.a(CyLib.o)
 .text.CyFlushCache
                0x00000000       0x44 .\CortexM3\ARM_GCC_541\Debug\steppermotorLab1.a(CyLib.o)
 .text.CyIntSetSysVector
                0x00000000       0x28 .\CortexM3\ARM_GCC_541\Debug\steppermotorLab1.a(CyLib.o)
 .text.CyIntGetSysVector
                0x00000000       0x20 .\CortexM3\ARM_GCC_541\Debug\steppermotorLab1.a(CyLib.o)
 .text.CyIntSetVector
                0x00000000       0x28 .\CortexM3\ARM_GCC_541\Debug\steppermotorLab1.a(CyLib.o)
 .text.CyIntGetVector
                0x00000000       0x24 .\CortexM3\ARM_GCC_541\Debug\steppermotorLab1.a(CyLib.o)
 .text.CyIntSetPriority
                0x00000000       0x30 .\CortexM3\ARM_GCC_541\Debug\steppermotorLab1.a(CyLib.o)
 .text.CyIntGetPriority
                0x00000000       0x20 .\CortexM3\ARM_GCC_541\Debug\steppermotorLab1.a(CyLib.o)
 .text.CyIntGetState
                0x00000000       0x24 .\CortexM3\ARM_GCC_541\Debug\steppermotorLab1.a(CyLib.o)
 .text.CySysTickStop
                0x00000000       0x10 .\CortexM3\ARM_GCC_541\Debug\steppermotorLab1.a(CyLib.o)
 .text.CySysTickEnableInterrupt
                0x00000000       0x10 .\CortexM3\ARM_GCC_541\Debug\steppermotorLab1.a(CyLib.o)
 .text.CySysTickEnable
                0x00000000       0x18 .\CortexM3\ARM_GCC_541\Debug\steppermotorLab1.a(CyLib.o)
 .text.CySysTickDisableInterrupt
                0x00000000       0x10 .\CortexM3\ARM_GCC_541\Debug\steppermotorLab1.a(CyLib.o)
 .text.CySysTickSetReload
                0x00000000       0x10 .\CortexM3\ARM_GCC_541\Debug\steppermotorLab1.a(CyLib.o)
 .text.CySysTickGetReload
                0x00000000       0x10 .\CortexM3\ARM_GCC_541\Debug\steppermotorLab1.a(CyLib.o)
 .text.CySysTickGetValue
                0x00000000       0x10 .\CortexM3\ARM_GCC_541\Debug\steppermotorLab1.a(CyLib.o)
 .text.CySysTickSetClockSource
                0x00000000       0x20 .\CortexM3\ARM_GCC_541\Debug\steppermotorLab1.a(CyLib.o)
 .text.CySysTickGetClockSource
                0x00000000       0x10 .\CortexM3\ARM_GCC_541\Debug\steppermotorLab1.a(CyLib.o)
 .text.CySysTickGetCountFlag
                0x00000000       0x10 .\CortexM3\ARM_GCC_541\Debug\steppermotorLab1.a(CyLib.o)
 .text.CySysTickServiceCallbacks
                0x00000000       0x28 .\CortexM3\ARM_GCC_541\Debug\steppermotorLab1.a(CyLib.o)
 .text.CySysTickClear
                0x00000000        0xc .\CortexM3\ARM_GCC_541\Debug\steppermotorLab1.a(CyLib.o)
 .text.CySysTickInit
                0x00000000       0x58 .\CortexM3\ARM_GCC_541\Debug\steppermotorLab1.a(CyLib.o)
 .text.CySysTickStart
                0x00000000       0x1c .\CortexM3\ARM_GCC_541\Debug\steppermotorLab1.a(CyLib.o)
 .text.CySysTickSetCallback
                0x00000000       0x10 .\CortexM3\ARM_GCC_541\Debug\steppermotorLab1.a(CyLib.o)
 .text.CySysTickGetCallback
                0x00000000       0x10 .\CortexM3\ARM_GCC_541\Debug\steppermotorLab1.a(CyLib.o)
 .text.CyGetUniqueId
                0x00000000       0x70 .\CortexM3\ARM_GCC_541\Debug\steppermotorLab1.a(CyLib.o)
 .text          0x00000000        0x0 .\CortexM3\ARM_GCC_541\Debug\steppermotorLab1.a(cyPm.o)
 .data          0x00000000        0x0 .\CortexM3\ARM_GCC_541\Debug\steppermotorLab1.a(cyPm.o)
 .bss           0x00000000       0x43 .\CortexM3\ARM_GCC_541\Debug\steppermotorLab1.a(cyPm.o)
 .text.CyPmHibSlpSaveSet
                0x00000000      0x1dc .\CortexM3\ARM_GCC_541\Debug\steppermotorLab1.a(cyPm.o)
 .text.CyPmHibSlpRestore
                0x00000000       0xd8 .\CortexM3\ARM_GCC_541\Debug\steppermotorLab1.a(cyPm.o)
 .text.CyPmHviLviSaveDisable
                0x00000000       0xa0 .\CortexM3\ARM_GCC_541\Debug\steppermotorLab1.a(cyPm.o)
 .text.CyPmHibSaveSet
                0x00000000       0x98 .\CortexM3\ARM_GCC_541\Debug\steppermotorLab1.a(cyPm.o)
 .text.CyPmHviLviRestore
                0x00000000       0x48 .\CortexM3\ARM_GCC_541\Debug\steppermotorLab1.a(cyPm.o)
 .text.CyPmHibRestore
                0x00000000       0x60 .\CortexM3\ARM_GCC_541\Debug\steppermotorLab1.a(cyPm.o)
 .text.CyPmSaveClocks
                0x00000000      0x218 .\CortexM3\ARM_GCC_541\Debug\steppermotorLab1.a(cyPm.o)
 .text.CyPmRestoreClocks
                0x00000000      0x24c .\CortexM3\ARM_GCC_541\Debug\steppermotorLab1.a(cyPm.o)
 .text.CyPmAltAct
                0x00000000       0x6c .\CortexM3\ARM_GCC_541\Debug\steppermotorLab1.a(cyPm.o)
 .text.CyPmSleep
                0x00000000       0xf4 .\CortexM3\ARM_GCC_541\Debug\steppermotorLab1.a(cyPm.o)
 .text.CyPmHibernateEx
                0x00000000       0xf4 .\CortexM3\ARM_GCC_541\Debug\steppermotorLab1.a(cyPm.o)
 .text.CyPmHibernate
                0x00000000        0xc .\CortexM3\ARM_GCC_541\Debug\steppermotorLab1.a(cyPm.o)
 .text.CyPmReadStatus
                0x00000000       0x30 .\CortexM3\ARM_GCC_541\Debug\steppermotorLab1.a(cyPm.o)
 .text.CyPmCtwSetInterval
                0x00000000       0x5c .\CortexM3\ARM_GCC_541\Debug\steppermotorLab1.a(cyPm.o)
 .text.CyPmOppsSet
                0x00000000       0x2c .\CortexM3\ARM_GCC_541\Debug\steppermotorLab1.a(cyPm.o)
 .text.CyPmFtwSetInterval
                0x00000000       0x5c .\CortexM3\ARM_GCC_541\Debug\steppermotorLab1.a(cyPm.o)
 .rodata        0x00000000        0xf .\CortexM3\ARM_GCC_541\Debug\steppermotorLab1.a(cyPm.o)
 .text          0x00000000        0x0 .\CortexM3\ARM_GCC_541\Debug\steppermotorLab1.a(Timer_1.o)
 .data          0x00000000        0x0 .\CortexM3\ARM_GCC_541\Debug\steppermotorLab1.a(Timer_1.o)
 .text.Timer_1_Stop
                0x00000000       0x28 .\CortexM3\ARM_GCC_541\Debug\steppermotorLab1.a(Timer_1.o)
 .text.Timer_1_SoftwareCapture
                0x00000000        0xc .\CortexM3\ARM_GCC_541\Debug\steppermotorLab1.a(Timer_1.o)
 .text.Timer_1_ReadStatusRegister
                0x00000000        0xc .\CortexM3\ARM_GCC_541\Debug\steppermotorLab1.a(Timer_1.o)
 .text.Timer_1_ReadControlRegister
                0x00000000        0xc .\CortexM3\ARM_GCC_541\Debug\steppermotorLab1.a(Timer_1.o)
 .text.Timer_1_WriteControlRegister
                0x00000000        0xc .\CortexM3\ARM_GCC_541\Debug\steppermotorLab1.a(Timer_1.o)
 .text.Timer_1_ReadPeriod
                0x00000000        0xc .\CortexM3\ARM_GCC_541\Debug\steppermotorLab1.a(Timer_1.o)
 .text.Timer_1_ReadCapture
                0x00000000        0xc .\CortexM3\ARM_GCC_541\Debug\steppermotorLab1.a(Timer_1.o)
 .text.Timer_1_ReadCounter
                0x00000000       0x14 .\CortexM3\ARM_GCC_541\Debug\steppermotorLab1.a(Timer_1.o)
 .text          0x00000000        0x0 .\CortexM3\ARM_GCC_541\Debug\steppermotorLab1.a(isr_timer.o)
 .data          0x00000000        0x0 .\CortexM3\ARM_GCC_541\Debug\steppermotorLab1.a(isr_timer.o)
 .bss           0x00000000        0x0 .\CortexM3\ARM_GCC_541\Debug\steppermotorLab1.a(isr_timer.o)
 .text.isr_timer_Interrupt
                0x00000000        0x4 .\CortexM3\ARM_GCC_541\Debug\steppermotorLab1.a(isr_timer.o)
 .text.isr_timer_GetVector
                0x00000000        0xc .\CortexM3\ARM_GCC_541\Debug\steppermotorLab1.a(isr_timer.o)
 .text.isr_timer_GetPriority
                0x00000000        0xc .\CortexM3\ARM_GCC_541\Debug\steppermotorLab1.a(isr_timer.o)
 .text.isr_timer_GetState
                0x00000000       0x10 .\CortexM3\ARM_GCC_541\Debug\steppermotorLab1.a(isr_timer.o)
 .text.isr_timer_Start
                0x00000000       0x1c .\CortexM3\ARM_GCC_541\Debug\steppermotorLab1.a(isr_timer.o)
 .text.isr_timer_Stop
                0x00000000       0x14 .\CortexM3\ARM_GCC_541\Debug\steppermotorLab1.a(isr_timer.o)
 .text.isr_timer_SetPending
                0x00000000        0xc .\CortexM3\ARM_GCC_541\Debug\steppermotorLab1.a(isr_timer.o)
 .text.isr_timer_ClearPending
                0x00000000        0xc .\CortexM3\ARM_GCC_541\Debug\steppermotorLab1.a(isr_timer.o)
 .data          0x00000000        0x0 .\CortexM3\ARM_GCC_541\Debug\steppermotorLab1.a(CyBootAsmGnu.o)
 .bss           0x00000000        0x0 .\CortexM3\ARM_GCC_541\Debug\steppermotorLab1.a(CyBootAsmGnu.o)
 .text          0x00000000        0x0 .\CortexM3\ARM_GCC_541\Debug\steppermotorLab1.a(CyFlash.o)
 .data          0x00000000        0x0 .\CortexM3\ARM_GCC_541\Debug\steppermotorLab1.a(CyFlash.o)
 .bss           0x00000000        0x0 .\CortexM3\ARM_GCC_541\Debug\steppermotorLab1.a(CyFlash.o)
 .text.CySetTempInt
                0x00000000       0x60 .\CortexM3\ARM_GCC_541\Debug\steppermotorLab1.a(CyFlash.o)
 .text.CyFlash_Start
                0x00000000       0x54 .\CortexM3\ARM_GCC_541\Debug\steppermotorLab1.a(CyFlash.o)
 .text.CyFlash_Stop
                0x00000000       0x24 .\CortexM3\ARM_GCC_541\Debug\steppermotorLab1.a(CyFlash.o)
 .text.CyFlash_EraseRow
                0x00000000       0x78 .\CortexM3\ARM_GCC_541\Debug\steppermotorLab1.a(CyFlash.o)
 .text.CyFlashGetSpcAlgorithm
                0x00000000       0x4c .\CortexM3\ARM_GCC_541\Debug\steppermotorLab1.a(CyFlash.o)
 .text.CySetTemp
                0x00000000       0x14 .\CortexM3\ARM_GCC_541\Debug\steppermotorLab1.a(CyFlash.o)
 .text.CySetFlashEEBuffer
                0x00000000       0x20 .\CortexM3\ARM_GCC_541\Debug\steppermotorLab1.a(CyFlash.o)
 .text.CyWriteRowFull
                0x00000000       0xf8 .\CortexM3\ARM_GCC_541\Debug\steppermotorLab1.a(CyFlash.o)
 .text.CyWriteRowData
                0x00000000       0x14 .\CortexM3\ARM_GCC_541\Debug\steppermotorLab1.a(CyFlash.o)
 .text.CyFlash_SetWaitCycles
                0x00000000       0x7c .\CortexM3\ARM_GCC_541\Debug\steppermotorLab1.a(CyFlash.o)
 .text.CyEEPROM_Start
                0x00000000       0x54 .\CortexM3\ARM_GCC_541\Debug\steppermotorLab1.a(CyFlash.o)
 .text.CyEEPROM_Stop
                0x00000000       0x24 .\CortexM3\ARM_GCC_541\Debug\steppermotorLab1.a(CyFlash.o)
 .text.CyEEPROM_ReadReserve
                0x00000000       0x1c .\CortexM3\ARM_GCC_541\Debug\steppermotorLab1.a(CyFlash.o)
 .text.CyEEPROM_ReadRelease
                0x00000000       0x10 .\CortexM3\ARM_GCC_541\Debug\steppermotorLab1.a(CyFlash.o)
 COMMON         0x00000000        0x2 .\CortexM3\ARM_GCC_541\Debug\steppermotorLab1.a(CyFlash.o)
 .text          0x00000000        0x0 .\CortexM3\ARM_GCC_541\Debug\steppermotorLab1.a(CySpc.o)
 .data          0x00000000        0x0 .\CortexM3\ARM_GCC_541\Debug\steppermotorLab1.a(CySpc.o)
 .bss           0x00000000        0x8 .\CortexM3\ARM_GCC_541\Debug\steppermotorLab1.a(CySpc.o)
 .text.CySpcStart
                0x00000000       0x24 .\CortexM3\ARM_GCC_541\Debug\steppermotorLab1.a(CySpc.o)
 .text.CySpcStop
                0x00000000       0x24 .\CortexM3\ARM_GCC_541\Debug\steppermotorLab1.a(CySpc.o)
 .text.CySpcReadData
                0x00000000       0x34 .\CortexM3\ARM_GCC_541\Debug\steppermotorLab1.a(CySpc.o)
 .text.CySpcLoadMultiByte
                0x00000000       0x78 .\CortexM3\ARM_GCC_541\Debug\steppermotorLab1.a(CySpc.o)
 .text.CySpcLoadRow
                0x00000000       0x50 .\CortexM3\ARM_GCC_541\Debug\steppermotorLab1.a(CySpc.o)
 .text.CySpcLoadRowFull
                0x00000000       0x80 .\CortexM3\ARM_GCC_541\Debug\steppermotorLab1.a(CySpc.o)
 .text.CySpcWriteRow
                0x00000000       0x4c .\CortexM3\ARM_GCC_541\Debug\steppermotorLab1.a(CySpc.o)
 .text.CySpcEraseSector
                0x00000000       0x3c .\CortexM3\ARM_GCC_541\Debug\steppermotorLab1.a(CySpc.o)
 .text.CySpcEraseRow
                0x00000000       0x4c .\CortexM3\ARM_GCC_541\Debug\steppermotorLab1.a(CySpc.o)
 .text.CySpcGetTemp
                0x00000000       0x3c .\CortexM3\ARM_GCC_541\Debug\steppermotorLab1.a(CySpc.o)
 .text.CySpcLock
                0x00000000       0x4c .\CortexM3\ARM_GCC_541\Debug\steppermotorLab1.a(CySpc.o)
 .text.CySpcUnlock
                0x00000000       0x38 .\CortexM3\ARM_GCC_541\Debug\steppermotorLab1.a(CySpc.o)
 .text.CySpcGetAlgorithm
                0x00000000       0x28 .\CortexM3\ARM_GCC_541\Debug\steppermotorLab1.a(CySpc.o)
 .text          0x00000000        0x0 c:/program files (x86)/cypress/psoc creator/4.3/psoc creator/import/gnu/arm/5.4.1/bin/../lib/gcc/arm-none-eabi/5.4.1/../../../../arm-none-eabi/lib/armv7-m\libg_nano.a(lib_a-errno.o)
 .data          0x00000000        0x0 c:/program files (x86)/cypress/psoc creator/4.3/psoc creator/import/gnu/arm/5.4.1/bin/../lib/gcc/arm-none-eabi/5.4.1/../../../../arm-none-eabi/lib/armv7-m\libg_nano.a(lib_a-errno.o)
 .bss           0x00000000        0x0 c:/program files (x86)/cypress/psoc creator/4.3/psoc creator/import/gnu/arm/5.4.1/bin/../lib/gcc/arm-none-eabi/5.4.1/../../../../arm-none-eabi/lib/armv7-m\libg_nano.a(lib_a-errno.o)
 .text          0x00000000        0x0 c:/program files (x86)/cypress/psoc creator/4.3/psoc creator/import/gnu/arm/5.4.1/bin/../lib/gcc/arm-none-eabi/5.4.1/../../../../arm-none-eabi/lib/armv7-m\libg_nano.a(lib_a-exit.o)
 .data          0x00000000        0x0 c:/program files (x86)/cypress/psoc creator/4.3/psoc creator/import/gnu/arm/5.4.1/bin/../lib/gcc/arm-none-eabi/5.4.1/../../../../arm-none-eabi/lib/armv7-m\libg_nano.a(lib_a-exit.o)
 .bss           0x00000000        0x0 c:/program files (x86)/cypress/psoc creator/4.3/psoc creator/import/gnu/arm/5.4.1/bin/../lib/gcc/arm-none-eabi/5.4.1/../../../../arm-none-eabi/lib/armv7-m\libg_nano.a(lib_a-exit.o)
 .text.exit     0x00000000       0x28 c:/program files (x86)/cypress/psoc creator/4.3/psoc creator/import/gnu/arm/5.4.1/bin/../lib/gcc/arm-none-eabi/5.4.1/../../../../arm-none-eabi/lib/armv7-m\libg_nano.a(lib_a-exit.o)
 .text          0x00000000        0x0 c:/program files (x86)/cypress/psoc creator/4.3/psoc creator/import/gnu/arm/5.4.1/bin/../lib/gcc/arm-none-eabi/5.4.1/../../../../arm-none-eabi/lib/armv7-m\libg_nano.a(lib_a-impure.o)
 .data          0x00000000        0x0 c:/program files (x86)/cypress/psoc creator/4.3/psoc creator/import/gnu/arm/5.4.1/bin/../lib/gcc/arm-none-eabi/5.4.1/../../../../arm-none-eabi/lib/armv7-m\libg_nano.a(lib_a-impure.o)
 .bss           0x00000000        0x0 c:/program files (x86)/cypress/psoc creator/4.3/psoc creator/import/gnu/arm/5.4.1/bin/../lib/gcc/arm-none-eabi/5.4.1/../../../../arm-none-eabi/lib/armv7-m\libg_nano.a(lib_a-impure.o)
 .rodata._global_impure_ptr
                0x00000000        0x4 c:/program files (x86)/cypress/psoc creator/4.3/psoc creator/import/gnu/arm/5.4.1/bin/../lib/gcc/arm-none-eabi/5.4.1/../../../../arm-none-eabi/lib/armv7-m\libg_nano.a(lib_a-impure.o)
 .text          0x00000000        0x0 c:/program files (x86)/cypress/psoc creator/4.3/psoc creator/import/gnu/arm/5.4.1/bin/../lib/gcc/arm-none-eabi/5.4.1/../../../../arm-none-eabi/lib/armv7-m\libg_nano.a(lib_a-init.o)
 .data          0x00000000        0x0 c:/program files (x86)/cypress/psoc creator/4.3/psoc creator/import/gnu/arm/5.4.1/bin/../lib/gcc/arm-none-eabi/5.4.1/../../../../arm-none-eabi/lib/armv7-m\libg_nano.a(lib_a-init.o)
 .bss           0x00000000        0x0 c:/program files (x86)/cypress/psoc creator/4.3/psoc creator/import/gnu/arm/5.4.1/bin/../lib/gcc/arm-none-eabi/5.4.1/../../../../arm-none-eabi/lib/armv7-m\libg_nano.a(lib_a-init.o)
 .text          0x00000000        0x0 c:/program files (x86)/cypress/psoc creator/4.3/psoc creator/import/gnu/arm/5.4.1/bin/../lib/gcc/arm-none-eabi/5.4.1/../../../../arm-none-eabi/lib/armv7-m\libg_nano.a(lib_a-memcpy-stub.o)
 .data          0x00000000        0x0 c:/program files (x86)/cypress/psoc creator/4.3/psoc creator/import/gnu/arm/5.4.1/bin/../lib/gcc/arm-none-eabi/5.4.1/../../../../arm-none-eabi/lib/armv7-m\libg_nano.a(lib_a-memcpy-stub.o)
 .bss           0x00000000        0x0 c:/program files (x86)/cypress/psoc creator/4.3/psoc creator/import/gnu/arm/5.4.1/bin/../lib/gcc/arm-none-eabi/5.4.1/../../../../arm-none-eabi/lib/armv7-m\libg_nano.a(lib_a-memcpy-stub.o)
 .text          0x00000000        0x0 c:/program files (x86)/cypress/psoc creator/4.3/psoc creator/import/gnu/arm/5.4.1/bin/../lib/gcc/arm-none-eabi/5.4.1/../../../../arm-none-eabi/lib/armv7-m\libg_nano.a(lib_a-memset.o)
 .data          0x00000000        0x0 c:/program files (x86)/cypress/psoc creator/4.3/psoc creator/import/gnu/arm/5.4.1/bin/../lib/gcc/arm-none-eabi/5.4.1/../../../../arm-none-eabi/lib/armv7-m\libg_nano.a(lib_a-memset.o)
 .bss           0x00000000        0x0 c:/program files (x86)/cypress/psoc creator/4.3/psoc creator/import/gnu/arm/5.4.1/bin/../lib/gcc/arm-none-eabi/5.4.1/../../../../arm-none-eabi/lib/armv7-m\libg_nano.a(lib_a-memset.o)
 .text          0x00000000        0x0 c:/program files (x86)/cypress/psoc creator/4.3/psoc creator/import/gnu/arm/5.4.1/bin/../lib/gcc/arm-none-eabi/5.4.1/armv7-m/crtend.o
 .data          0x00000000        0x0 c:/program files (x86)/cypress/psoc creator/4.3/psoc creator/import/gnu/arm/5.4.1/bin/../lib/gcc/arm-none-eabi/5.4.1/armv7-m/crtend.o
 .bss           0x00000000        0x0 c:/program files (x86)/cypress/psoc creator/4.3/psoc creator/import/gnu/arm/5.4.1/bin/../lib/gcc/arm-none-eabi/5.4.1/armv7-m/crtend.o
 .text          0x00000000        0x0 c:/program files (x86)/cypress/psoc creator/4.3/psoc creator/import/gnu/arm/5.4.1/bin/../lib/gcc/arm-none-eabi/5.4.1/armv7-m/crtn.o
 .data          0x00000000        0x0 c:/program files (x86)/cypress/psoc creator/4.3/psoc creator/import/gnu/arm/5.4.1/bin/../lib/gcc/arm-none-eabi/5.4.1/armv7-m/crtn.o
 .bss           0x00000000        0x0 c:/program files (x86)/cypress/psoc creator/4.3/psoc creator/import/gnu/arm/5.4.1/bin/../lib/gcc/arm-none-eabi/5.4.1/armv7-m/crtn.o

Memory Configuration

Name             Origin             Length             Attributes
rom              0x00000000         0x00040000         xr
ram              0x1fff8000         0x00010000         xrw
*default*        0x00000000         0xffffffff

Linker script and memory map

LOAD c:/program files (x86)/cypress/psoc creator/4.3/psoc creator/import/gnu/arm/5.4.1/bin/../lib/gcc/arm-none-eabi/5.4.1/armv7-m/crti.o
LOAD c:/program files (x86)/cypress/psoc creator/4.3/psoc creator/import/gnu/arm/5.4.1/bin/../lib/gcc/arm-none-eabi/5.4.1/armv7-m/crtbegin.o
LOAD c:/program files (x86)/cypress/psoc creator/4.3/psoc creator/import/gnu/arm/5.4.1/bin/../lib/gcc/arm-none-eabi/5.4.1/../../../../arm-none-eabi/lib/armv7-m/crt0.o
START GROUP
LOAD .\CortexM3\ARM_GCC_541\Debug\main.o
LOAD .\CortexM3\ARM_GCC_541\Debug\cyfitter_cfg.o
LOAD .\CortexM3\ARM_GCC_541\Debug\cymetadata.o
LOAD .\CortexM3\ARM_GCC_541\Debug\Cm3Start.o
LOAD .\CortexM3\ARM_GCC_541\Debug\steppermotorLab1.a
LOAD C:\Program Files (x86)\Cypress\PSoC Creator\4.3\PSoC Creator\psoc\content\cycomponentlibrary\CyComponentLibrary.cylib\CortexM3\ARM_GCC_541\Debug\CyComponentLibrary.a
END GROUP
START GROUP
LOAD c:/program files (x86)/cypress/psoc creator/4.3/psoc creator/import/gnu/arm/5.4.1/bin/../lib/gcc/arm-none-eabi/5.4.1/armv7-m\libgcc.a
LOAD c:/program files (x86)/cypress/psoc creator/4.3/psoc creator/import/gnu/arm/5.4.1/bin/../lib/gcc/arm-none-eabi/5.4.1/../../../../arm-none-eabi/lib/armv7-m\libg_nano.a
LOAD c:/program files (x86)/cypress/psoc creator/4.3/psoc creator/import/gnu/arm/5.4.1/bin/../lib/gcc/arm-none-eabi/5.4.1/../../../../arm-none-eabi/lib/armv7-m\libc_nano.a
END GROUP
START GROUP
LOAD c:/program files (x86)/cypress/psoc creator/4.3/psoc creator/import/gnu/arm/5.4.1/bin/../lib/gcc/arm-none-eabi/5.4.1/armv7-m\libgcc.a
LOAD c:/program files (x86)/cypress/psoc creator/4.3/psoc creator/import/gnu/arm/5.4.1/bin/../lib/gcc/arm-none-eabi/5.4.1/../../../../arm-none-eabi/lib/armv7-m\libc_nano.a
END GROUP
LOAD c:/program files (x86)/cypress/psoc creator/4.3/psoc creator/import/gnu/arm/5.4.1/bin/../lib/gcc/arm-none-eabi/5.4.1/armv7-m/crtend.o
LOAD c:/program files (x86)/cypress/psoc creator/4.3/psoc creator/import/gnu/arm/5.4.1/bin/../lib/gcc/arm-none-eabi/5.4.1/armv7-m/crtn.o
START GROUP
LOAD c:/program files (x86)/cypress/psoc creator/4.3/psoc creator/import/gnu/arm/5.4.1/bin/../lib/gcc/arm-none-eabi/5.4.1/armv7-m\libgcc.a
LOAD c:/program files (x86)/cypress/psoc creator/4.3/psoc creator/import/gnu/arm/5.4.1/bin/../lib/gcc/arm-none-eabi/5.4.1/../../../../arm-none-eabi/lib/armv7-m\libc.a
LOAD c:/program files (x86)/cypress/psoc creator/4.3/psoc creator/import/gnu/arm/5.4.1/bin/../lib/gcc/arm-none-eabi/5.4.1/../../../../arm-none-eabi/lib/armv7-m\libnosys.a
END GROUP
                0x00000000                CY_APPL_ORIGIN = 0x0
                0x00000100                CY_FLASH_ROW_SIZE = 0x100
                0x00000020                CY_ECC_ROW_SIZE = 0x20
                0x00000000                CY_EE_IN_BTLDR = 0x0
                0x00000000                CY_APPL_LOADABLE = 0x0
                0x00000800                CY_EE_SIZE = 0x800
                0x00000001                CY_APPL_NUM = 0x1
                0x00000001                CY_APPL_MAX = 0x1
                0x00000040                CY_METADATA_SIZE = 0x40
                0x00000000                CY_APPL_LOADABLE = 0x0
                0x00000000                CY_CHECKSUM_EXCLUDE_SIZE = ALIGN (0x0, CY_FLASH_ROW_SIZE)
                [!provide]                PROVIDE (__cy_heap_start, _end)
                0x00000001                PROVIDE (__cy_region_num, ((__cy_regions_end - __cy_regions) / 0x10))
                0x20008000                PROVIDE (__cy_stack, (ORIGIN (ram) + LENGTH (ram)))
                [!provide]                PROVIDE (__cy_heap_end, (__cy_stack - 0x800))

.cybootloader   0x00000000        0x0
 *(.cybootloader)
                0x00000000                appl1_start = CY_APPL_ORIGIN?CY_APPL_ORIGIN:ALIGN (CY_FLASH_ROW_SIZE)
                0x0001ff00                appl2_start = (appl1_start + ALIGN ((((LENGTH (rom) - appl1_start) - (0x2 * CY_FLASH_ROW_SIZE)) / 0x2), CY_FLASH_ROW_SIZE))
                0x00000000                appl_start = (CY_APPL_NUM == 0x1)?appl1_start:appl2_start
                0x00000000                ecc_offset = ((appl_start / CY_FLASH_ROW_SIZE) * CY_ECC_ROW_SIZE)
                0x00000000                ee_offset = (CY_APPL_LOADABLE && ! (CY_EE_IN_BTLDR))?((CY_EE_SIZE / CY_APPL_MAX) * (CY_APPL_NUM - 0x1)):0x0
                0x00000800                ee_size = (CY_APPL_LOADABLE && ! (CY_EE_IN_BTLDR))?(CY_EE_SIZE / CY_APPL_MAX):CY_EE_SIZE
                [!provide]                PROVIDE (CY_ECC_OFFSET, ecc_offset)

.text           0x00000000      0xf4e
 CREATE_OBJECT_SYMBOLS
                0x00000000                PROVIDE (__cy_interrupt_vector, RomVectors)
 *(.romvectors)
 .romvectors    0x00000000       0x10 .\CortexM3\ARM_GCC_541\Debug\Cm3Start.o
                0x00000000                RomVectors
                0x00000001                ASSERT ((. != __cy_interrupt_vector), No interrupt vector)
                0x00000001                ASSERT (CY_APPL_ORIGIN?(SIZEOF (.cybootloader) <= CY_APPL_ORIGIN):0x1, Wrong image location)
                0x00000010                PROVIDE (__cy_reset, Reset)
 *(.text.Reset)
 .text.Reset    0x00000010       0x18 .\CortexM3\ARM_GCC_541\Debug\Cm3Start.o
                0x00000010                Reset
                0x00000001                ASSERT ((. != __cy_reset), No reset code)
 *(.dma_init)
                0x00000001                ASSERT ((((appl_start + .) <= 0x10000) || 0x1), DMA Init must be within the first 64k of flash)
 *(.text .text.* .gnu.linkonce.t.*)
 .text          0x00000028       0x5c c:/program files (x86)/cypress/psoc creator/4.3/psoc creator/import/gnu/arm/5.4.1/bin/../lib/gcc/arm-none-eabi/5.4.1/armv7-m/crtbegin.o
 .text.main     0x00000084       0x74 .\CortexM3\ARM_GCC_541\Debug\main.o
                0x00000084                main
 .text.WaveDrive
                0x000000f8       0x18 .\CortexM3\ARM_GCC_541\Debug\main.o
                0x000000f8                WaveDrive
 .text.FullStep
                0x00000110       0x18 .\CortexM3\ARM_GCC_541\Debug\main.o
                0x00000110                FullStep
 .text.HalfStep
                0x00000128       0x18 .\CortexM3\ARM_GCC_541\Debug\main.o
                0x00000128                HalfStep
 .text.Stop     0x00000140       0x18 .\CortexM3\ARM_GCC_541\Debug\main.o
                0x00000140                Stop
 .text.skiftRet
                0x00000158       0x1c .\CortexM3\ARM_GCC_541\Debug\main.o
                0x00000158                skiftRet
 .text.increaseSpeed
                0x00000174       0x18 .\CortexM3\ARM_GCC_541\Debug\main.o
                0x00000174                increaseSpeed
 .text.decreaseSpeed
                0x0000018c       0x18 .\CortexM3\ARM_GCC_541\Debug\main.o
                0x0000018c                decreaseSpeed
 .text.handleByteReceived
                0x000001a4       0x80 .\CortexM3\ARM_GCC_541\Debug\main.o
                0x000001a4                handleByteReceived
 .text.ISR_UART_rx_handler
                0x00000224       0x24 .\CortexM3\ARM_GCC_541\Debug\main.o
                0x00000224                ISR_UART_rx_handler
 .text.status   0x00000248      0x668 .\CortexM3\ARM_GCC_541\Debug\main.o
                0x00000248                status
 .text.ISR_timer_handler
                0x000008b0       0x28 .\CortexM3\ARM_GCC_541\Debug\main.o
                0x000008b0                ISR_timer_handler
 .text.CyClockStartupError
                0x000008d8        0x4 .\CortexM3\ARM_GCC_541\Debug\cyfitter_cfg.o
 .text.cfg_write_bytes32
                0x000008dc       0x34 .\CortexM3\ARM_GCC_541\Debug\cyfitter_cfg.o
 .text.AnalogSetDefault
                0x00000910       0x28 .\CortexM3\ARM_GCC_541\Debug\cyfitter_cfg.o
 .text.CYMEMZERO
                0x00000938        0xc .\CortexM3\ARM_GCC_541\Debug\cyfitter_cfg.o
 .text.ClockSetup
                0x00000944       0xb8 .\CortexM3\ARM_GCC_541\Debug\cyfitter_cfg.o
 .text.CYCONFIGCPY
                0x000009fc        0x8 .\CortexM3\ARM_GCC_541\Debug\cyfitter_cfg.o
 .text.cyfitter_cfg
                0x00000a04      0x110 .\CortexM3\ARM_GCC_541\Debug\cyfitter_cfg.o
                0x00000a04                cyfitter_cfg
 .text.IntDefaultHandler
                0x00000b14       0x10 .\CortexM3\ARM_GCC_541\Debug\Cm3Start.o
                0x00000b14                IntDefaultHandler
 .text.Start_c  0x00000b24       0x4c .\CortexM3\ARM_GCC_541\Debug\Cm3Start.o
                0x00000b24                Start_c
 .text.initialize_psoc
                0x00000b70       0x68 .\CortexM3\ARM_GCC_541\Debug\Cm3Start.o
                0x00000b70                initialize_psoc
 .text.UART_1_Init
                0x00000bd8       0x24 .\CortexM3\ARM_GCC_541\Debug\steppermotorLab1.a(UART_1.o)
                0x00000bd8                UART_1_Init
 .text.UART_1_Enable
                0x00000bfc       0x38 .\CortexM3\ARM_GCC_541\Debug\steppermotorLab1.a(UART_1.o)
                0x00000bfc                UART_1_Enable
 .text.UART_1_Start
                0x00000c34       0x1c .\CortexM3\ARM_GCC_541\Debug\steppermotorLab1.a(UART_1.o)
                0x00000c34                UART_1_Start
 .text.UART_1_ReadRxData
                0x00000c50        0xc .\CortexM3\ARM_GCC_541\Debug\steppermotorLab1.a(UART_1.o)
                0x00000c50                UART_1_ReadRxData
 .text.UART_1_GetRxBufferSize
                0x00000c5c       0x18 .\CortexM3\ARM_GCC_541\Debug\steppermotorLab1.a(UART_1.o)
                0x00000c5c                UART_1_GetRxBufferSize
 .text.UART_1_WriteTxData
                0x00000c74       0x14 .\CortexM3\ARM_GCC_541\Debug\steppermotorLab1.a(UART_1.o)
                0x00000c74                UART_1_WriteTxData
 .text.UART_1_PutChar
                0x00000c88       0x18 .\CortexM3\ARM_GCC_541\Debug\steppermotorLab1.a(UART_1.o)
                0x00000c88                UART_1_PutChar
 .text.UART_1_PutString
                0x00000ca0       0x24 .\CortexM3\ARM_GCC_541\Debug\steppermotorLab1.a(UART_1.o)
                0x00000ca0                UART_1_PutString
 .text.isr_uart_rx_SetVector
                0x00000cc4        0xc .\CortexM3\ARM_GCC_541\Debug\steppermotorLab1.a(isr_uart_rx.o)
                0x00000cc4                isr_uart_rx_SetVector
 .text.isr_uart_rx_SetPriority
                0x00000cd0       0x10 .\CortexM3\ARM_GCC_541\Debug\steppermotorLab1.a(isr_uart_rx.o)
                0x00000cd0                isr_uart_rx_SetPriority
 .text.isr_uart_rx_Enable
                0x00000ce0        0xc .\CortexM3\ARM_GCC_541\Debug\steppermotorLab1.a(isr_uart_rx.o)
                0x00000ce0                isr_uart_rx_Enable
 .text.isr_uart_rx_Disable
                0x00000cec        0xc .\CortexM3\ARM_GCC_541\Debug\steppermotorLab1.a(isr_uart_rx.o)
                0x00000cec                isr_uart_rx_Disable
 .text.isr_uart_rx_StartEx
                0x00000cf8       0x1c .\CortexM3\ARM_GCC_541\Debug\steppermotorLab1.a(isr_uart_rx.o)
                0x00000cf8                isr_uart_rx_StartEx
 .text.Pin_1b_Write
                0x00000d14       0x18 .\CortexM3\ARM_GCC_541\Debug\steppermotorLab1.a(Pin_1b.o)
                0x00000d14                Pin_1b_Write
 .text.Pin_2a_Write
                0x00000d2c       0x18 .\CortexM3\ARM_GCC_541\Debug\steppermotorLab1.a(Pin_2a.o)
                0x00000d2c                Pin_2a_Write
 .text.Pin_1a_Write
                0x00000d44       0x18 .\CortexM3\ARM_GCC_541\Debug\steppermotorLab1.a(Pin_1a.o)
                0x00000d44                Pin_1a_Write
 .text.Pin_2b_Write
                0x00000d5c       0x18 .\CortexM3\ARM_GCC_541\Debug\steppermotorLab1.a(Pin_2b.o)
                0x00000d5c                Pin_2b_Write
 .text.UART_1_IntClock_Start
                0x00000d74       0x1c .\CortexM3\ARM_GCC_541\Debug\steppermotorLab1.a(UART_1_IntClock.o)
                0x00000d74                UART_1_IntClock_Start
 .text.Timer_1_Enable
                0x00000d90       0x28 .\CortexM3\ARM_GCC_541\Debug\steppermotorLab1.a(Timer_1.o)
                0x00000d90                Timer_1_Enable
 .text.Timer_1_SetInterruptMode
                0x00000db8        0xc .\CortexM3\ARM_GCC_541\Debug\steppermotorLab1.a(Timer_1.o)
                0x00000db8                Timer_1_SetInterruptMode
 .text.Timer_1_WritePeriod
                0x00000dc4        0xc .\CortexM3\ARM_GCC_541\Debug\steppermotorLab1.a(Timer_1.o)
                0x00000dc4                Timer_1_WritePeriod
 .text.Timer_1_WriteCounter
                0x00000dd0        0xc .\CortexM3\ARM_GCC_541\Debug\steppermotorLab1.a(Timer_1.o)
                0x00000dd0                Timer_1_WriteCounter
 .text.Timer_1_Init
                0x00000ddc       0x68 .\CortexM3\ARM_GCC_541\Debug\steppermotorLab1.a(Timer_1.o)
                0x00000ddc                Timer_1_Init
 .text.Timer_1_Start
                0x00000e44       0x1c .\CortexM3\ARM_GCC_541\Debug\steppermotorLab1.a(Timer_1.o)
                0x00000e44                Timer_1_Start
 .text.isr_timer_SetVector
                0x00000e60        0xc .\CortexM3\ARM_GCC_541\Debug\steppermotorLab1.a(isr_timer.o)
                0x00000e60                isr_timer_SetVector
 .text.isr_timer_SetPriority
                0x00000e6c       0x10 .\CortexM3\ARM_GCC_541\Debug\steppermotorLab1.a(isr_timer.o)
                0x00000e6c                isr_timer_SetPriority
 .text.isr_timer_Enable
                0x00000e7c        0xc .\CortexM3\ARM_GCC_541\Debug\steppermotorLab1.a(isr_timer.o)
                0x00000e7c                isr_timer_Enable
 .text.isr_timer_Disable
                0x00000e88        0xc .\CortexM3\ARM_GCC_541\Debug\steppermotorLab1.a(isr_timer.o)
                0x00000e88                isr_timer_Disable
 .text.isr_timer_StartEx
                0x00000e94       0x1c .\CortexM3\ARM_GCC_541\Debug\steppermotorLab1.a(isr_timer.o)
                0x00000e94                isr_timer_StartEx
 .text          0x00000eb0       0x20 .\CortexM3\ARM_GCC_541\Debug\steppermotorLab1.a(CyBootAsmGnu.o)
                0x00000eb0                CyDelayCycles
                0x00000ec0                CyEnterCriticalSection
                0x00000ec8                CyExitCriticalSection
 .text.__errno  0x00000ed0        0xc c:/program files (x86)/cypress/psoc creator/4.3/psoc creator/import/gnu/arm/5.4.1/bin/../lib/gcc/arm-none-eabi/5.4.1/../../../../arm-none-eabi/lib/armv7-m\libg_nano.a(lib_a-errno.o)
                0x00000ed0                __errno
 .text.__libc_init_array
                0x00000edc       0x4c c:/program files (x86)/cypress/psoc creator/4.3/psoc creator/import/gnu/arm/5.4.1/bin/../lib/gcc/arm-none-eabi/5.4.1/../../../../arm-none-eabi/lib/armv7-m\libg_nano.a(lib_a-init.o)
                0x00000edc                __libc_init_array
 .text.memcpy   0x00000f28       0x16 c:/program files (x86)/cypress/psoc creator/4.3/psoc creator/import/gnu/arm/5.4.1/bin/../lib/gcc/arm-none-eabi/5.4.1/../../../../arm-none-eabi/lib/armv7-m\libg_nano.a(lib_a-memcpy-stub.o)
                0x00000f28                memcpy
 .text.memset   0x00000f3e       0x10 c:/program files (x86)/cypress/psoc creator/4.3/psoc creator/import/gnu/arm/5.4.1/bin/../lib/gcc/arm-none-eabi/5.4.1/../../../../arm-none-eabi/lib/armv7-m\libg_nano.a(lib_a-memset.o)
                0x00000f3e                memset
 *(.plt)
 *(.gnu.warning)
 *(.glue_7t)
 .glue_7t       0x00000f4e        0x0 linker stubs
 *(.glue_7)
 .glue_7        0x00000f4e        0x0 linker stubs
 *(.vfp11_veneer)
 .vfp11_veneer  0x00000f4e        0x0 linker stubs
 *(.bootloader)
 *(.ARM.extab* .gnu.linkonce.armextab.*)
 *(.gcc_except_table)

.v4_bx          0x00000f50        0x0
 .v4_bx         0x00000f50        0x0 linker stubs

.iplt           0x00000f50        0x0
 .iplt          0x00000f50        0x0 c:/program files (x86)/cypress/psoc creator/4.3/psoc creator/import/gnu/arm/5.4.1/bin/../lib/gcc/arm-none-eabi/5.4.1/armv7-m/crtbegin.o

.eh_frame_hdr
 *(.eh_frame_hdr)

.eh_frame       0x00000f50        0x4
 *(.eh_frame)
 .eh_frame      0x00000f50        0x0 c:/program files (x86)/cypress/psoc creator/4.3/psoc creator/import/gnu/arm/5.4.1/bin/../lib/gcc/arm-none-eabi/5.4.1/armv7-m/crtbegin.o
 .eh_frame      0x00000f50        0x4 c:/program files (x86)/cypress/psoc creator/4.3/psoc creator/import/gnu/arm/5.4.1/bin/../lib/gcc/arm-none-eabi/5.4.1/armv7-m/crtend.o
                [!provide]                PROVIDE (__exidx_start, .)

.ARM.exidx
 *(.ARM.exidx* .gnu.linkonce.armexidx.*)
                0x00000f54                __exidx_end = .

.rodata         0x00000f54      0x254
 *(.rodata .rodata.* .gnu.linkonce.r.*)
 .rodata.str1.4
                0x00000f54      0x1c8 .\CortexM3\ARM_GCC_541\Debug\main.o
                                0x1c7 (size before relaxing)
 .rodata        0x0000111c       0x50 .\CortexM3\ARM_GCC_541\Debug\cyfitter_cfg.o
 .rodata.str1.1
                0x0000116c        0x2 c:/program files (x86)/cypress/psoc creator/4.3/psoc creator/import/gnu/arm/5.4.1/bin/../lib/gcc/arm-none-eabi/5.4.1/../../../../arm-none-eabi/lib/armv7-m\libg_nano.a(lib_a-impure.o)
                0x00001170                . = ALIGN (0x4)
 *fill*         0x0000116e        0x2 
 *(.init)
 .init          0x00001170        0x4 c:/program files (x86)/cypress/psoc creator/4.3/psoc creator/import/gnu/arm/5.4.1/bin/../lib/gcc/arm-none-eabi/5.4.1/armv7-m/crti.o
                0x00001170                _init
 .init          0x00001174        0x8 c:/program files (x86)/cypress/psoc creator/4.3/psoc creator/import/gnu/arm/5.4.1/bin/../lib/gcc/arm-none-eabi/5.4.1/armv7-m/crtn.o
                0x0000117c                . = ALIGN (0x4)
                0x0000117c                __preinit_array_start = .
 *(.preinit_array)
                0x0000117c                __preinit_array_end = .
                0x0000117c                . = ALIGN (0x4)
                0x0000117c                __init_array_start = .
 *(SORT(.init_array.*))
 *(.init_array)
 .init_array    0x0000117c        0x4 c:/program files (x86)/cypress/psoc creator/4.3/psoc creator/import/gnu/arm/5.4.1/bin/../lib/gcc/arm-none-eabi/5.4.1/armv7-m/crtbegin.o
 .init_array    0x00001180        0x4 .\CortexM3\ARM_GCC_541\Debug\Cm3Start.o
                0x00001184                __init_array_end = .
                0x00001184                . = ALIGN (0x4)
 *(.fini)
 .fini          0x00001184        0x4 c:/program files (x86)/cypress/psoc creator/4.3/psoc creator/import/gnu/arm/5.4.1/bin/../lib/gcc/arm-none-eabi/5.4.1/armv7-m/crti.o
                0x00001184                _fini
 .fini          0x00001188        0x8 c:/program files (x86)/cypress/psoc creator/4.3/psoc creator/import/gnu/arm/5.4.1/bin/../lib/gcc/arm-none-eabi/5.4.1/armv7-m/crtn.o
                0x00001190                . = ALIGN (0x4)
                0x00001190                __fini_array_start = .
 *(.fini_array)
 .fini_array    0x00001190        0x4 c:/program files (x86)/cypress/psoc creator/4.3/psoc creator/import/gnu/arm/5.4.1/bin/../lib/gcc/arm-none-eabi/5.4.1/armv7-m/crtbegin.o
 *(SORT(.fini_array.*))
                0x00001194                __fini_array_end = .
                0x00001194                . = ALIGN (0x4)
 *crtbegin.o(.ctors)
 *(EXCLUDE_FILE(*crtend.o) .ctors)
 *(SORT(.ctors.*))
 *crtend.o(.ctors)
                0x00001194                . = ALIGN (0x4)
 *crtbegin.o(.dtors)
 *(EXCLUDE_FILE(*crtend.o) .dtors)
 *(SORT(.dtors.*))
 *crtend.o(.dtors)
                0x00001194                . = ALIGN (0x4)
                0x00001194                __cy_regions = .
                0x00001194        0x4 LONG 0x11a8 __cy_region_init_ram
                0x00001198        0x4 LONG 0x1fff80c8 __cy_region_start_data
                0x0000119c        0x4 LONG 0x70 __cy_region_init_size_ram
                0x000011a0        0x4 LONG 0x28 __cy_region_zero_size_ram
                0x000011a4                __cy_regions_end = .
                0x000011a8                . = ALIGN (0x8)
 *fill*         0x000011a4        0x4 
                0x000011a8                _etext = .

.cy_checksum_exclude
                0x000011a8        0x0
 *(.cy_checksum_exclude)

.ramvectors     0x1fff8000       0xc0
                0x1fff8000                __cy_region_start_ram = .
 *(.ramvectors)
 .ramvectors    0x1fff8000       0xc0 .\CortexM3\ARM_GCC_541\Debug\Cm3Start.o
                0x1fff8000                CyRamVectors

.noinit         0x1fff80c0        0x1
 *(.noinit)
 .noinit        0x1fff80c0        0x1 .\CortexM3\ARM_GCC_541\Debug\steppermotorLab1.a(CyLib.o)
                0x1fff80c0                CyResetStatus

.data           0x1fff80c8       0x70 load address 0x000011a8
                0x1fff80c8                __cy_region_start_data = .
 *(.jcr)
 .jcr           0x1fff80c8        0x0 c:/program files (x86)/cypress/psoc creator/4.3/psoc creator/import/gnu/arm/5.4.1/bin/../lib/gcc/arm-none-eabi/5.4.1/armv7-m/crtbegin.o
 .jcr           0x1fff80c8        0x4 c:/program files (x86)/cypress/psoc creator/4.3/psoc creator/import/gnu/arm/5.4.1/bin/../lib/gcc/arm-none-eabi/5.4.1/armv7-m/crtend.o
 *(.got.plt)
 *(.got)
 *(.shdata)
 *(.data .data.* .gnu.linkonce.d.*)
 .data          0x1fff80cc        0x8 .\CortexM3\ARM_GCC_541\Debug\main.o
                0x1fff80ce                period
                0x1fff80d0                High
                0x1fff80d2                timerInterrupt
 .data.impure_data
                0x1fff80d4       0x60 c:/program files (x86)/cypress/psoc creator/4.3/psoc creator/import/gnu/arm/5.4.1/bin/../lib/gcc/arm-none-eabi/5.4.1/../../../../arm-none-eabi/lib/armv7-m\libg_nano.a(lib_a-impure.o)
 .data._impure_ptr
                0x1fff8134        0x4 c:/program files (x86)/cypress/psoc creator/4.3/psoc creator/import/gnu/arm/5.4.1/bin/../lib/gcc/arm-none-eabi/5.4.1/../../../../arm-none-eabi/lib/armv7-m\libg_nano.a(lib_a-impure.o)
                0x1fff8134                _impure_ptr
                0x1fff8138                . = ALIGN (0x8)
 *(.ram)
                0x1fff8138                _edata = .

.igot.plt       0x1fff8138        0x0 load address 0x00001218
 .igot.plt      0x1fff8138        0x0 c:/program files (x86)/cypress/psoc creator/4.3/psoc creator/import/gnu/arm/5.4.1/bin/../lib/gcc/arm-none-eabi/5.4.1/armv7-m/crtbegin.o

.bss            0x1fff8138       0x28 load address 0x00001218
                0x1fff8138                PROVIDE (__bss_start__, .)
 *(.shbss)
 *(.bss .bss.* .gnu.linkonce.b.*)
 .bss           0x1fff8138       0x1c c:/program files (x86)/cypress/psoc creator/4.3/psoc creator/import/gnu/arm/5.4.1/bin/../lib/gcc/arm-none-eabi/5.4.1/armv7-m/crtbegin.o
 .bss           0x1fff8154        0x6 .\CortexM3\ARM_GCC_541\Debug\main.o
                0x1fff8156                Low
                0x1fff8158                timerCount
 .bss           0x1fff815a        0x2 .\CortexM3\ARM_GCC_541\Debug\steppermotorLab1.a(UART_1.o)
                0x1fff815a                UART_1_initVar
 .bss           0x1fff815c        0x1 .\CortexM3\ARM_GCC_541\Debug\steppermotorLab1.a(Timer_1.o)
                0x1fff815c                Timer_1_initVar
 *(COMMON)
                0x1fff8160                . = ALIGN (0x8)
 *fill*         0x1fff815d        0x3 
 *(.ram.b)
                0x1fff8160                _end = .
                0x1fff8160                __end = .
                0x1fff8160                PROVIDE (end, .)
                0x1fff8160                PROVIDE (__bss_end__, .)
                0x000011a8                __cy_region_init_ram = LOADADDR (.data)
                0x00000070                __cy_region_init_size_ram = (_edata - ADDR (.data))
                0x00000028                __cy_region_zero_size_ram = (_end - _edata)

.heap           0x1fff8160       0x80 load address 0x00001218
                0x1fff8160                . = _end
                0x1fff81e0                . = (. + 0x80)
 *fill*         0x1fff8160       0x80 
                0x1fff81e0                __cy_heap_limit = .

.stack          0x20007800      0x800
                0x20007800                __cy_stack_limit = .
                0x20008000                . = (. + 0x800)
 *fill*         0x20007800      0x800 
                0x00000001                ASSERT ((__cy_stack_limit >= __cy_heap_limit), region RAM overflowed with stack)
                0x00000000                cy_checksum_exclude_size = (CY_APPL_LOADABLE == 0x1)?SIZEOF (.cy_checksum_exclude):0x0
                0x00000001                ASSERT ((cy_checksum_exclude_size <= CY_CHECKSUM_EXCLUDE_SIZE), CY_BOOT: Section .cy_checksum_exclude size exceedes specified limit.)

.cyloadermeta
 *(.cyloadermeta)

.cyloadablemeta
 *(.cyloadablemeta)

.cyconfigecc    0x80000000      0x348
 *(.cyconfigecc)
 .cyconfigecc   0x80000000      0x348 .\CortexM3\ARM_GCC_541\Debug\cymetadata.o
                0x80000000                cy_meta_configecc

.cycustnvl      0x90000000        0x4
 *(.cycustnvl)
 .cycustnvl     0x90000000        0x4 .\CortexM3\ARM_GCC_541\Debug\cymetadata.o
                0x90000000                cy_meta_custnvl

.cywolatch      0x90100000        0x4
 *(.cywolatch)
 .cywolatch     0x90100000        0x4 .\CortexM3\ARM_GCC_541\Debug\cymetadata.o
                0x90100000                cy_meta_wonvl

.cyeeprom       0x90200000        0x0
 *(.cyeeprom)
                0x00000001                ASSERT ((. <= ((0x90200000 + ee_offset) + ee_size)), .cyeeprom data will not fit in EEPROM)

.cyflashprotect
                0x90400000      0x100
 *(.cyflashprotect)
 .cyflashprotect
                0x90400000      0x100 .\CortexM3\ARM_GCC_541\Debug\cymetadata.o
                0x90400000                cy_meta_flashprotect

.cymeta         0x90500000        0xc
 *(.cymeta)
 .cymeta        0x90500000        0xc .\CortexM3\ARM_GCC_541\Debug\cymetadata.o
                0x90500000                cy_metadata

.rel.dyn        0x00001218        0x0 load address 0x9050000c
 .rel.iplt      0x00001218        0x0 c:/program files (x86)/cypress/psoc creator/4.3/psoc creator/import/gnu/arm/5.4.1/bin/../lib/gcc/arm-none-eabi/5.4.1/armv7-m/crtbegin.o

.stab
 *(.stab)

.stabstr
 *(.stabstr)

.debug
 *(.debug)

.line
 *(.line)

.debug_srcinfo
 *(.debug_srcinfo)

.debug_sfnames
 *(.debug_sfnames)

.debug_aranges  0x00000000      0x958
 *(.debug_aranges)
 .debug_aranges
                0x00000000       0x78 .\CortexM3\ARM_GCC_541\Debug\main.o
 .debug_aranges
                0x00000078       0x58 .\CortexM3\ARM_GCC_541\Debug\cyfitter_cfg.o
 .debug_aranges
                0x000000d0       0x18 .\CortexM3\ARM_GCC_541\Debug\cymetadata.o
 .debug_aranges
                0x000000e8       0x48 .\CortexM3\ARM_GCC_541\Debug\Cm3Start.o
 .debug_aranges
                0x00000130       0xf0 .\CortexM3\ARM_GCC_541\Debug\steppermotorLab1.a(UART_1.o)
 .debug_aranges
                0x00000220       0x80 .\CortexM3\ARM_GCC_541\Debug\steppermotorLab1.a(isr_uart_rx.o)
 .debug_aranges
                0x000002a0       0x38 .\CortexM3\ARM_GCC_541\Debug\steppermotorLab1.a(Pin_1b.o)
 .debug_aranges
                0x000002d8       0x38 .\CortexM3\ARM_GCC_541\Debug\steppermotorLab1.a(Pin_2a.o)
 .debug_aranges
                0x00000310       0x38 .\CortexM3\ARM_GCC_541\Debug\steppermotorLab1.a(Pin_1a.o)
 .debug_aranges
                0x00000348       0x38 .\CortexM3\ARM_GCC_541\Debug\steppermotorLab1.a(Pin_2b.o)
 .debug_aranges
                0x00000380       0x70 .\CortexM3\ARM_GCC_541\Debug\steppermotorLab1.a(UART_1_IntClock.o)
 .debug_aranges
                0x000003f0      0x2a0 .\CortexM3\ARM_GCC_541\Debug\steppermotorLab1.a(CyLib.o)
 .debug_aranges
                0x00000690       0x98 .\CortexM3\ARM_GCC_541\Debug\steppermotorLab1.a(cyPm.o)
 .debug_aranges
                0x00000728       0x88 .\CortexM3\ARM_GCC_541\Debug\steppermotorLab1.a(Timer_1.o)
 .debug_aranges
                0x000007b0       0x80 .\CortexM3\ARM_GCC_541\Debug\steppermotorLab1.a(isr_timer.o)
 .debug_aranges
                0x00000830       0x20 .\CortexM3\ARM_GCC_541\Debug\steppermotorLab1.a(CyBootAsmGnu.o)
 .debug_aranges
                0x00000850       0x88 .\CortexM3\ARM_GCC_541\Debug\steppermotorLab1.a(CyFlash.o)
 .debug_aranges
                0x000008d8       0x80 .\CortexM3\ARM_GCC_541\Debug\steppermotorLab1.a(CySpc.o)

.debug_pubnames
 *(.debug_pubnames)

.debug_info     0x00000000     0x56b8
 *(.debug_info .gnu.linkonce.wi.*)
 .debug_info    0x00000000      0xd09 .\CortexM3\ARM_GCC_541\Debug\main.o
 .debug_info    0x00000d09      0x5a8 .\CortexM3\ARM_GCC_541\Debug\cyfitter_cfg.o
 .debug_info    0x000012b1      0x135 .\CortexM3\ARM_GCC_541\Debug\cymetadata.o
 .debug_info    0x000013e6      0x3bb .\CortexM3\ARM_GCC_541\Debug\Cm3Start.o
 .debug_info    0x000017a1      0x60c .\CortexM3\ARM_GCC_541\Debug\steppermotorLab1.a(UART_1.o)
 .debug_info    0x00001dad      0x2d2 .\CortexM3\ARM_GCC_541\Debug\steppermotorLab1.a(isr_uart_rx.o)
 .debug_info    0x0000207f      0x11f .\CortexM3\ARM_GCC_541\Debug\steppermotorLab1.a(Pin_1b.o)
 .debug_info    0x0000219e      0x11f .\CortexM3\ARM_GCC_541\Debug\steppermotorLab1.a(Pin_2a.o)
 .debug_info    0x000022bd      0x11f .\CortexM3\ARM_GCC_541\Debug\steppermotorLab1.a(Pin_1a.o)
 .debug_info    0x000023dc      0x11f .\CortexM3\ARM_GCC_541\Debug\steppermotorLab1.a(Pin_2b.o)
 .debug_info    0x000024fb      0x283 .\CortexM3\ARM_GCC_541\Debug\steppermotorLab1.a(UART_1_IntClock.o)
 .debug_info    0x0000277e     0x1374 .\CortexM3\ARM_GCC_541\Debug\steppermotorLab1.a(CyLib.o)
 .debug_info    0x00003af2      0xa2a .\CortexM3\ARM_GCC_541\Debug\steppermotorLab1.a(cyPm.o)
 .debug_info    0x0000451c      0x295 .\CortexM3\ARM_GCC_541\Debug\steppermotorLab1.a(Timer_1.o)
 .debug_info    0x000047b1      0x2d2 .\CortexM3\ARM_GCC_541\Debug\steppermotorLab1.a(isr_timer.o)
 .debug_info    0x00004a83       0x98 .\CortexM3\ARM_GCC_541\Debug\steppermotorLab1.a(CyBootAsmGnu.o)
 .debug_info    0x00004b1b      0x64d .\CortexM3\ARM_GCC_541\Debug\steppermotorLab1.a(CyFlash.o)
 .debug_info    0x00005168      0x550 .\CortexM3\ARM_GCC_541\Debug\steppermotorLab1.a(CySpc.o)

.debug_abbrev   0x00000000     0x160c
 *(.debug_abbrev)
 .debug_abbrev  0x00000000      0x175 .\CortexM3\ARM_GCC_541\Debug\main.o
 .debug_abbrev  0x00000175      0x20d .\CortexM3\ARM_GCC_541\Debug\cyfitter_cfg.o
 .debug_abbrev  0x00000382       0x66 .\CortexM3\ARM_GCC_541\Debug\cymetadata.o
 .debug_abbrev  0x000003e8      0x1e8 .\CortexM3\ARM_GCC_541\Debug\Cm3Start.o
 .debug_abbrev  0x000005d0      0x175 .\CortexM3\ARM_GCC_541\Debug\steppermotorLab1.a(UART_1.o)
 .debug_abbrev  0x00000745      0x173 .\CortexM3\ARM_GCC_541\Debug\steppermotorLab1.a(isr_uart_rx.o)
 .debug_abbrev  0x000008b8       0x90 .\CortexM3\ARM_GCC_541\Debug\steppermotorLab1.a(Pin_1b.o)
 .debug_abbrev  0x00000948       0x90 .\CortexM3\ARM_GCC_541\Debug\steppermotorLab1.a(Pin_2a.o)
 .debug_abbrev  0x000009d8       0x90 .\CortexM3\ARM_GCC_541\Debug\steppermotorLab1.a(Pin_1a.o)
 .debug_abbrev  0x00000a68       0x90 .\CortexM3\ARM_GCC_541\Debug\steppermotorLab1.a(Pin_2b.o)
 .debug_abbrev  0x00000af8      0x139 .\CortexM3\ARM_GCC_541\Debug\steppermotorLab1.a(UART_1_IntClock.o)
 .debug_abbrev  0x00000c31      0x254 .\CortexM3\ARM_GCC_541\Debug\steppermotorLab1.a(CyLib.o)
 .debug_abbrev  0x00000e85      0x1ab .\CortexM3\ARM_GCC_541\Debug\steppermotorLab1.a(cyPm.o)
 .debug_abbrev  0x00001030      0x11a .\CortexM3\ARM_GCC_541\Debug\steppermotorLab1.a(Timer_1.o)
 .debug_abbrev  0x0000114a      0x173 .\CortexM3\ARM_GCC_541\Debug\steppermotorLab1.a(isr_timer.o)
 .debug_abbrev  0x000012bd       0x14 .\CortexM3\ARM_GCC_541\Debug\steppermotorLab1.a(CyBootAsmGnu.o)
 .debug_abbrev  0x000012d1      0x1a7 .\CortexM3\ARM_GCC_541\Debug\steppermotorLab1.a(CyFlash.o)
 .debug_abbrev  0x00001478      0x194 .\CortexM3\ARM_GCC_541\Debug\steppermotorLab1.a(CySpc.o)

.debug_line     0x00000000     0x23c2
 *(.debug_line)
 .debug_line    0x00000000      0x3b0 .\CortexM3\ARM_GCC_541\Debug\main.o
 .debug_line    0x000003b0      0x1f3 .\CortexM3\ARM_GCC_541\Debug\cyfitter_cfg.o
 .debug_line    0x000005a3      0x141 .\CortexM3\ARM_GCC_541\Debug\cymetadata.o
 .debug_line    0x000006e4      0x234 .\CortexM3\ARM_GCC_541\Debug\Cm3Start.o
 .debug_line    0x00000918      0x2c0 .\CortexM3\ARM_GCC_541\Debug\steppermotorLab1.a(UART_1.o)
 .debug_line    0x00000bd8      0x138 .\CortexM3\ARM_GCC_541\Debug\steppermotorLab1.a(isr_uart_rx.o)
 .debug_line    0x00000d10       0x93 .\CortexM3\ARM_GCC_541\Debug\steppermotorLab1.a(Pin_1b.o)
 .debug_line    0x00000da3       0x93 .\CortexM3\ARM_GCC_541\Debug\steppermotorLab1.a(Pin_2a.o)
 .debug_line    0x00000e36       0x93 .\CortexM3\ARM_GCC_541\Debug\steppermotorLab1.a(Pin_1a.o)
 .debug_line    0x00000ec9       0x93 .\CortexM3\ARM_GCC_541\Debug\steppermotorLab1.a(Pin_2b.o)
 .debug_line    0x00000f5c      0x17e .\CortexM3\ARM_GCC_541\Debug\steppermotorLab1.a(UART_1_IntClock.o)
 .debug_line    0x000010da      0x816 .\CortexM3\ARM_GCC_541\Debug\steppermotorLab1.a(CyLib.o)
 .debug_line    0x000018f0      0x367 .\CortexM3\ARM_GCC_541\Debug\steppermotorLab1.a(cyPm.o)
 .debug_line    0x00001c57      0x155 .\CortexM3\ARM_GCC_541\Debug\steppermotorLab1.a(Timer_1.o)
 .debug_line    0x00001dac      0x136 .\CortexM3\ARM_GCC_541\Debug\steppermotorLab1.a(isr_timer.o)
 .debug_line    0x00001ee2       0x66 .\CortexM3\ARM_GCC_541\Debug\steppermotorLab1.a(CyBootAsmGnu.o)
 .debug_line    0x00001f48      0x21a .\CortexM3\ARM_GCC_541\Debug\steppermotorLab1.a(CyFlash.o)
 .debug_line    0x00002162      0x260 .\CortexM3\ARM_GCC_541\Debug\steppermotorLab1.a(CySpc.o)

.debug_frame    0x00000000     0x1778
 *(.debug_frame)
 .debug_frame   0x00000000      0x15c .\CortexM3\ARM_GCC_541\Debug\main.o
 .debug_frame   0x0000015c       0xe4 .\CortexM3\ARM_GCC_541\Debug\cyfitter_cfg.o
 .debug_frame   0x00000240       0xb8 .\CortexM3\ARM_GCC_541\Debug\Cm3Start.o
 .debug_frame   0x000002f8      0x250 .\CortexM3\ARM_GCC_541\Debug\steppermotorLab1.a(UART_1.o)
 .debug_frame   0x00000548      0x104 .\CortexM3\ARM_GCC_541\Debug\steppermotorLab1.a(isr_uart_rx.o)
 .debug_frame   0x0000064c       0x50 .\CortexM3\ARM_GCC_541\Debug\steppermotorLab1.a(Pin_1b.o)
 .debug_frame   0x0000069c       0x50 .\CortexM3\ARM_GCC_541\Debug\steppermotorLab1.a(Pin_2a.o)
 .debug_frame   0x000006ec       0x50 .\CortexM3\ARM_GCC_541\Debug\steppermotorLab1.a(Pin_1a.o)
 .debug_frame   0x0000073c       0x50 .\CortexM3\ARM_GCC_541\Debug\steppermotorLab1.a(Pin_2b.o)
 .debug_frame   0x0000078c       0xe0 .\CortexM3\ARM_GCC_541\Debug\steppermotorLab1.a(UART_1_IntClock.o)
 .debug_frame   0x0000086c      0x738 .\CortexM3\ARM_GCC_541\Debug\steppermotorLab1.a(CyLib.o)
 .debug_frame   0x00000fa4      0x1f8 .\CortexM3\ARM_GCC_541\Debug\steppermotorLab1.a(cyPm.o)
 .debug_frame   0x0000119c      0x108 .\CortexM3\ARM_GCC_541\Debug\steppermotorLab1.a(Timer_1.o)
 .debug_frame   0x000012a4      0x104 .\CortexM3\ARM_GCC_541\Debug\steppermotorLab1.a(isr_timer.o)
 .debug_frame   0x000013a8      0x194 .\CortexM3\ARM_GCC_541\Debug\steppermotorLab1.a(CyFlash.o)
 .debug_frame   0x0000153c      0x180 .\CortexM3\ARM_GCC_541\Debug\steppermotorLab1.a(CySpc.o)
 .debug_frame   0x000016bc       0x20 c:/program files (x86)/cypress/psoc creator/4.3/psoc creator/import/gnu/arm/5.4.1/bin/../lib/gcc/arm-none-eabi/5.4.1/../../../../arm-none-eabi/lib/armv7-m\libg_nano.a(lib_a-errno.o)
 .debug_frame   0x000016dc       0x28 c:/program files (x86)/cypress/psoc creator/4.3/psoc creator/import/gnu/arm/5.4.1/bin/../lib/gcc/arm-none-eabi/5.4.1/../../../../arm-none-eabi/lib/armv7-m\libg_nano.a(lib_a-exit.o)
 .debug_frame   0x00001704       0x2c c:/program files (x86)/cypress/psoc creator/4.3/psoc creator/import/gnu/arm/5.4.1/bin/../lib/gcc/arm-none-eabi/5.4.1/../../../../arm-none-eabi/lib/armv7-m\libg_nano.a(lib_a-init.o)
 .debug_frame   0x00001730       0x28 c:/program files (x86)/cypress/psoc creator/4.3/psoc creator/import/gnu/arm/5.4.1/bin/../lib/gcc/arm-none-eabi/5.4.1/../../../../arm-none-eabi/lib/armv7-m\libg_nano.a(lib_a-memcpy-stub.o)
 .debug_frame   0x00001758       0x20 c:/program files (x86)/cypress/psoc creator/4.3/psoc creator/import/gnu/arm/5.4.1/bin/../lib/gcc/arm-none-eabi/5.4.1/../../../../arm-none-eabi/lib/armv7-m\libg_nano.a(lib_a-memset.o)

.debug_str      0x00000000     0x1e96
 *(.debug_str)
 .debug_str     0x00000000      0x3c8 .\CortexM3\ARM_GCC_541\Debug\main.o
                                0x445 (size before relaxing)
 .debug_str     0x000003c8      0x1f9 .\CortexM3\ARM_GCC_541\Debug\cyfitter_cfg.o
                                0x34c (size before relaxing)
 .debug_str     0x000005c1       0x75 .\CortexM3\ARM_GCC_541\Debug\cymetadata.o
                                0x1ec (size before relaxing)
 .debug_str     0x00000636      0x144 .\CortexM3\ARM_GCC_541\Debug\Cm3Start.o
                                0x312 (size before relaxing)
 .debug_str     0x0000077a      0x2b8 .\CortexM3\ARM_GCC_541\Debug\steppermotorLab1.a(UART_1.o)
                                0x4bb (size before relaxing)
 .debug_str     0x00000a32      0x13e .\CortexM3\ARM_GCC_541\Debug\steppermotorLab1.a(isr_uart_rx.o)
                                0x302 (size before relaxing)
 .debug_str     0x00000b70       0x63 .\CortexM3\ARM_GCC_541\Debug\steppermotorLab1.a(Pin_1b.o)
                                0x1ef (size before relaxing)
 .debug_str     0x00000bd3       0x53 .\CortexM3\ARM_GCC_541\Debug\steppermotorLab1.a(Pin_2a.o)
                                0x1ef (size before relaxing)
 .debug_str     0x00000c26       0x53 .\CortexM3\ARM_GCC_541\Debug\steppermotorLab1.a(Pin_1a.o)
                                0x1ef (size before relaxing)
 .debug_str     0x00000c79       0x53 .\CortexM3\ARM_GCC_541\Debug\steppermotorLab1.a(Pin_2b.o)
                                0x1ef (size before relaxing)
 .debug_str     0x00000ccc      0x19d .\CortexM3\ARM_GCC_541\Debug\steppermotorLab1.a(UART_1_IntClock.o)
                                0x356 (size before relaxing)
 .debug_str     0x00000e69      0x804 .\CortexM3\ARM_GCC_541\Debug\steppermotorLab1.a(CyLib.o)
                                0xa4f (size before relaxing)
 .debug_str     0x0000166d      0x365 .\CortexM3\ARM_GCC_541\Debug\steppermotorLab1.a(cyPm.o)
                                0x73b (size before relaxing)
 .debug_str     0x000019d2      0x151 .\CortexM3\ARM_GCC_541\Debug\steppermotorLab1.a(Timer_1.o)
                                0x31d (size before relaxing)
 .debug_str     0x00001b23      0x10c .\CortexM3\ARM_GCC_541\Debug\steppermotorLab1.a(isr_timer.o)
                                0x2e6 (size before relaxing)
 .debug_str     0x00001c2f      0x1bb .\CortexM3\ARM_GCC_541\Debug\steppermotorLab1.a(CyFlash.o)
                                0x3c8 (size before relaxing)
 .debug_str     0x00001dea       0xac .\CortexM3\ARM_GCC_541\Debug\steppermotorLab1.a(CySpc.o)
                                0x340 (size before relaxing)

.debug_loc      0x00000000     0x2003
 *(.debug_loc)
 .debug_loc     0x00000000       0x52 .\CortexM3\ARM_GCC_541\Debug\main.o
 .debug_loc     0x00000052      0x289 .\CortexM3\ARM_GCC_541\Debug\cyfitter_cfg.o
 .debug_loc     0x000002db      0x144 .\CortexM3\ARM_GCC_541\Debug\Cm3Start.o
 .debug_loc     0x0000041f      0x258 .\CortexM3\ARM_GCC_541\Debug\steppermotorLab1.a(UART_1.o)
 .debug_loc     0x00000677       0x56 .\CortexM3\ARM_GCC_541\Debug\steppermotorLab1.a(isr_uart_rx.o)
 .debug_loc     0x000006cd       0x42 .\CortexM3\ARM_GCC_541\Debug\steppermotorLab1.a(Pin_1b.o)
 .debug_loc     0x0000070f       0x42 .\CortexM3\ARM_GCC_541\Debug\steppermotorLab1.a(Pin_2a.o)
 .debug_loc     0x00000751       0x42 .\CortexM3\ARM_GCC_541\Debug\steppermotorLab1.a(Pin_1a.o)
 .debug_loc     0x00000793       0x42 .\CortexM3\ARM_GCC_541\Debug\steppermotorLab1.a(Pin_2b.o)
 .debug_loc     0x000007d5      0x12c .\CortexM3\ARM_GCC_541\Debug\steppermotorLab1.a(UART_1_IntClock.o)
 .debug_loc     0x00000901      0xa11 .\CortexM3\ARM_GCC_541\Debug\steppermotorLab1.a(CyLib.o)
 .debug_loc     0x00001312      0x1e4 .\CortexM3\ARM_GCC_541\Debug\steppermotorLab1.a(cyPm.o)
 .debug_loc     0x000014f6       0x56 .\CortexM3\ARM_GCC_541\Debug\steppermotorLab1.a(isr_timer.o)
 .debug_loc     0x0000154c      0x3b2 .\CortexM3\ARM_GCC_541\Debug\steppermotorLab1.a(CyFlash.o)
 .debug_loc     0x000018fe      0x705 .\CortexM3\ARM_GCC_541\Debug\steppermotorLab1.a(CySpc.o)

.debug_macinfo
 *(.debug_macinfo)

.debug_ranges   0x00000000      0x820
 *(.debug_ranges)
 .debug_ranges  0x00000000       0x68 .\CortexM3\ARM_GCC_541\Debug\main.o
 .debug_ranges  0x00000068       0x48 .\CortexM3\ARM_GCC_541\Debug\cyfitter_cfg.o
 .debug_ranges  0x000000b0       0x38 .\CortexM3\ARM_GCC_541\Debug\Cm3Start.o
 .debug_ranges  0x000000e8       0xe0 .\CortexM3\ARM_GCC_541\Debug\steppermotorLab1.a(UART_1.o)
 .debug_ranges  0x000001c8       0x70 .\CortexM3\ARM_GCC_541\Debug\steppermotorLab1.a(isr_uart_rx.o)
 .debug_ranges  0x00000238       0x28 .\CortexM3\ARM_GCC_541\Debug\steppermotorLab1.a(Pin_1b.o)
 .debug_ranges  0x00000260       0x28 .\CortexM3\ARM_GCC_541\Debug\steppermotorLab1.a(Pin_2a.o)
 .debug_ranges  0x00000288       0x28 .\CortexM3\ARM_GCC_541\Debug\steppermotorLab1.a(Pin_1a.o)
 .debug_ranges  0x000002b0       0x28 .\CortexM3\ARM_GCC_541\Debug\steppermotorLab1.a(Pin_2b.o)
 .debug_ranges  0x000002d8       0x60 .\CortexM3\ARM_GCC_541\Debug\steppermotorLab1.a(UART_1_IntClock.o)
 .debug_ranges  0x00000338      0x290 .\CortexM3\ARM_GCC_541\Debug\steppermotorLab1.a(CyLib.o)
 .debug_ranges  0x000005c8       0x88 .\CortexM3\ARM_GCC_541\Debug\steppermotorLab1.a(cyPm.o)
 .debug_ranges  0x00000650       0x78 .\CortexM3\ARM_GCC_541\Debug\steppermotorLab1.a(Timer_1.o)
 .debug_ranges  0x000006c8       0x70 .\CortexM3\ARM_GCC_541\Debug\steppermotorLab1.a(isr_timer.o)
 .debug_ranges  0x00000738       0x78 .\CortexM3\ARM_GCC_541\Debug\steppermotorLab1.a(CyFlash.o)
 .debug_ranges  0x000007b0       0x70 .\CortexM3\ARM_GCC_541\Debug\steppermotorLab1.a(CySpc.o)

.comment        0x00000000       0x6e
 .comment       0x00000000       0x6e .\CortexM3\ARM_GCC_541\Debug\main.o
                                 0x6f (size before relaxing)
 .comment       0x0000006e       0x6f .\CortexM3\ARM_GCC_541\Debug\cyfitter_cfg.o
 .comment       0x0000006e       0x6f .\CortexM3\ARM_GCC_541\Debug\cymetadata.o
 .comment       0x0000006e       0x6f .\CortexM3\ARM_GCC_541\Debug\Cm3Start.o
 .comment       0x0000006e       0x6f .\CortexM3\ARM_GCC_541\Debug\steppermotorLab1.a(UART_1.o)
 .comment       0x0000006e       0x6f .\CortexM3\ARM_GCC_541\Debug\steppermotorLab1.a(isr_uart_rx.o)
 .comment       0x0000006e       0x6f .\CortexM3\ARM_GCC_541\Debug\steppermotorLab1.a(Pin_1b.o)
 .comment       0x0000006e       0x6f .\CortexM3\ARM_GCC_541\Debug\steppermotorLab1.a(Pin_2a.o)
 .comment       0x0000006e       0x6f .\CortexM3\ARM_GCC_541\Debug\steppermotorLab1.a(Pin_1a.o)
 .comment       0x0000006e       0x6f .\CortexM3\ARM_GCC_541\Debug\steppermotorLab1.a(Pin_2b.o)
 .comment       0x0000006e       0x6f .\CortexM3\ARM_GCC_541\Debug\steppermotorLab1.a(UART_1_IntClock.o)
 .comment       0x0000006e       0x6f .\CortexM3\ARM_GCC_541\Debug\steppermotorLab1.a(CyLib.o)
 .comment       0x0000006e       0x6f .\CortexM3\ARM_GCC_541\Debug\steppermotorLab1.a(cyPm.o)
 .comment       0x0000006e       0x6f .\CortexM3\ARM_GCC_541\Debug\steppermotorLab1.a(Timer_1.o)
 .comment       0x0000006e       0x6f .\CortexM3\ARM_GCC_541\Debug\steppermotorLab1.a(isr_timer.o)
 .comment       0x0000006e       0x6f .\CortexM3\ARM_GCC_541\Debug\steppermotorLab1.a(CyFlash.o)
 .comment       0x0000006e       0x6f .\CortexM3\ARM_GCC_541\Debug\steppermotorLab1.a(CySpc.o)

.debug_weaknames
 *(.debug_weaknames)

.debug_funcnames
 *(.debug_funcnames)

.debug_typenames
 *(.debug_typenames)

.debug_varnames
 *(.debug_varnames)

.note.gnu.arm.ident
 *(.note.gnu.arm.ident)

.ARM.attributes
                0x00000000       0x29
 *(.ARM.attributes)
 .ARM.attributes
                0x00000000       0x1d c:/program files (x86)/cypress/psoc creator/4.3/psoc creator/import/gnu/arm/5.4.1/bin/../lib/gcc/arm-none-eabi/5.4.1/armv7-m/crti.o
 .ARM.attributes
                0x0000001d       0x2d c:/program files (x86)/cypress/psoc creator/4.3/psoc creator/import/gnu/arm/5.4.1/bin/../lib/gcc/arm-none-eabi/5.4.1/armv7-m/crtbegin.o
 .ARM.attributes
                0x0000004a       0x1b c:/program files (x86)/cypress/psoc creator/4.3/psoc creator/import/gnu/arm/5.4.1/bin/../lib/gcc/arm-none-eabi/5.4.1/../../../../arm-none-eabi/lib/armv7-m/crt0.o
 .ARM.attributes
                0x00000065       0x33 .\CortexM3\ARM_GCC_541\Debug\main.o
 .ARM.attributes
                0x00000098       0x33 .\CortexM3\ARM_GCC_541\Debug\cyfitter_cfg.o
 .ARM.attributes
                0x000000cb       0x33 .\CortexM3\ARM_GCC_541\Debug\cymetadata.o
 .ARM.attributes
                0x000000fe       0x33 .\CortexM3\ARM_GCC_541\Debug\Cm3Start.o
 .ARM.attributes
                0x00000131       0x33 .\CortexM3\ARM_GCC_541\Debug\steppermotorLab1.a(UART_1.o)
 .ARM.attributes
                0x00000164       0x33 .\CortexM3\ARM_GCC_541\Debug\steppermotorLab1.a(isr_uart_rx.o)
 .ARM.attributes
                0x00000197       0x33 .\CortexM3\ARM_GCC_541\Debug\steppermotorLab1.a(Pin_1b.o)
 .ARM.attributes
                0x000001ca       0x33 .\CortexM3\ARM_GCC_541\Debug\steppermotorLab1.a(Pin_2a.o)
 .ARM.attributes
                0x000001fd       0x33 .\CortexM3\ARM_GCC_541\Debug\steppermotorLab1.a(Pin_1a.o)
 .ARM.attributes
                0x00000230       0x33 .\CortexM3\ARM_GCC_541\Debug\steppermotorLab1.a(Pin_2b.o)
 .ARM.attributes
                0x00000263       0x33 .\CortexM3\ARM_GCC_541\Debug\steppermotorLab1.a(UART_1_IntClock.o)
 .ARM.attributes
                0x00000296       0x33 .\CortexM3\ARM_GCC_541\Debug\steppermotorLab1.a(CyLib.o)
 .ARM.attributes
                0x000002c9       0x33 .\CortexM3\ARM_GCC_541\Debug\steppermotorLab1.a(cyPm.o)
 .ARM.attributes
                0x000002fc       0x33 .\CortexM3\ARM_GCC_541\Debug\steppermotorLab1.a(Timer_1.o)
 .ARM.attributes
                0x0000032f       0x33 .\CortexM3\ARM_GCC_541\Debug\steppermotorLab1.a(isr_timer.o)
 .ARM.attributes
                0x00000362       0x21 .\CortexM3\ARM_GCC_541\Debug\steppermotorLab1.a(CyBootAsmGnu.o)
 .ARM.attributes
                0x00000383       0x33 .\CortexM3\ARM_GCC_541\Debug\steppermotorLab1.a(CyFlash.o)
 .ARM.attributes
                0x000003b6       0x33 .\CortexM3\ARM_GCC_541\Debug\steppermotorLab1.a(CySpc.o)
 .ARM.attributes
                0x000003e9       0x2d c:/program files (x86)/cypress/psoc creator/4.3/psoc creator/import/gnu/arm/5.4.1/bin/../lib/gcc/arm-none-eabi/5.4.1/../../../../arm-none-eabi/lib/armv7-m\libg_nano.a(lib_a-errno.o)
 .ARM.attributes
                0x00000416       0x2d c:/program files (x86)/cypress/psoc creator/4.3/psoc creator/import/gnu/arm/5.4.1/bin/../lib/gcc/arm-none-eabi/5.4.1/../../../../arm-none-eabi/lib/armv7-m\libg_nano.a(lib_a-exit.o)
 .ARM.attributes
                0x00000443       0x2d c:/program files (x86)/cypress/psoc creator/4.3/psoc creator/import/gnu/arm/5.4.1/bin/../lib/gcc/arm-none-eabi/5.4.1/../../../../arm-none-eabi/lib/armv7-m\libg_nano.a(lib_a-impure.o)
 .ARM.attributes
                0x00000470       0x2d c:/program files (x86)/cypress/psoc creator/4.3/psoc creator/import/gnu/arm/5.4.1/bin/../lib/gcc/arm-none-eabi/5.4.1/../../../../arm-none-eabi/lib/armv7-m\libg_nano.a(lib_a-init.o)
 .ARM.attributes
                0x0000049d       0x2d c:/program files (x86)/cypress/psoc creator/4.3/psoc creator/import/gnu/arm/5.4.1/bin/../lib/gcc/arm-none-eabi/5.4.1/../../../../arm-none-eabi/lib/armv7-m\libg_nano.a(lib_a-memcpy-stub.o)
 .ARM.attributes
                0x000004ca       0x2d c:/program files (x86)/cypress/psoc creator/4.3/psoc creator/import/gnu/arm/5.4.1/bin/../lib/gcc/arm-none-eabi/5.4.1/../../../../arm-none-eabi/lib/armv7-m\libg_nano.a(lib_a-memset.o)
 .ARM.attributes
                0x000004f7       0x2d c:/program files (x86)/cypress/psoc creator/4.3/psoc creator/import/gnu/arm/5.4.1/bin/../lib/gcc/arm-none-eabi/5.4.1/armv7-m/crtend.o
 .ARM.attributes
                0x00000524       0x1d c:/program files (x86)/cypress/psoc creator/4.3/psoc creator/import/gnu/arm/5.4.1/bin/../lib/gcc/arm-none-eabi/5.4.1/armv7-m/crtn.o

/DISCARD/
 *(.note.GNU-stack)
OUTPUT(C:\Users\Simon\Desktop\GFV-Gruppe14\steppermotor\steppermotorLab1.cydsn\CortexM3\ARM_GCC_541\Debug\steppermotorLab1.elf elf32-littlearm)
