Archive member included to satisfy reference by file (symbol)

.\CortexM3\ARM_GCC_541\Debug\SPI_Slave.a(SPIS_1.o)
                              .\CortexM3\ARM_GCC_541\Debug\SPI_Slave.o (SPIS_1_WriteTxData)
.\CortexM3\ARM_GCC_541\Debug\SPI_Slave.a(Pin_1.o)
                              .\CortexM3\ARM_GCC_541\Debug\SPI_Slave.o (Pin_1_Write)
.\CortexM3\ARM_GCC_541\Debug\SPI_Slave.a(CyLib.o)
                              .\CortexM3\ARM_GCC_541\Debug\Cm3Start.o (CyHalt)
.\CortexM3\ARM_GCC_541\Debug\SPI_Slave.a(cyPm.o)
                              .\CortexM3\ARM_GCC_541\Debug\SPI_Slave.a(CyLib.o) (CyPmReadStatus)
.\CortexM3\ARM_GCC_541\Debug\SPI_Slave.a(UART_1.o)
                              .\CortexM3\ARM_GCC_541\Debug\main.o (UART_1_Start)
.\CortexM3\ARM_GCC_541\Debug\SPI_Slave.a(isruart.o)
                              .\CortexM3\ARM_GCC_541\Debug\main.o (isruart_StartEx)
.\CortexM3\ARM_GCC_541\Debug\SPI_Slave.a(Pin_2.o)
                              .\CortexM3\ARM_GCC_541\Debug\SPI_Slave.o (Pin_2_Read)
.\CortexM3\ARM_GCC_541\Debug\SPI_Slave.a(UART_1_IntClock.o)
                              .\CortexM3\ARM_GCC_541\Debug\SPI_Slave.a(UART_1.o) (UART_1_IntClock_Start)
.\CortexM3\ARM_GCC_541\Debug\SPI_Slave.a(isrspis.o)
                              .\CortexM3\ARM_GCC_541\Debug\main.o (isrspis_StartEx)
.\CortexM3\ARM_GCC_541\Debug\SPI_Slave.a(CyBootAsmGnu.o)
                              .\CortexM3\ARM_GCC_541\Debug\cyfitter_cfg.o (CyDelayCycles)
.\CortexM3\ARM_GCC_541\Debug\SPI_Slave.a(CyFlash.o)
                              .\CortexM3\ARM_GCC_541\Debug\SPI_Slave.a(cyPm.o) (CyFlash_SetWaitCycles)
.\CortexM3\ARM_GCC_541\Debug\SPI_Slave.a(CySpc.o)
                              .\CortexM3\ARM_GCC_541\Debug\SPI_Slave.a(CyFlash.o) (CySpcStart)
c:/program files (x86)/cypress/psoc creator/4.3/psoc creator/import/gnu/arm/5.4.1/bin/../lib/gcc/arm-none-eabi/5.4.1/../../../../arm-none-eabi/lib/armv7-m\libg_nano.a(lib_a-errno.o)
                              .\CortexM3\ARM_GCC_541\Debug\Cm3Start.o (__errno)
c:/program files (x86)/cypress/psoc creator/4.3/psoc creator/import/gnu/arm/5.4.1/bin/../lib/gcc/arm-none-eabi/5.4.1/../../../../arm-none-eabi/lib/armv7-m\libg_nano.a(lib_a-exit.o)
                              c:/program files (x86)/cypress/psoc creator/4.3/psoc creator/import/gnu/arm/5.4.1/bin/../lib/gcc/arm-none-eabi/5.4.1/../../../../arm-none-eabi/lib/armv7-m/crt0.o (exit)
c:/program files (x86)/cypress/psoc creator/4.3/psoc creator/import/gnu/arm/5.4.1/bin/../lib/gcc/arm-none-eabi/5.4.1/../../../../arm-none-eabi/lib/armv7-m\libg_nano.a(lib_a-impure.o)
                              c:/program files (x86)/cypress/psoc creator/4.3/psoc creator/import/gnu/arm/5.4.1/bin/../lib/gcc/arm-none-eabi/5.4.1/../../../../arm-none-eabi/lib/armv7-m\libg_nano.a(lib_a-exit.o) (_global_impure_ptr)
c:/program files (x86)/cypress/psoc creator/4.3/psoc creator/import/gnu/arm/5.4.1/bin/../lib/gcc/arm-none-eabi/5.4.1/../../../../arm-none-eabi/lib/armv7-m\libg_nano.a(lib_a-init.o)
                              c:/program files (x86)/cypress/psoc creator/4.3/psoc creator/import/gnu/arm/5.4.1/bin/../lib/gcc/arm-none-eabi/5.4.1/../../../../arm-none-eabi/lib/armv7-m/crt0.o (__libc_init_array)
c:/program files (x86)/cypress/psoc creator/4.3/psoc creator/import/gnu/arm/5.4.1/bin/../lib/gcc/arm-none-eabi/5.4.1/../../../../arm-none-eabi/lib/armv7-m\libg_nano.a(lib_a-memcpy-stub.o)
                              .\CortexM3\ARM_GCC_541\Debug\cyfitter_cfg.o (memcpy)
c:/program files (x86)/cypress/psoc creator/4.3/psoc creator/import/gnu/arm/5.4.1/bin/../lib/gcc/arm-none-eabi/5.4.1/../../../../arm-none-eabi/lib/armv7-m\libg_nano.a(lib_a-memset.o)
                              c:/program files (x86)/cypress/psoc creator/4.3/psoc creator/import/gnu/arm/5.4.1/bin/../lib/gcc/arm-none-eabi/5.4.1/../../../../arm-none-eabi/lib/armv7-m/crt0.o (memset)

Allocating common symbols
Common symbol       size              file

SPIS_1_swStatusTx   0x1               .\CortexM3\ARM_GCC_541\Debug\SPI_Slave.a(SPIS_1.o)
SPIS_1_swStatusRx   0x1               .\CortexM3\ARM_GCC_541\Debug\SPI_Slave.a(SPIS_1.o)
tx_buf              0x4               .\CortexM3\ARM_GCC_541\Debug\SPI_Slave.o
dieTemperature      0x2               .\CortexM3\ARM_GCC_541\Debug\SPI_Slave.a(CyFlash.o)
status              0x4               .\CortexM3\ARM_GCC_541\Debug\SPI_Slave.o

Discarded input sections

 .text          0x00000000        0x0 c:/program files (x86)/cypress/psoc creator/4.3/psoc creator/import/gnu/arm/5.4.1/bin/../lib/gcc/arm-none-eabi/5.4.1/armv7-m/crti.o
 .data          0x00000000        0x0 c:/program files (x86)/cypress/psoc creator/4.3/psoc creator/import/gnu/arm/5.4.1/bin/../lib/gcc/arm-none-eabi/5.4.1/armv7-m/crti.o
 .bss           0x00000000        0x0 c:/program files (x86)/cypress/psoc creator/4.3/psoc creator/import/gnu/arm/5.4.1/bin/../lib/gcc/arm-none-eabi/5.4.1/armv7-m/crti.o
 .data          0x00000000        0x4 c:/program files (x86)/cypress/psoc creator/4.3/psoc creator/import/gnu/arm/5.4.1/bin/../lib/gcc/arm-none-eabi/5.4.1/armv7-m/crtbegin.o
 .text          0x00000000       0x74 c:/program files (x86)/cypress/psoc creator/4.3/psoc creator/import/gnu/arm/5.4.1/bin/../lib/gcc/arm-none-eabi/5.4.1/../../../../arm-none-eabi/lib/armv7-m/crt0.o
 .data          0x00000000        0x0 c:/program files (x86)/cypress/psoc creator/4.3/psoc creator/import/gnu/arm/5.4.1/bin/../lib/gcc/arm-none-eabi/5.4.1/../../../../arm-none-eabi/lib/armv7-m/crt0.o
 .bss           0x00000000        0x0 c:/program files (x86)/cypress/psoc creator/4.3/psoc creator/import/gnu/arm/5.4.1/bin/../lib/gcc/arm-none-eabi/5.4.1/../../../../arm-none-eabi/lib/armv7-m/crt0.o
 .ARM.extab     0x00000000        0x0 c:/program files (x86)/cypress/psoc creator/4.3/psoc creator/import/gnu/arm/5.4.1/bin/../lib/gcc/arm-none-eabi/5.4.1/../../../../arm-none-eabi/lib/armv7-m/crt0.o
 .ARM.exidx     0x00000000        0x8 c:/program files (x86)/cypress/psoc creator/4.3/psoc creator/import/gnu/arm/5.4.1/bin/../lib/gcc/arm-none-eabi/5.4.1/../../../../arm-none-eabi/lib/armv7-m/crt0.o
 .text          0x00000000        0x0 .\CortexM3\ARM_GCC_541\Debug\main.o
 .data          0x00000000        0x0 .\CortexM3\ARM_GCC_541\Debug\main.o
 .bss           0x00000000        0x0 .\CortexM3\ARM_GCC_541\Debug\main.o
 .text          0x00000000        0x0 .\CortexM3\ARM_GCC_541\Debug\SPI_Slave.o
 .data          0x00000000        0x0 .\CortexM3\ARM_GCC_541\Debug\SPI_Slave.o
 .bss           0x00000000        0x0 .\CortexM3\ARM_GCC_541\Debug\SPI_Slave.o
 .text          0x00000000        0x0 .\CortexM3\ARM_GCC_541\Debug\UART_handler.o
 .data          0x00000000        0x0 .\CortexM3\ARM_GCC_541\Debug\UART_handler.o
 .bss           0x00000000        0x0 .\CortexM3\ARM_GCC_541\Debug\UART_handler.o
 .text          0x00000000        0x0 .\CortexM3\ARM_GCC_541\Debug\cyfitter_cfg.o
 .data          0x00000000        0x0 .\CortexM3\ARM_GCC_541\Debug\cyfitter_cfg.o
 .bss           0x00000000        0x0 .\CortexM3\ARM_GCC_541\Debug\cyfitter_cfg.o
 .text.SetAnalogRoutingPumps
                0x00000000       0x10 .\CortexM3\ARM_GCC_541\Debug\cyfitter_cfg.o
 .text          0x00000000        0x0 .\CortexM3\ARM_GCC_541\Debug\cymetadata.o
 .data          0x00000000        0x0 .\CortexM3\ARM_GCC_541\Debug\cymetadata.o
 .bss           0x00000000        0x0 .\CortexM3\ARM_GCC_541\Debug\cymetadata.o
 .text          0x00000000        0x0 .\CortexM3\ARM_GCC_541\Debug\Cm3Start.o
 .data          0x00000000        0x4 .\CortexM3\ARM_GCC_541\Debug\Cm3Start.o
 .bss           0x00000000        0x0 .\CortexM3\ARM_GCC_541\Debug\Cm3Start.o
 .text._exit    0x00000000        0xc .\CortexM3\ARM_GCC_541\Debug\Cm3Start.o
 .text._sbrk    0x00000000       0x30 .\CortexM3\ARM_GCC_541\Debug\Cm3Start.o
 .text          0x00000000        0x0 .\CortexM3\ARM_GCC_541\Debug\SPI_Slave.a(SPIS_1.o)
 .data          0x00000000        0x0 .\CortexM3\ARM_GCC_541\Debug\SPI_Slave.a(SPIS_1.o)
 .text.SPIS_1_Stop
                0x00000000       0x28 .\CortexM3\ARM_GCC_541\Debug\SPI_Slave.a(SPIS_1.o)
 .text.SPIS_1_EnableTxInt
                0x00000000        0x4 .\CortexM3\ARM_GCC_541\Debug\SPI_Slave.a(SPIS_1.o)
 .text.SPIS_1_EnableRxInt
                0x00000000        0x4 .\CortexM3\ARM_GCC_541\Debug\SPI_Slave.a(SPIS_1.o)
 .text.SPIS_1_DisableTxInt
                0x00000000        0x4 .\CortexM3\ARM_GCC_541\Debug\SPI_Slave.a(SPIS_1.o)
 .text.SPIS_1_DisableRxInt
                0x00000000        0x4 .\CortexM3\ARM_GCC_541\Debug\SPI_Slave.a(SPIS_1.o)
 .text.SPIS_1_SetTxInterruptMode
                0x00000000        0xc .\CortexM3\ARM_GCC_541\Debug\SPI_Slave.a(SPIS_1.o)
 .text.SPIS_1_SetRxInterruptMode
                0x00000000        0xc .\CortexM3\ARM_GCC_541\Debug\SPI_Slave.a(SPIS_1.o)
 .text.SPIS_1_WriteTxDataZero
                0x00000000        0xc .\CortexM3\ARM_GCC_541\Debug\SPI_Slave.a(SPIS_1.o)
 .text.SPIS_1_GetTxBufferSize
                0x00000000       0x24 .\CortexM3\ARM_GCC_541\Debug\SPI_Slave.a(SPIS_1.o)
 .text.SPIS_1_ClearTxBuffer
                0x00000000       0x24 .\CortexM3\ARM_GCC_541\Debug\SPI_Slave.a(SPIS_1.o)
 .text.SPIS_1_PutArray
                0x00000000       0x20 .\CortexM3\ARM_GCC_541\Debug\SPI_Slave.a(SPIS_1.o)
 .text.SPIS_1_EnableInt
                0x00000000        0x4 .\CortexM3\ARM_GCC_541\Debug\SPI_Slave.a(SPIS_1.o)
 .text.SPIS_1_DisableInt
                0x00000000        0x4 .\CortexM3\ARM_GCC_541\Debug\SPI_Slave.a(SPIS_1.o)
 .text.SPIS_1_SetInterruptMode
                0x00000000       0x10 .\CortexM3\ARM_GCC_541\Debug\SPI_Slave.a(SPIS_1.o)
 .text.SPIS_1_ReadStatus
                0x00000000       0x18 .\CortexM3\ARM_GCC_541\Debug\SPI_Slave.a(SPIS_1.o)
 COMMON         0x00000000        0x2 .\CortexM3\ARM_GCC_541\Debug\SPI_Slave.a(SPIS_1.o)
 .text          0x00000000        0x0 .\CortexM3\ARM_GCC_541\Debug\SPI_Slave.a(Pin_1.o)
 .data          0x00000000        0x0 .\CortexM3\ARM_GCC_541\Debug\SPI_Slave.a(Pin_1.o)
 .bss           0x00000000        0x0 .\CortexM3\ARM_GCC_541\Debug\SPI_Slave.a(Pin_1.o)
 .text.Pin_1_SetDriveMode
                0x00000000       0x18 .\CortexM3\ARM_GCC_541\Debug\SPI_Slave.a(Pin_1.o)
 .text.Pin_1_ReadDataReg
                0x00000000       0x10 .\CortexM3\ARM_GCC_541\Debug\SPI_Slave.a(Pin_1.o)
 .text          0x00000000        0x0 .\CortexM3\ARM_GCC_541\Debug\SPI_Slave.a(CyLib.o)
 .data          0x00000000       0x10 .\CortexM3\ARM_GCC_541\Debug\SPI_Slave.a(CyLib.o)
 .bss           0x00000000       0x1c .\CortexM3\ARM_GCC_541\Debug\SPI_Slave.a(CyLib.o)
 .text.CyUSB_PowerOnCheck
                0x00000000       0x48 .\CortexM3\ARM_GCC_541\Debug\SPI_Slave.a(CyLib.o)
 .text.CyBusClk_Internal_SetDivider
                0x00000000       0x48 .\CortexM3\ARM_GCC_541\Debug\SPI_Slave.a(CyLib.o)
 .text.CyPLL_OUT_Stop
                0x00000000       0x10 .\CortexM3\ARM_GCC_541\Debug\SPI_Slave.a(CyLib.o)
 .text.CyIMO_Stop
                0x00000000       0x1c .\CortexM3\ARM_GCC_541\Debug\SPI_Slave.a(CyLib.o)
 .text.CyIMO_EnableDoubler
                0x00000000       0x10 .\CortexM3\ARM_GCC_541\Debug\SPI_Slave.a(CyLib.o)
 .text.CyIMO_DisableDoubler
                0x00000000       0x10 .\CortexM3\ARM_GCC_541\Debug\SPI_Slave.a(CyLib.o)
 .text.CyMasterClk_SetSource
                0x00000000       0x18 .\CortexM3\ARM_GCC_541\Debug\SPI_Slave.a(CyLib.o)
 .text.CyMasterClk_SetDivider
                0x00000000        0xc .\CortexM3\ARM_GCC_541\Debug\SPI_Slave.a(CyLib.o)
 .text.CyBusClk_SetDivider
                0x00000000       0x70 .\CortexM3\ARM_GCC_541\Debug\SPI_Slave.a(CyLib.o)
 .text.CyUsbClk_SetSource
                0x00000000       0x18 .\CortexM3\ARM_GCC_541\Debug\SPI_Slave.a(CyLib.o)
 .text.CyILO_Start1K
                0x00000000       0x10 .\CortexM3\ARM_GCC_541\Debug\SPI_Slave.a(CyLib.o)
 .text.CyILO_Stop1K
                0x00000000       0x10 .\CortexM3\ARM_GCC_541\Debug\SPI_Slave.a(CyLib.o)
 .text.CyILO_Start100K
                0x00000000       0x10 .\CortexM3\ARM_GCC_541\Debug\SPI_Slave.a(CyLib.o)
 .text.CyILO_Stop100K
                0x00000000       0x10 .\CortexM3\ARM_GCC_541\Debug\SPI_Slave.a(CyLib.o)
 .text.CyPLL_OUT_Start
                0x00000000       0x78 .\CortexM3\ARM_GCC_541\Debug\SPI_Slave.a(CyLib.o)
 .text.CyIMO_Start
                0x00000000       0x60 .\CortexM3\ARM_GCC_541\Debug\SPI_Slave.a(CyLib.o)
 .text.CyILO_Enable33K
                0x00000000       0x10 .\CortexM3\ARM_GCC_541\Debug\SPI_Slave.a(CyLib.o)
 .text.CyILO_Disable33K
                0x00000000       0x10 .\CortexM3\ARM_GCC_541\Debug\SPI_Slave.a(CyLib.o)
 .text.CyILO_SetSource
                0x00000000       0x18 .\CortexM3\ARM_GCC_541\Debug\SPI_Slave.a(CyLib.o)
 .text.CyILO_SetPowerMode
                0x00000000       0x24 .\CortexM3\ARM_GCC_541\Debug\SPI_Slave.a(CyLib.o)
 .text.CyXTAL_32KHZ_Stop
                0x00000000       0x30 .\CortexM3\ARM_GCC_541\Debug\SPI_Slave.a(CyLib.o)
 .text.CyXTAL_32KHZ_ReadStatus
                0x00000000       0x10 .\CortexM3\ARM_GCC_541\Debug\SPI_Slave.a(CyLib.o)
 .text.CyXTAL_Start
                0x00000000       0xac .\CortexM3\ARM_GCC_541\Debug\SPI_Slave.a(CyLib.o)
 .text.CyXTAL_Stop
                0x00000000       0x10 .\CortexM3\ARM_GCC_541\Debug\SPI_Slave.a(CyLib.o)
 .text.CyXTAL_EnableErrStatus
                0x00000000       0x10 .\CortexM3\ARM_GCC_541\Debug\SPI_Slave.a(CyLib.o)
 .text.CyXTAL_DisableErrStatus
                0x00000000       0x10 .\CortexM3\ARM_GCC_541\Debug\SPI_Slave.a(CyLib.o)
 .text.CyXTAL_ReadStatus
                0x00000000       0x18 .\CortexM3\ARM_GCC_541\Debug\SPI_Slave.a(CyLib.o)
 .text.CyXTAL_EnableFaultRecovery
                0x00000000       0x10 .\CortexM3\ARM_GCC_541\Debug\SPI_Slave.a(CyLib.o)
 .text.CyXTAL_DisableFaultRecovery
                0x00000000       0x10 .\CortexM3\ARM_GCC_541\Debug\SPI_Slave.a(CyLib.o)
 .text.CyXTAL_SetStartup
                0x00000000       0x18 .\CortexM3\ARM_GCC_541\Debug\SPI_Slave.a(CyLib.o)
 .text.CyXTAL_SetFbVoltage
                0x00000000       0x18 .\CortexM3\ARM_GCC_541\Debug\SPI_Slave.a(CyLib.o)
 .text.CyXTAL_SetWdVoltage
                0x00000000       0x18 .\CortexM3\ARM_GCC_541\Debug\SPI_Slave.a(CyLib.o)
 .text.CyHalt   0x00000000        0x4 .\CortexM3\ARM_GCC_541\Debug\SPI_Slave.a(CyLib.o)
 .text.CyPLL_OUT_SetPQ
                0x00000000       0x60 .\CortexM3\ARM_GCC_541\Debug\SPI_Slave.a(CyLib.o)
 .text.CyPLL_OUT_SetSource
                0x00000000       0x34 .\CortexM3\ARM_GCC_541\Debug\SPI_Slave.a(CyLib.o)
 .text.CyIMO_SetTrimValue
                0x00000000       0xcc .\CortexM3\ARM_GCC_541\Debug\SPI_Slave.a(CyLib.o)
 .text.CyIMO_SetFreq
                0x00000000       0xf4 .\CortexM3\ARM_GCC_541\Debug\SPI_Slave.a(CyLib.o)
 .text.CyIMO_SetSource
                0x00000000       0x58 .\CortexM3\ARM_GCC_541\Debug\SPI_Slave.a(CyLib.o)
 .text.CySoftwareReset
                0x00000000       0x10 .\CortexM3\ARM_GCC_541\Debug\SPI_Slave.a(CyLib.o)
 .text.CyDelay  0x00000000       0x2c .\CortexM3\ARM_GCC_541\Debug\SPI_Slave.a(CyLib.o)
 .text.CyDelayUs
                0x00000000       0x14 .\CortexM3\ARM_GCC_541\Debug\SPI_Slave.a(CyLib.o)
 .text.CyXTAL_32KHZ_SetPowerMode
                0x00000000       0x84 .\CortexM3\ARM_GCC_541\Debug\SPI_Slave.a(CyLib.o)
 .text.CyXTAL_32KHZ_Start
                0x00000000       0x74 .\CortexM3\ARM_GCC_541\Debug\SPI_Slave.a(CyLib.o)
 .text.CyDelayFreq
                0x00000000       0x4c .\CortexM3\ARM_GCC_541\Debug\SPI_Slave.a(CyLib.o)
 .text.CyWdtStart
                0x00000000       0x40 .\CortexM3\ARM_GCC_541\Debug\SPI_Slave.a(CyLib.o)
 .text.CyWdtClear
                0x00000000        0xc .\CortexM3\ARM_GCC_541\Debug\SPI_Slave.a(CyLib.o)
 .text.CyVdStickyStatus
                0x00000000       0x2c .\CortexM3\ARM_GCC_541\Debug\SPI_Slave.a(CyLib.o)
 .text.CyVdLvDigitEnable
                0x00000000       0x84 .\CortexM3\ARM_GCC_541\Debug\SPI_Slave.a(CyLib.o)
 .text.CyVdLvAnalogEnable
                0x00000000       0x80 .\CortexM3\ARM_GCC_541\Debug\SPI_Slave.a(CyLib.o)
 .text.CyVdLvDigitDisable
                0x00000000       0x30 .\CortexM3\ARM_GCC_541\Debug\SPI_Slave.a(CyLib.o)
 .text.CyVdLvAnalogDisable
                0x00000000       0x28 .\CortexM3\ARM_GCC_541\Debug\SPI_Slave.a(CyLib.o)
 .text.CyVdHvAnalogEnable
                0x00000000       0x54 .\CortexM3\ARM_GCC_541\Debug\SPI_Slave.a(CyLib.o)
 .text.CyVdHvAnalogDisable
                0x00000000       0x20 .\CortexM3\ARM_GCC_541\Debug\SPI_Slave.a(CyLib.o)
 .text.CyVdRealTimeStatus
                0x00000000       0x1c .\CortexM3\ARM_GCC_541\Debug\SPI_Slave.a(CyLib.o)
 .text.CyDisableInts
                0x00000000       0x1c .\CortexM3\ARM_GCC_541\Debug\SPI_Slave.a(CyLib.o)
 .text.CyEnableInts
                0x00000000       0x18 .\CortexM3\ARM_GCC_541\Debug\SPI_Slave.a(CyLib.o)
 .text.CyFlushCache
                0x00000000       0x44 .\CortexM3\ARM_GCC_541\Debug\SPI_Slave.a(CyLib.o)
 .text.CyIntSetSysVector
                0x00000000       0x28 .\CortexM3\ARM_GCC_541\Debug\SPI_Slave.a(CyLib.o)
 .text.CyIntGetSysVector
                0x00000000       0x20 .\CortexM3\ARM_GCC_541\Debug\SPI_Slave.a(CyLib.o)
 .text.CyIntSetVector
                0x00000000       0x28 .\CortexM3\ARM_GCC_541\Debug\SPI_Slave.a(CyLib.o)
 .text.CyIntGetVector
                0x00000000       0x24 .\CortexM3\ARM_GCC_541\Debug\SPI_Slave.a(CyLib.o)
 .text.CyIntSetPriority
                0x00000000       0x30 .\CortexM3\ARM_GCC_541\Debug\SPI_Slave.a(CyLib.o)
 .text.CyIntGetPriority
                0x00000000       0x20 .\CortexM3\ARM_GCC_541\Debug\SPI_Slave.a(CyLib.o)
 .text.CyIntGetState
                0x00000000       0x24 .\CortexM3\ARM_GCC_541\Debug\SPI_Slave.a(CyLib.o)
 .text.CySysTickStop
                0x00000000       0x10 .\CortexM3\ARM_GCC_541\Debug\SPI_Slave.a(CyLib.o)
 .text.CySysTickEnableInterrupt
                0x00000000       0x10 .\CortexM3\ARM_GCC_541\Debug\SPI_Slave.a(CyLib.o)
 .text.CySysTickEnable
                0x00000000       0x18 .\CortexM3\ARM_GCC_541\Debug\SPI_Slave.a(CyLib.o)
 .text.CySysTickDisableInterrupt
                0x00000000       0x10 .\CortexM3\ARM_GCC_541\Debug\SPI_Slave.a(CyLib.o)
 .text.CySysTickSetReload
                0x00000000       0x10 .\CortexM3\ARM_GCC_541\Debug\SPI_Slave.a(CyLib.o)
 .text.CySysTickGetReload
                0x00000000       0x10 .\CortexM3\ARM_GCC_541\Debug\SPI_Slave.a(CyLib.o)
 .text.CySysTickGetValue
                0x00000000       0x10 .\CortexM3\ARM_GCC_541\Debug\SPI_Slave.a(CyLib.o)
 .text.CySysTickSetClockSource
                0x00000000       0x20 .\CortexM3\ARM_GCC_541\Debug\SPI_Slave.a(CyLib.o)
 .text.CySysTickGetClockSource
                0x00000000       0x10 .\CortexM3\ARM_GCC_541\Debug\SPI_Slave.a(CyLib.o)
 .text.CySysTickGetCountFlag
                0x00000000       0x10 .\CortexM3\ARM_GCC_541\Debug\SPI_Slave.a(CyLib.o)
 .text.CySysTickServiceCallbacks
                0x00000000       0x28 .\CortexM3\ARM_GCC_541\Debug\SPI_Slave.a(CyLib.o)
 .text.CySysTickClear
                0x00000000        0xc .\CortexM3\ARM_GCC_541\Debug\SPI_Slave.a(CyLib.o)
 .text.CySysTickInit
                0x00000000       0x58 .\CortexM3\ARM_GCC_541\Debug\SPI_Slave.a(CyLib.o)
 .text.CySysTickStart
                0x00000000       0x1c .\CortexM3\ARM_GCC_541\Debug\SPI_Slave.a(CyLib.o)
 .text.CySysTickSetCallback
                0x00000000       0x10 .\CortexM3\ARM_GCC_541\Debug\SPI_Slave.a(CyLib.o)
 .text.CySysTickGetCallback
                0x00000000       0x10 .\CortexM3\ARM_GCC_541\Debug\SPI_Slave.a(CyLib.o)
 .text.CyGetUniqueId
                0x00000000       0x70 .\CortexM3\ARM_GCC_541\Debug\SPI_Slave.a(CyLib.o)
 .text          0x00000000        0x0 .\CortexM3\ARM_GCC_541\Debug\SPI_Slave.a(cyPm.o)
 .data          0x00000000        0x0 .\CortexM3\ARM_GCC_541\Debug\SPI_Slave.a(cyPm.o)
 .bss           0x00000000       0x43 .\CortexM3\ARM_GCC_541\Debug\SPI_Slave.a(cyPm.o)
 .text.CyPmHibSlpSaveSet
                0x00000000      0x1dc .\CortexM3\ARM_GCC_541\Debug\SPI_Slave.a(cyPm.o)
 .text.CyPmHibSlpRestore
                0x00000000       0xd8 .\CortexM3\ARM_GCC_541\Debug\SPI_Slave.a(cyPm.o)
 .text.CyPmHviLviSaveDisable
                0x00000000       0xa0 .\CortexM3\ARM_GCC_541\Debug\SPI_Slave.a(cyPm.o)
 .text.CyPmHibSaveSet
                0x00000000       0x98 .\CortexM3\ARM_GCC_541\Debug\SPI_Slave.a(cyPm.o)
 .text.CyPmHviLviRestore
                0x00000000       0x48 .\CortexM3\ARM_GCC_541\Debug\SPI_Slave.a(cyPm.o)
 .text.CyPmHibRestore
                0x00000000       0x60 .\CortexM3\ARM_GCC_541\Debug\SPI_Slave.a(cyPm.o)
 .text.CyPmSaveClocks
                0x00000000      0x218 .\CortexM3\ARM_GCC_541\Debug\SPI_Slave.a(cyPm.o)
 .text.CyPmRestoreClocks
                0x00000000      0x24c .\CortexM3\ARM_GCC_541\Debug\SPI_Slave.a(cyPm.o)
 .text.CyPmAltAct
                0x00000000       0x6c .\CortexM3\ARM_GCC_541\Debug\SPI_Slave.a(cyPm.o)
 .text.CyPmSleep
                0x00000000       0xf4 .\CortexM3\ARM_GCC_541\Debug\SPI_Slave.a(cyPm.o)
 .text.CyPmHibernateEx
                0x00000000       0xf4 .\CortexM3\ARM_GCC_541\Debug\SPI_Slave.a(cyPm.o)
 .text.CyPmHibernate
                0x00000000        0xc .\CortexM3\ARM_GCC_541\Debug\SPI_Slave.a(cyPm.o)
 .text.CyPmReadStatus
                0x00000000       0x30 .\CortexM3\ARM_GCC_541\Debug\SPI_Slave.a(cyPm.o)
 .text.CyPmCtwSetInterval
                0x00000000       0x5c .\CortexM3\ARM_GCC_541\Debug\SPI_Slave.a(cyPm.o)
 .text.CyPmOppsSet
                0x00000000       0x2c .\CortexM3\ARM_GCC_541\Debug\SPI_Slave.a(cyPm.o)
 .text.CyPmFtwSetInterval
                0x00000000       0x5c .\CortexM3\ARM_GCC_541\Debug\SPI_Slave.a(cyPm.o)
 .rodata        0x00000000        0xf .\CortexM3\ARM_GCC_541\Debug\SPI_Slave.a(cyPm.o)
 .text          0x00000000        0x0 .\CortexM3\ARM_GCC_541\Debug\SPI_Slave.a(UART_1.o)
 .data          0x00000000        0x0 .\CortexM3\ARM_GCC_541\Debug\SPI_Slave.a(UART_1.o)
 .text.UART_1_Stop
                0x00000000       0x3c .\CortexM3\ARM_GCC_541\Debug\SPI_Slave.a(UART_1.o)
 .text.UART_1_ReadControlRegister
                0x00000000        0x4 .\CortexM3\ARM_GCC_541\Debug\SPI_Slave.a(UART_1.o)
 .text.UART_1_WriteControlRegister
                0x00000000        0x4 .\CortexM3\ARM_GCC_541\Debug\SPI_Slave.a(UART_1.o)
 .text.UART_1_SetRxInterruptMode
                0x00000000        0xc .\CortexM3\ARM_GCC_541\Debug\SPI_Slave.a(UART_1.o)
 .text.UART_1_ReadRxStatus
                0x00000000       0x10 .\CortexM3\ARM_GCC_541\Debug\SPI_Slave.a(UART_1.o)
 .text.UART_1_GetChar
                0x00000000       0x2c .\CortexM3\ARM_GCC_541\Debug\SPI_Slave.a(UART_1.o)
 .text.UART_1_GetByte
                0x00000000       0x14 .\CortexM3\ARM_GCC_541\Debug\SPI_Slave.a(UART_1.o)
 .text.UART_1_ClearRxBuffer
                0x00000000       0x24 .\CortexM3\ARM_GCC_541\Debug\SPI_Slave.a(UART_1.o)
 .text.UART_1_SetRxAddressMode
                0x00000000        0x4 .\CortexM3\ARM_GCC_541\Debug\SPI_Slave.a(UART_1.o)
 .text.UART_1_SetRxAddress1
                0x00000000        0xc .\CortexM3\ARM_GCC_541\Debug\SPI_Slave.a(UART_1.o)
 .text.UART_1_SetRxAddress2
                0x00000000        0xc .\CortexM3\ARM_GCC_541\Debug\SPI_Slave.a(UART_1.o)
 .text.UART_1_SetTxInterruptMode
                0x00000000        0xc .\CortexM3\ARM_GCC_541\Debug\SPI_Slave.a(UART_1.o)
 .text.UART_1_ReadTxStatus
                0x00000000        0xc .\CortexM3\ARM_GCC_541\Debug\SPI_Slave.a(UART_1.o)
 .text.UART_1_PutChar
                0x00000000       0x18 .\CortexM3\ARM_GCC_541\Debug\SPI_Slave.a(UART_1.o)
 .text.UART_1_PutString
                0x00000000       0x24 .\CortexM3\ARM_GCC_541\Debug\SPI_Slave.a(UART_1.o)
 .text.UART_1_PutArray
                0x00000000       0x28 .\CortexM3\ARM_GCC_541\Debug\SPI_Slave.a(UART_1.o)
 .text.UART_1_PutCRLF
                0x00000000       0x20 .\CortexM3\ARM_GCC_541\Debug\SPI_Slave.a(UART_1.o)
 .text.UART_1_GetTxBufferSize
                0x00000000       0x24 .\CortexM3\ARM_GCC_541\Debug\SPI_Slave.a(UART_1.o)
 .text.UART_1_ClearTxBuffer
                0x00000000       0x24 .\CortexM3\ARM_GCC_541\Debug\SPI_Slave.a(UART_1.o)
 .text.UART_1_SendBreak
                0x00000000       0x58 .\CortexM3\ARM_GCC_541\Debug\SPI_Slave.a(UART_1.o)
 .text.UART_1_SetTxAddressMode
                0x00000000        0x4 .\CortexM3\ARM_GCC_541\Debug\SPI_Slave.a(UART_1.o)
 .text          0x00000000        0x0 .\CortexM3\ARM_GCC_541\Debug\SPI_Slave.a(isruart.o)
 .data          0x00000000        0x0 .\CortexM3\ARM_GCC_541\Debug\SPI_Slave.a(isruart.o)
 .bss           0x00000000        0x0 .\CortexM3\ARM_GCC_541\Debug\SPI_Slave.a(isruart.o)
 .text.isruart_Interrupt
                0x00000000        0x4 .\CortexM3\ARM_GCC_541\Debug\SPI_Slave.a(isruart.o)
 .text.isruart_GetVector
                0x00000000        0xc .\CortexM3\ARM_GCC_541\Debug\SPI_Slave.a(isruart.o)
 .text.isruart_GetPriority
                0x00000000        0xc .\CortexM3\ARM_GCC_541\Debug\SPI_Slave.a(isruart.o)
 .text.isruart_GetState
                0x00000000       0x18 .\CortexM3\ARM_GCC_541\Debug\SPI_Slave.a(isruart.o)
 .text.isruart_Start
                0x00000000       0x1c .\CortexM3\ARM_GCC_541\Debug\SPI_Slave.a(isruart.o)
 .text.isruart_Stop
                0x00000000       0x14 .\CortexM3\ARM_GCC_541\Debug\SPI_Slave.a(isruart.o)
 .text.isruart_SetPending
                0x00000000        0xc .\CortexM3\ARM_GCC_541\Debug\SPI_Slave.a(isruart.o)
 .text.isruart_ClearPending
                0x00000000        0xc .\CortexM3\ARM_GCC_541\Debug\SPI_Slave.a(isruart.o)
 .text          0x00000000        0x0 .\CortexM3\ARM_GCC_541\Debug\SPI_Slave.a(Pin_2.o)
 .data          0x00000000        0x0 .\CortexM3\ARM_GCC_541\Debug\SPI_Slave.a(Pin_2.o)
 .bss           0x00000000        0x0 .\CortexM3\ARM_GCC_541\Debug\SPI_Slave.a(Pin_2.o)
 .text.Pin_2_Write
                0x00000000       0x18 .\CortexM3\ARM_GCC_541\Debug\SPI_Slave.a(Pin_2.o)
 .text.Pin_2_SetDriveMode
                0x00000000       0x18 .\CortexM3\ARM_GCC_541\Debug\SPI_Slave.a(Pin_2.o)
 .text.Pin_2_ReadDataReg
                0x00000000       0x10 .\CortexM3\ARM_GCC_541\Debug\SPI_Slave.a(Pin_2.o)
 .text          0x00000000        0x0 .\CortexM3\ARM_GCC_541\Debug\SPI_Slave.a(UART_1_IntClock.o)
 .data          0x00000000        0x0 .\CortexM3\ARM_GCC_541\Debug\SPI_Slave.a(UART_1_IntClock.o)
 .bss           0x00000000        0x0 .\CortexM3\ARM_GCC_541\Debug\SPI_Slave.a(UART_1_IntClock.o)
 .text.UART_1_IntClock_Stop
                0x00000000       0x1c .\CortexM3\ARM_GCC_541\Debug\SPI_Slave.a(UART_1_IntClock.o)
 .text.UART_1_IntClock_StopBlock
                0x00000000       0x6c .\CortexM3\ARM_GCC_541\Debug\SPI_Slave.a(UART_1_IntClock.o)
 .text.UART_1_IntClock_StandbyPower
                0x00000000       0x20 .\CortexM3\ARM_GCC_541\Debug\SPI_Slave.a(UART_1_IntClock.o)
 .text.UART_1_IntClock_GetDividerRegister
                0x00000000        0xc .\CortexM3\ARM_GCC_541\Debug\SPI_Slave.a(UART_1_IntClock.o)
 .text.UART_1_IntClock_SetModeRegister
                0x00000000       0x14 .\CortexM3\ARM_GCC_541\Debug\SPI_Slave.a(UART_1_IntClock.o)
 .text.UART_1_IntClock_ClearModeRegister
                0x00000000       0x18 .\CortexM3\ARM_GCC_541\Debug\SPI_Slave.a(UART_1_IntClock.o)
 .text.UART_1_IntClock_GetModeRegister
                0x00000000       0x10 .\CortexM3\ARM_GCC_541\Debug\SPI_Slave.a(UART_1_IntClock.o)
 .text.UART_1_IntClock_GetSourceRegister
                0x00000000       0x10 .\CortexM3\ARM_GCC_541\Debug\SPI_Slave.a(UART_1_IntClock.o)
 .text.UART_1_IntClock_SetDividerRegister
                0x00000000       0xdc .\CortexM3\ARM_GCC_541\Debug\SPI_Slave.a(UART_1_IntClock.o)
 .text.UART_1_IntClock_SetSourceRegister
                0x00000000       0x5c .\CortexM3\ARM_GCC_541\Debug\SPI_Slave.a(UART_1_IntClock.o)
 .text          0x00000000        0x0 .\CortexM3\ARM_GCC_541\Debug\SPI_Slave.a(isrspis.o)
 .data          0x00000000        0x0 .\CortexM3\ARM_GCC_541\Debug\SPI_Slave.a(isrspis.o)
 .bss           0x00000000        0x0 .\CortexM3\ARM_GCC_541\Debug\SPI_Slave.a(isrspis.o)
 .text.isrspis_Interrupt
                0x00000000        0x4 .\CortexM3\ARM_GCC_541\Debug\SPI_Slave.a(isrspis.o)
 .text.isrspis_GetVector
                0x00000000        0xc .\CortexM3\ARM_GCC_541\Debug\SPI_Slave.a(isrspis.o)
 .text.isrspis_GetPriority
                0x00000000        0xc .\CortexM3\ARM_GCC_541\Debug\SPI_Slave.a(isrspis.o)
 .text.isrspis_GetState
                0x00000000       0x10 .\CortexM3\ARM_GCC_541\Debug\SPI_Slave.a(isrspis.o)
 .text.isrspis_Start
                0x00000000       0x1c .\CortexM3\ARM_GCC_541\Debug\SPI_Slave.a(isrspis.o)
 .text.isrspis_Stop
                0x00000000       0x14 .\CortexM3\ARM_GCC_541\Debug\SPI_Slave.a(isrspis.o)
 .text.isrspis_SetPending
                0x00000000        0xc .\CortexM3\ARM_GCC_541\Debug\SPI_Slave.a(isrspis.o)
 .text.isrspis_ClearPending
                0x00000000        0xc .\CortexM3\ARM_GCC_541\Debug\SPI_Slave.a(isrspis.o)
 .data          0x00000000        0x0 .\CortexM3\ARM_GCC_541\Debug\SPI_Slave.a(CyBootAsmGnu.o)
 .bss           0x00000000        0x0 .\CortexM3\ARM_GCC_541\Debug\SPI_Slave.a(CyBootAsmGnu.o)
 .text          0x00000000        0x0 .\CortexM3\ARM_GCC_541\Debug\SPI_Slave.a(CyFlash.o)
 .data          0x00000000        0x0 .\CortexM3\ARM_GCC_541\Debug\SPI_Slave.a(CyFlash.o)
 .bss           0x00000000        0x0 .\CortexM3\ARM_GCC_541\Debug\SPI_Slave.a(CyFlash.o)
 .text.CySetTempInt
                0x00000000       0x60 .\CortexM3\ARM_GCC_541\Debug\SPI_Slave.a(CyFlash.o)
 .text.CyFlash_Start
                0x00000000       0x54 .\CortexM3\ARM_GCC_541\Debug\SPI_Slave.a(CyFlash.o)
 .text.CyFlash_Stop
                0x00000000       0x24 .\CortexM3\ARM_GCC_541\Debug\SPI_Slave.a(CyFlash.o)
 .text.CyFlash_EraseRow
                0x00000000       0x78 .\CortexM3\ARM_GCC_541\Debug\SPI_Slave.a(CyFlash.o)
 .text.CyFlashGetSpcAlgorithm
                0x00000000       0x4c .\CortexM3\ARM_GCC_541\Debug\SPI_Slave.a(CyFlash.o)
 .text.CySetTemp
                0x00000000       0x14 .\CortexM3\ARM_GCC_541\Debug\SPI_Slave.a(CyFlash.o)
 .text.CySetFlashEEBuffer
                0x00000000       0x20 .\CortexM3\ARM_GCC_541\Debug\SPI_Slave.a(CyFlash.o)
 .text.CyWriteRowFull
                0x00000000       0xf8 .\CortexM3\ARM_GCC_541\Debug\SPI_Slave.a(CyFlash.o)
 .text.CyWriteRowData
                0x00000000       0x14 .\CortexM3\ARM_GCC_541\Debug\SPI_Slave.a(CyFlash.o)
 .text.CyFlash_SetWaitCycles
                0x00000000       0x7c .\CortexM3\ARM_GCC_541\Debug\SPI_Slave.a(CyFlash.o)
 .text.CyEEPROM_Start
                0x00000000       0x54 .\CortexM3\ARM_GCC_541\Debug\SPI_Slave.a(CyFlash.o)
 .text.CyEEPROM_Stop
                0x00000000       0x24 .\CortexM3\ARM_GCC_541\Debug\SPI_Slave.a(CyFlash.o)
 .text.CyEEPROM_ReadReserve
                0x00000000       0x1c .\CortexM3\ARM_GCC_541\Debug\SPI_Slave.a(CyFlash.o)
 .text.CyEEPROM_ReadRelease
                0x00000000       0x10 .\CortexM3\ARM_GCC_541\Debug\SPI_Slave.a(CyFlash.o)
 COMMON         0x00000000        0x2 .\CortexM3\ARM_GCC_541\Debug\SPI_Slave.a(CyFlash.o)
 .text          0x00000000        0x0 .\CortexM3\ARM_GCC_541\Debug\SPI_Slave.a(CySpc.o)
 .data          0x00000000        0x0 .\CortexM3\ARM_GCC_541\Debug\SPI_Slave.a(CySpc.o)
 .bss           0x00000000        0x8 .\CortexM3\ARM_GCC_541\Debug\SPI_Slave.a(CySpc.o)
 .text.CySpcStart
                0x00000000       0x24 .\CortexM3\ARM_GCC_541\Debug\SPI_Slave.a(CySpc.o)
 .text.CySpcStop
                0x00000000       0x24 .\CortexM3\ARM_GCC_541\Debug\SPI_Slave.a(CySpc.o)
 .text.CySpcReadData
                0x00000000       0x34 .\CortexM3\ARM_GCC_541\Debug\SPI_Slave.a(CySpc.o)
 .text.CySpcLoadMultiByte
                0x00000000       0x78 .\CortexM3\ARM_GCC_541\Debug\SPI_Slave.a(CySpc.o)
 .text.CySpcLoadRow
                0x00000000       0x50 .\CortexM3\ARM_GCC_541\Debug\SPI_Slave.a(CySpc.o)
 .text.CySpcLoadRowFull
                0x00000000       0x80 .\CortexM3\ARM_GCC_541\Debug\SPI_Slave.a(CySpc.o)
 .text.CySpcWriteRow
                0x00000000       0x4c .\CortexM3\ARM_GCC_541\Debug\SPI_Slave.a(CySpc.o)
 .text.CySpcEraseSector
                0x00000000       0x3c .\CortexM3\ARM_GCC_541\Debug\SPI_Slave.a(CySpc.o)
 .text.CySpcEraseRow
                0x00000000       0x4c .\CortexM3\ARM_GCC_541\Debug\SPI_Slave.a(CySpc.o)
 .text.CySpcGetTemp
                0x00000000       0x3c .\CortexM3\ARM_GCC_541\Debug\SPI_Slave.a(CySpc.o)
 .text.CySpcLock
                0x00000000       0x4c .\CortexM3\ARM_GCC_541\Debug\SPI_Slave.a(CySpc.o)
 .text.CySpcUnlock
                0x00000000       0x38 .\CortexM3\ARM_GCC_541\Debug\SPI_Slave.a(CySpc.o)
 .text.CySpcGetAlgorithm
                0x00000000       0x28 .\CortexM3\ARM_GCC_541\Debug\SPI_Slave.a(CySpc.o)
 .text          0x00000000        0x0 c:/program files (x86)/cypress/psoc creator/4.3/psoc creator/import/gnu/arm/5.4.1/bin/../lib/gcc/arm-none-eabi/5.4.1/../../../../arm-none-eabi/lib/armv7-m\libg_nano.a(lib_a-errno.o)
 .data          0x00000000        0x0 c:/program files (x86)/cypress/psoc creator/4.3/psoc creator/import/gnu/arm/5.4.1/bin/../lib/gcc/arm-none-eabi/5.4.1/../../../../arm-none-eabi/lib/armv7-m\libg_nano.a(lib_a-errno.o)
 .bss           0x00000000        0x0 c:/program files (x86)/cypress/psoc creator/4.3/psoc creator/import/gnu/arm/5.4.1/bin/../lib/gcc/arm-none-eabi/5.4.1/../../../../arm-none-eabi/lib/armv7-m\libg_nano.a(lib_a-errno.o)
 .text          0x00000000        0x0 c:/program files (x86)/cypress/psoc creator/4.3/psoc creator/import/gnu/arm/5.4.1/bin/../lib/gcc/arm-none-eabi/5.4.1/../../../../arm-none-eabi/lib/armv7-m\libg_nano.a(lib_a-exit.o)
 .data          0x00000000        0x0 c:/program files (x86)/cypress/psoc creator/4.3/psoc creator/import/gnu/arm/5.4.1/bin/../lib/gcc/arm-none-eabi/5.4.1/../../../../arm-none-eabi/lib/armv7-m\libg_nano.a(lib_a-exit.o)
 .bss           0x00000000        0x0 c:/program files (x86)/cypress/psoc creator/4.3/psoc creator/import/gnu/arm/5.4.1/bin/../lib/gcc/arm-none-eabi/5.4.1/../../../../arm-none-eabi/lib/armv7-m\libg_nano.a(lib_a-exit.o)
 .text.exit     0x00000000       0x28 c:/program files (x86)/cypress/psoc creator/4.3/psoc creator/import/gnu/arm/5.4.1/bin/../lib/gcc/arm-none-eabi/5.4.1/../../../../arm-none-eabi/lib/armv7-m\libg_nano.a(lib_a-exit.o)
 .text          0x00000000        0x0 c:/program files (x86)/cypress/psoc creator/4.3/psoc creator/import/gnu/arm/5.4.1/bin/../lib/gcc/arm-none-eabi/5.4.1/../../../../arm-none-eabi/lib/armv7-m\libg_nano.a(lib_a-impure.o)
 .data          0x00000000        0x0 c:/program files (x86)/cypress/psoc creator/4.3/psoc creator/import/gnu/arm/5.4.1/bin/../lib/gcc/arm-none-eabi/5.4.1/../../../../arm-none-eabi/lib/armv7-m\libg_nano.a(lib_a-impure.o)
 .bss           0x00000000        0x0 c:/program files (x86)/cypress/psoc creator/4.3/psoc creator/import/gnu/arm/5.4.1/bin/../lib/gcc/arm-none-eabi/5.4.1/../../../../arm-none-eabi/lib/armv7-m\libg_nano.a(lib_a-impure.o)
 .rodata._global_impure_ptr
                0x00000000        0x4 c:/program files (x86)/cypress/psoc creator/4.3/psoc creator/import/gnu/arm/5.4.1/bin/../lib/gcc/arm-none-eabi/5.4.1/../../../../arm-none-eabi/lib/armv7-m\libg_nano.a(lib_a-impure.o)
 .text          0x00000000        0x0 c:/program files (x86)/cypress/psoc creator/4.3/psoc creator/import/gnu/arm/5.4.1/bin/../lib/gcc/arm-none-eabi/5.4.1/../../../../arm-none-eabi/lib/armv7-m\libg_nano.a(lib_a-init.o)
 .data          0x00000000        0x0 c:/program files (x86)/cypress/psoc creator/4.3/psoc creator/import/gnu/arm/5.4.1/bin/../lib/gcc/arm-none-eabi/5.4.1/../../../../arm-none-eabi/lib/armv7-m\libg_nano.a(lib_a-init.o)
 .bss           0x00000000        0x0 c:/program files (x86)/cypress/psoc creator/4.3/psoc creator/import/gnu/arm/5.4.1/bin/../lib/gcc/arm-none-eabi/5.4.1/../../../../arm-none-eabi/lib/armv7-m\libg_nano.a(lib_a-init.o)
 .text          0x00000000        0x0 c:/program files (x86)/cypress/psoc creator/4.3/psoc creator/import/gnu/arm/5.4.1/bin/../lib/gcc/arm-none-eabi/5.4.1/../../../../arm-none-eabi/lib/armv7-m\libg_nano.a(lib_a-memcpy-stub.o)
 .data          0x00000000        0x0 c:/program files (x86)/cypress/psoc creator/4.3/psoc creator/import/gnu/arm/5.4.1/bin/../lib/gcc/arm-none-eabi/5.4.1/../../../../arm-none-eabi/lib/armv7-m\libg_nano.a(lib_a-memcpy-stub.o)
 .bss           0x00000000        0x0 c:/program files (x86)/cypress/psoc creator/4.3/psoc creator/import/gnu/arm/5.4.1/bin/../lib/gcc/arm-none-eabi/5.4.1/../../../../arm-none-eabi/lib/armv7-m\libg_nano.a(lib_a-memcpy-stub.o)
 .text          0x00000000        0x0 c:/program files (x86)/cypress/psoc creator/4.3/psoc creator/import/gnu/arm/5.4.1/bin/../lib/gcc/arm-none-eabi/5.4.1/../../../../arm-none-eabi/lib/armv7-m\libg_nano.a(lib_a-memset.o)
 .data          0x00000000        0x0 c:/program files (x86)/cypress/psoc creator/4.3/psoc creator/import/gnu/arm/5.4.1/bin/../lib/gcc/arm-none-eabi/5.4.1/../../../../arm-none-eabi/lib/armv7-m\libg_nano.a(lib_a-memset.o)
 .bss           0x00000000        0x0 c:/program files (x86)/cypress/psoc creator/4.3/psoc creator/import/gnu/arm/5.4.1/bin/../lib/gcc/arm-none-eabi/5.4.1/../../../../arm-none-eabi/lib/armv7-m\libg_nano.a(lib_a-memset.o)
 .text          0x00000000        0x0 c:/program files (x86)/cypress/psoc creator/4.3/psoc creator/import/gnu/arm/5.4.1/bin/../lib/gcc/arm-none-eabi/5.4.1/armv7-m/crtend.o
 .data          0x00000000        0x0 c:/program files (x86)/cypress/psoc creator/4.3/psoc creator/import/gnu/arm/5.4.1/bin/../lib/gcc/arm-none-eabi/5.4.1/armv7-m/crtend.o
 .bss           0x00000000        0x0 c:/program files (x86)/cypress/psoc creator/4.3/psoc creator/import/gnu/arm/5.4.1/bin/../lib/gcc/arm-none-eabi/5.4.1/armv7-m/crtend.o
 .text          0x00000000        0x0 c:/program files (x86)/cypress/psoc creator/4.3/psoc creator/import/gnu/arm/5.4.1/bin/../lib/gcc/arm-none-eabi/5.4.1/armv7-m/crtn.o
 .data          0x00000000        0x0 c:/program files (x86)/cypress/psoc creator/4.3/psoc creator/import/gnu/arm/5.4.1/bin/../lib/gcc/arm-none-eabi/5.4.1/armv7-m/crtn.o
 .bss           0x00000000        0x0 c:/program files (x86)/cypress/psoc creator/4.3/psoc creator/import/gnu/arm/5.4.1/bin/../lib/gcc/arm-none-eabi/5.4.1/armv7-m/crtn.o

Memory Configuration

Name             Origin             Length             Attributes
rom              0x00000000         0x00040000         xr
ram              0x1fff8000         0x00010000         xrw
*default*        0x00000000         0xffffffff

Linker script and memory map

LOAD c:/program files (x86)/cypress/psoc creator/4.3/psoc creator/import/gnu/arm/5.4.1/bin/../lib/gcc/arm-none-eabi/5.4.1/armv7-m/crti.o
LOAD c:/program files (x86)/cypress/psoc creator/4.3/psoc creator/import/gnu/arm/5.4.1/bin/../lib/gcc/arm-none-eabi/5.4.1/armv7-m/crtbegin.o
LOAD c:/program files (x86)/cypress/psoc creator/4.3/psoc creator/import/gnu/arm/5.4.1/bin/../lib/gcc/arm-none-eabi/5.4.1/../../../../arm-none-eabi/lib/armv7-m/crt0.o
START GROUP
LOAD .\CortexM3\ARM_GCC_541\Debug\main.o
LOAD .\CortexM3\ARM_GCC_541\Debug\SPI_Slave.o
LOAD .\CortexM3\ARM_GCC_541\Debug\UART_handler.o
LOAD .\CortexM3\ARM_GCC_541\Debug\cyfitter_cfg.o
LOAD .\CortexM3\ARM_GCC_541\Debug\cymetadata.o
LOAD .\CortexM3\ARM_GCC_541\Debug\Cm3Start.o
LOAD .\CortexM3\ARM_GCC_541\Debug\SPI_Slave.a
LOAD C:\Program Files (x86)\Cypress\PSoC Creator\4.3\PSoC Creator\psoc\content\cycomponentlibrary\CyComponentLibrary.cylib\CortexM3\ARM_GCC_541\Debug\CyComponentLibrary.a
END GROUP
START GROUP
LOAD c:/program files (x86)/cypress/psoc creator/4.3/psoc creator/import/gnu/arm/5.4.1/bin/../lib/gcc/arm-none-eabi/5.4.1/armv7-m\libgcc.a
LOAD c:/program files (x86)/cypress/psoc creator/4.3/psoc creator/import/gnu/arm/5.4.1/bin/../lib/gcc/arm-none-eabi/5.4.1/../../../../arm-none-eabi/lib/armv7-m\libg_nano.a
LOAD c:/program files (x86)/cypress/psoc creator/4.3/psoc creator/import/gnu/arm/5.4.1/bin/../lib/gcc/arm-none-eabi/5.4.1/../../../../arm-none-eabi/lib/armv7-m\libc_nano.a
END GROUP
START GROUP
LOAD c:/program files (x86)/cypress/psoc creator/4.3/psoc creator/import/gnu/arm/5.4.1/bin/../lib/gcc/arm-none-eabi/5.4.1/armv7-m\libgcc.a
LOAD c:/program files (x86)/cypress/psoc creator/4.3/psoc creator/import/gnu/arm/5.4.1/bin/../lib/gcc/arm-none-eabi/5.4.1/../../../../arm-none-eabi/lib/armv7-m\libc_nano.a
END GROUP
LOAD c:/program files (x86)/cypress/psoc creator/4.3/psoc creator/import/gnu/arm/5.4.1/bin/../lib/gcc/arm-none-eabi/5.4.1/armv7-m/crtend.o
LOAD c:/program files (x86)/cypress/psoc creator/4.3/psoc creator/import/gnu/arm/5.4.1/bin/../lib/gcc/arm-none-eabi/5.4.1/armv7-m/crtn.o
START GROUP
LOAD c:/program files (x86)/cypress/psoc creator/4.3/psoc creator/import/gnu/arm/5.4.1/bin/../lib/gcc/arm-none-eabi/5.4.1/armv7-m\libgcc.a
LOAD c:/program files (x86)/cypress/psoc creator/4.3/psoc creator/import/gnu/arm/5.4.1/bin/../lib/gcc/arm-none-eabi/5.4.1/../../../../arm-none-eabi/lib/armv7-m\libc.a
LOAD c:/program files (x86)/cypress/psoc creator/4.3/psoc creator/import/gnu/arm/5.4.1/bin/../lib/gcc/arm-none-eabi/5.4.1/../../../../arm-none-eabi/lib/armv7-m\libnosys.a
END GROUP
                0x00000000                CY_APPL_ORIGIN = 0x0
                0x00000100                CY_FLASH_ROW_SIZE = 0x100
                0x00000020                CY_ECC_ROW_SIZE = 0x20
                0x00000000                CY_EE_IN_BTLDR = 0x0
                0x00000000                CY_APPL_LOADABLE = 0x0
                0x00000800                CY_EE_SIZE = 0x800
                0x00000001                CY_APPL_NUM = 0x1
                0x00000001                CY_APPL_MAX = 0x1
                0x00000040                CY_METADATA_SIZE = 0x40
                0x00000000                CY_APPL_LOADABLE = 0x0
                0x00000000                CY_CHECKSUM_EXCLUDE_SIZE = ALIGN (0x0, CY_FLASH_ROW_SIZE)
                [!provide]                PROVIDE (__cy_heap_start, _end)
                0x00000001                PROVIDE (__cy_region_num, ((__cy_regions_end - __cy_regions) / 0x10))
                0x20008000                PROVIDE (__cy_stack, (ORIGIN (ram) + LENGTH (ram)))
                [!provide]                PROVIDE (__cy_heap_end, (__cy_stack - 0x800))

.cybootloader   0x00000000        0x0
 *(.cybootloader)
                0x00000000                appl1_start = CY_APPL_ORIGIN?CY_APPL_ORIGIN:ALIGN (CY_FLASH_ROW_SIZE)
                0x0001ff00                appl2_start = (appl1_start + ALIGN ((((LENGTH (rom) - appl1_start) - (0x2 * CY_FLASH_ROW_SIZE)) / 0x2), CY_FLASH_ROW_SIZE))
                0x00000000                appl_start = (CY_APPL_NUM == 0x1)?appl1_start:appl2_start
                0x00000000                ecc_offset = ((appl_start / CY_FLASH_ROW_SIZE) * CY_ECC_ROW_SIZE)
                0x00000000                ee_offset = (CY_APPL_LOADABLE && ! (CY_EE_IN_BTLDR))?((CY_EE_SIZE / CY_APPL_MAX) * (CY_APPL_NUM - 0x1)):0x0
                0x00000800                ee_size = (CY_APPL_LOADABLE && ! (CY_EE_IN_BTLDR))?(CY_EE_SIZE / CY_APPL_MAX):CY_EE_SIZE
                [!provide]                PROVIDE (CY_ECC_OFFSET, ecc_offset)

.text           0x00000000      0x7be
 CREATE_OBJECT_SYMBOLS
                0x00000000                PROVIDE (__cy_interrupt_vector, RomVectors)
 *(.romvectors)
 .romvectors    0x00000000       0x10 .\CortexM3\ARM_GCC_541\Debug\Cm3Start.o
                0x00000000                RomVectors
                0x00000001                ASSERT ((. != __cy_interrupt_vector), No interrupt vector)
                0x00000001                ASSERT (CY_APPL_ORIGIN?(SIZEOF (.cybootloader) <= CY_APPL_ORIGIN):0x1, Wrong image location)
                0x00000010                PROVIDE (__cy_reset, Reset)
 *(.text.Reset)
 .text.Reset    0x00000010       0x18 .\CortexM3\ARM_GCC_541\Debug\Cm3Start.o
                0x00000010                Reset
                0x00000001                ASSERT ((. != __cy_reset), No reset code)
 *(.dma_init)
                0x00000001                ASSERT ((((appl_start + .) <= 0x10000) || 0x1), DMA Init must be within the first 64k of flash)
 *(.text .text.* .gnu.linkonce.t.*)
 .text          0x00000028       0x5c c:/program files (x86)/cypress/psoc creator/4.3/psoc creator/import/gnu/arm/5.4.1/bin/../lib/gcc/arm-none-eabi/5.4.1/armv7-m/crtbegin.o
 .text.ISR_UART_rx_handler
                0x00000084       0x1c .\CortexM3\ARM_GCC_541\Debug\main.o
                0x00000084                ISR_UART_rx_handler
 .text.SPIS_rx_handler
                0x000000a0       0x1c .\CortexM3\ARM_GCC_541\Debug\main.o
                0x000000a0                SPIS_rx_handler
 .text.main     0x000000bc       0x28 .\CortexM3\ARM_GCC_541\Debug\main.o
                0x000000bc                main
 .text.buttonState
                0x000000e4       0x1c .\CortexM3\ARM_GCC_541\Debug\SPI_Slave.o
                0x000000e4                buttonState
 .text.SPIS_handleByteReceived
                0x00000100       0x64 .\CortexM3\ARM_GCC_541\Debug\SPI_Slave.o
                0x00000100                SPIS_handleByteReceived
 .text.CyClockStartupError
                0x00000164        0x4 .\CortexM3\ARM_GCC_541\Debug\cyfitter_cfg.o
 .text.cfg_write_bytes32
                0x00000168       0x34 .\CortexM3\ARM_GCC_541\Debug\cyfitter_cfg.o
 .text.AnalogSetDefault
                0x0000019c       0x28 .\CortexM3\ARM_GCC_541\Debug\cyfitter_cfg.o
 .text.CYMEMZERO
                0x000001c4        0xc .\CortexM3\ARM_GCC_541\Debug\cyfitter_cfg.o
 .text.ClockSetup
                0x000001d0       0xc8 .\CortexM3\ARM_GCC_541\Debug\cyfitter_cfg.o
 .text.CYCONFIGCPY
                0x00000298        0x8 .\CortexM3\ARM_GCC_541\Debug\cyfitter_cfg.o
 .text.cyfitter_cfg
                0x000002a0       0xf0 .\CortexM3\ARM_GCC_541\Debug\cyfitter_cfg.o
                0x000002a0                cyfitter_cfg
 .text.IntDefaultHandler
                0x00000390       0x10 .\CortexM3\ARM_GCC_541\Debug\Cm3Start.o
                0x00000390                IntDefaultHandler
 .text.Start_c  0x000003a0       0x4c .\CortexM3\ARM_GCC_541\Debug\Cm3Start.o
                0x000003a0                Start_c
 .text.initialize_psoc
                0x000003ec       0x68 .\CortexM3\ARM_GCC_541\Debug\Cm3Start.o
                0x000003ec                initialize_psoc
 .text.SPIS_1_Enable
                0x00000454       0x30 .\CortexM3\ARM_GCC_541\Debug\SPI_Slave.a(SPIS_1.o)
                0x00000454                SPIS_1_Enable
 .text.SPIS_1_ReadTxStatus
                0x00000484        0xc .\CortexM3\ARM_GCC_541\Debug\SPI_Slave.a(SPIS_1.o)
                0x00000484                SPIS_1_ReadTxStatus
 .text.SPIS_1_ReadRxStatus
                0x00000490        0xc .\CortexM3\ARM_GCC_541\Debug\SPI_Slave.a(SPIS_1.o)
                0x00000490                SPIS_1_ReadRxStatus
 .text.SPIS_1_WriteTxData
                0x0000049c       0x18 .\CortexM3\ARM_GCC_541\Debug\SPI_Slave.a(SPIS_1.o)
                0x0000049c                SPIS_1_WriteTxData
 .text.SPIS_1_ReadRxData
                0x000004b4        0xc .\CortexM3\ARM_GCC_541\Debug\SPI_Slave.a(SPIS_1.o)
                0x000004b4                SPIS_1_ReadRxData
 .text.SPIS_1_GetRxBufferSize
                0x000004c0       0x18 .\CortexM3\ARM_GCC_541\Debug\SPI_Slave.a(SPIS_1.o)
                0x000004c0                SPIS_1_GetRxBufferSize
 .text.SPIS_1_ClearRxBuffer
                0x000004d8       0x1c .\CortexM3\ARM_GCC_541\Debug\SPI_Slave.a(SPIS_1.o)
                0x000004d8                SPIS_1_ClearRxBuffer
 .text.SPIS_1_ClearFIFO
                0x000004f4       0x3c .\CortexM3\ARM_GCC_541\Debug\SPI_Slave.a(SPIS_1.o)
                0x000004f4                SPIS_1_ClearFIFO
 .text.SPIS_1_Init
                0x00000530       0x2c .\CortexM3\ARM_GCC_541\Debug\SPI_Slave.a(SPIS_1.o)
                0x00000530                SPIS_1_Init
 .text.SPIS_1_Start
                0x0000055c       0x1c .\CortexM3\ARM_GCC_541\Debug\SPI_Slave.a(SPIS_1.o)
                0x0000055c                SPIS_1_Start
 .text.Pin_1_Write
                0x00000578       0x18 .\CortexM3\ARM_GCC_541\Debug\SPI_Slave.a(Pin_1.o)
                0x00000578                Pin_1_Write
 .text.Pin_1_Read
                0x00000590       0x10 .\CortexM3\ARM_GCC_541\Debug\SPI_Slave.a(Pin_1.o)
                0x00000590                Pin_1_Read
 .text.UART_1_Init
                0x000005a0       0x24 .\CortexM3\ARM_GCC_541\Debug\SPI_Slave.a(UART_1.o)
                0x000005a0                UART_1_Init
 .text.UART_1_Enable
                0x000005c4       0x38 .\CortexM3\ARM_GCC_541\Debug\SPI_Slave.a(UART_1.o)
                0x000005c4                UART_1_Enable
 .text.UART_1_Start
                0x000005fc       0x1c .\CortexM3\ARM_GCC_541\Debug\SPI_Slave.a(UART_1.o)
                0x000005fc                UART_1_Start
 .text.UART_1_ReadRxData
                0x00000618        0xc .\CortexM3\ARM_GCC_541\Debug\SPI_Slave.a(UART_1.o)
                0x00000618                UART_1_ReadRxData
 .text.UART_1_GetRxBufferSize
                0x00000624       0x18 .\CortexM3\ARM_GCC_541\Debug\SPI_Slave.a(UART_1.o)
                0x00000624                UART_1_GetRxBufferSize
 .text.UART_1_WriteTxData
                0x0000063c       0x14 .\CortexM3\ARM_GCC_541\Debug\SPI_Slave.a(UART_1.o)
                0x0000063c                UART_1_WriteTxData
 .text.isruart_SetVector
                0x00000650        0xc .\CortexM3\ARM_GCC_541\Debug\SPI_Slave.a(isruart.o)
                0x00000650                isruart_SetVector
 .text.isruart_SetPriority
                0x0000065c       0x10 .\CortexM3\ARM_GCC_541\Debug\SPI_Slave.a(isruart.o)
                0x0000065c                isruart_SetPriority
 .text.isruart_Enable
                0x0000066c        0xc .\CortexM3\ARM_GCC_541\Debug\SPI_Slave.a(isruart.o)
                0x0000066c                isruart_Enable
 .text.isruart_Disable
                0x00000678        0xc .\CortexM3\ARM_GCC_541\Debug\SPI_Slave.a(isruart.o)
                0x00000678                isruart_Disable
 .text.isruart_StartEx
                0x00000684       0x1c .\CortexM3\ARM_GCC_541\Debug\SPI_Slave.a(isruart.o)
                0x00000684                isruart_StartEx
 .text.Pin_2_Read
                0x000006a0       0x10 .\CortexM3\ARM_GCC_541\Debug\SPI_Slave.a(Pin_2.o)
                0x000006a0                Pin_2_Read
 .text.UART_1_IntClock_Start
                0x000006b0       0x1c .\CortexM3\ARM_GCC_541\Debug\SPI_Slave.a(UART_1_IntClock.o)
                0x000006b0                UART_1_IntClock_Start
 .text.isrspis_SetVector
                0x000006cc        0xc .\CortexM3\ARM_GCC_541\Debug\SPI_Slave.a(isrspis.o)
                0x000006cc                isrspis_SetVector
 .text.isrspis_SetPriority
                0x000006d8       0x10 .\CortexM3\ARM_GCC_541\Debug\SPI_Slave.a(isrspis.o)
                0x000006d8                isrspis_SetPriority
 .text.isrspis_Enable
                0x000006e8        0xc .\CortexM3\ARM_GCC_541\Debug\SPI_Slave.a(isrspis.o)
                0x000006e8                isrspis_Enable
 .text.isrspis_Disable
                0x000006f4        0xc .\CortexM3\ARM_GCC_541\Debug\SPI_Slave.a(isrspis.o)
                0x000006f4                isrspis_Disable
 .text.isrspis_StartEx
                0x00000700       0x1c .\CortexM3\ARM_GCC_541\Debug\SPI_Slave.a(isrspis.o)
                0x00000700                isrspis_StartEx
 *fill*         0x0000071c        0x4 
 .text          0x00000720       0x20 .\CortexM3\ARM_GCC_541\Debug\SPI_Slave.a(CyBootAsmGnu.o)
                0x00000720                CyDelayCycles
                0x00000730                CyEnterCriticalSection
                0x00000738                CyExitCriticalSection
 .text.__errno  0x00000740        0xc c:/program files (x86)/cypress/psoc creator/4.3/psoc creator/import/gnu/arm/5.4.1/bin/../lib/gcc/arm-none-eabi/5.4.1/../../../../arm-none-eabi/lib/armv7-m\libg_nano.a(lib_a-errno.o)
                0x00000740                __errno
 .text.__libc_init_array
                0x0000074c       0x4c c:/program files (x86)/cypress/psoc creator/4.3/psoc creator/import/gnu/arm/5.4.1/bin/../lib/gcc/arm-none-eabi/5.4.1/../../../../arm-none-eabi/lib/armv7-m\libg_nano.a(lib_a-init.o)
                0x0000074c                __libc_init_array
 .text.memcpy   0x00000798       0x16 c:/program files (x86)/cypress/psoc creator/4.3/psoc creator/import/gnu/arm/5.4.1/bin/../lib/gcc/arm-none-eabi/5.4.1/../../../../arm-none-eabi/lib/armv7-m\libg_nano.a(lib_a-memcpy-stub.o)
                0x00000798                memcpy
 .text.memset   0x000007ae       0x10 c:/program files (x86)/cypress/psoc creator/4.3/psoc creator/import/gnu/arm/5.4.1/bin/../lib/gcc/arm-none-eabi/5.4.1/../../../../arm-none-eabi/lib/armv7-m\libg_nano.a(lib_a-memset.o)
                0x000007ae                memset
 *(.plt)
 *(.gnu.warning)
 *(.glue_7t)
 .glue_7t       0x000007be        0x0 linker stubs
 *(.glue_7)
 .glue_7        0x000007be        0x0 linker stubs
 *(.vfp11_veneer)
 .vfp11_veneer  0x000007be        0x0 linker stubs
 *(.bootloader)
 *(.ARM.extab* .gnu.linkonce.armextab.*)
 *(.gcc_except_table)

.v4_bx          0x000007c0        0x0
 .v4_bx         0x000007c0        0x0 linker stubs

.iplt           0x000007c0        0x0
 .iplt          0x000007c0        0x0 c:/program files (x86)/cypress/psoc creator/4.3/psoc creator/import/gnu/arm/5.4.1/bin/../lib/gcc/arm-none-eabi/5.4.1/armv7-m/crtbegin.o

.eh_frame_hdr
 *(.eh_frame_hdr)

.eh_frame       0x000007c0        0x4
 *(.eh_frame)
 .eh_frame      0x000007c0        0x0 c:/program files (x86)/cypress/psoc creator/4.3/psoc creator/import/gnu/arm/5.4.1/bin/../lib/gcc/arm-none-eabi/5.4.1/armv7-m/crtbegin.o
 .eh_frame      0x000007c0        0x4 c:/program files (x86)/cypress/psoc creator/4.3/psoc creator/import/gnu/arm/5.4.1/bin/../lib/gcc/arm-none-eabi/5.4.1/armv7-m/crtend.o
                [!provide]                PROVIDE (__exidx_start, .)

.ARM.exidx
 *(.ARM.exidx* .gnu.linkonce.armexidx.*)
                0x000007c4                __exidx_end = .

.rodata         0x000007c4       0x6c
 *(.rodata .rodata.* .gnu.linkonce.r.*)
 .rodata        0x000007c4       0x30 .\CortexM3\ARM_GCC_541\Debug\cyfitter_cfg.o
 .rodata.str1.1
                0x000007f4        0x2 c:/program files (x86)/cypress/psoc creator/4.3/psoc creator/import/gnu/arm/5.4.1/bin/../lib/gcc/arm-none-eabi/5.4.1/../../../../arm-none-eabi/lib/armv7-m\libg_nano.a(lib_a-impure.o)
                0x000007f8                . = ALIGN (0x4)
 *fill*         0x000007f6        0x2 
 *(.init)
 .init          0x000007f8        0x4 c:/program files (x86)/cypress/psoc creator/4.3/psoc creator/import/gnu/arm/5.4.1/bin/../lib/gcc/arm-none-eabi/5.4.1/armv7-m/crti.o
                0x000007f8                _init
 .init          0x000007fc        0x8 c:/program files (x86)/cypress/psoc creator/4.3/psoc creator/import/gnu/arm/5.4.1/bin/../lib/gcc/arm-none-eabi/5.4.1/armv7-m/crtn.o
                0x00000804                . = ALIGN (0x4)
                0x00000804                __preinit_array_start = .
 *(.preinit_array)
                0x00000804                __preinit_array_end = .
                0x00000804                . = ALIGN (0x4)
                0x00000804                __init_array_start = .
 *(SORT(.init_array.*))
 *(.init_array)
 .init_array    0x00000804        0x4 c:/program files (x86)/cypress/psoc creator/4.3/psoc creator/import/gnu/arm/5.4.1/bin/../lib/gcc/arm-none-eabi/5.4.1/armv7-m/crtbegin.o
 .init_array    0x00000808        0x4 .\CortexM3\ARM_GCC_541\Debug\Cm3Start.o
                0x0000080c                __init_array_end = .
                0x0000080c                . = ALIGN (0x4)
 *(.fini)
 .fini          0x0000080c        0x4 c:/program files (x86)/cypress/psoc creator/4.3/psoc creator/import/gnu/arm/5.4.1/bin/../lib/gcc/arm-none-eabi/5.4.1/armv7-m/crti.o
                0x0000080c                _fini
 .fini          0x00000810        0x8 c:/program files (x86)/cypress/psoc creator/4.3/psoc creator/import/gnu/arm/5.4.1/bin/../lib/gcc/arm-none-eabi/5.4.1/armv7-m/crtn.o
                0x00000818                . = ALIGN (0x4)
                0x00000818                __fini_array_start = .
 *(.fini_array)
 .fini_array    0x00000818        0x4 c:/program files (x86)/cypress/psoc creator/4.3/psoc creator/import/gnu/arm/5.4.1/bin/../lib/gcc/arm-none-eabi/5.4.1/armv7-m/crtbegin.o
 *(SORT(.fini_array.*))
                0x0000081c                __fini_array_end = .
                0x0000081c                . = ALIGN (0x4)
 *crtbegin.o(.ctors)
 *(EXCLUDE_FILE(*crtend.o) .ctors)
 *(SORT(.ctors.*))
 *crtend.o(.ctors)
                0x0000081c                . = ALIGN (0x4)
 *crtbegin.o(.dtors)
 *(EXCLUDE_FILE(*crtend.o) .dtors)
 *(SORT(.dtors.*))
 *crtend.o(.dtors)
                0x0000081c                . = ALIGN (0x4)
                0x0000081c                __cy_regions = .
                0x0000081c        0x4 LONG 0x830 __cy_region_init_ram
                0x00000820        0x4 LONG 0x1fff80c8 __cy_region_start_data
                0x00000824        0x4 LONG 0x68 __cy_region_init_size_ram
                0x00000828        0x4 LONG 0x28 __cy_region_zero_size_ram
                0x0000082c                __cy_regions_end = .
                0x00000830                . = ALIGN (0x8)
 *fill*         0x0000082c        0x4 
                0x00000830                _etext = .

.cy_checksum_exclude
                0x00000830        0x0
 *(.cy_checksum_exclude)

.ramvectors     0x1fff8000       0xc0
                0x1fff8000                __cy_region_start_ram = .
 *(.ramvectors)
 .ramvectors    0x1fff8000       0xc0 .\CortexM3\ARM_GCC_541\Debug\Cm3Start.o
                0x1fff8000                CyRamVectors

.noinit         0x1fff80c0        0x1
 *(.noinit)
 .noinit        0x1fff80c0        0x1 .\CortexM3\ARM_GCC_541\Debug\SPI_Slave.a(CyLib.o)
                0x1fff80c0                CyResetStatus

.data           0x1fff80c8       0x68 load address 0x00000830
                0x1fff80c8                __cy_region_start_data = .
 *(.jcr)
 .jcr           0x1fff80c8        0x0 c:/program files (x86)/cypress/psoc creator/4.3/psoc creator/import/gnu/arm/5.4.1/bin/../lib/gcc/arm-none-eabi/5.4.1/armv7-m/crtbegin.o
 .jcr           0x1fff80c8        0x4 c:/program files (x86)/cypress/psoc creator/4.3/psoc creator/import/gnu/arm/5.4.1/bin/../lib/gcc/arm-none-eabi/5.4.1/armv7-m/crtend.o
 *(.got.plt)
 *(.got)
 *(.shdata)
 *(.data .data.* .gnu.linkonce.d.*)
 .data.impure_data
                0x1fff80cc       0x60 c:/program files (x86)/cypress/psoc creator/4.3/psoc creator/import/gnu/arm/5.4.1/bin/../lib/gcc/arm-none-eabi/5.4.1/../../../../arm-none-eabi/lib/armv7-m\libg_nano.a(lib_a-impure.o)
 .data._impure_ptr
                0x1fff812c        0x4 c:/program files (x86)/cypress/psoc creator/4.3/psoc creator/import/gnu/arm/5.4.1/bin/../lib/gcc/arm-none-eabi/5.4.1/../../../../arm-none-eabi/lib/armv7-m\libg_nano.a(lib_a-impure.o)
                0x1fff812c                _impure_ptr
                0x1fff8130                . = ALIGN (0x8)
 *(.ram)
                0x1fff8130                _edata = .

.igot.plt       0x1fff8130        0x0 load address 0x00000898
 .igot.plt      0x1fff8130        0x0 c:/program files (x86)/cypress/psoc creator/4.3/psoc creator/import/gnu/arm/5.4.1/bin/../lib/gcc/arm-none-eabi/5.4.1/armv7-m/crtbegin.o

.bss            0x1fff8130       0x28 load address 0x00000898
                0x1fff8130                PROVIDE (__bss_start__, .)
 *(.shbss)
 *(.bss .bss.* .gnu.linkonce.b.*)
 .bss           0x1fff8130       0x1c c:/program files (x86)/cypress/psoc creator/4.3/psoc creator/import/gnu/arm/5.4.1/bin/../lib/gcc/arm-none-eabi/5.4.1/armv7-m/crtbegin.o
 .bss           0x1fff814c        0x1 .\CortexM3\ARM_GCC_541\Debug\SPI_Slave.a(SPIS_1.o)
                0x1fff814c                SPIS_1_initVar
 .bss           0x1fff814d        0x2 .\CortexM3\ARM_GCC_541\Debug\SPI_Slave.a(UART_1.o)
                0x1fff814d                UART_1_initVar
 *(COMMON)
 *fill*         0x1fff814f        0x1 
 COMMON         0x1fff8150        0x8 .\CortexM3\ARM_GCC_541\Debug\SPI_Slave.o
                0x1fff8150                tx_buf
                0x1fff8154                status
                0x1fff8158                . = ALIGN (0x8)
 *(.ram.b)
                0x1fff8158                _end = .
                0x1fff8158                __end = .
                0x1fff8158                PROVIDE (end, .)
                0x1fff8158                PROVIDE (__bss_end__, .)
                0x00000830                __cy_region_init_ram = LOADADDR (.data)
                0x00000068                __cy_region_init_size_ram = (_edata - ADDR (.data))
                0x00000028                __cy_region_zero_size_ram = (_end - _edata)

.heap           0x1fff8158       0x80 load address 0x00000898
                0x1fff8158                . = _end
                0x1fff81d8                . = (. + 0x80)
 *fill*         0x1fff8158       0x80 
                0x1fff81d8                __cy_heap_limit = .

.stack          0x20007800      0x800
                0x20007800                __cy_stack_limit = .
                0x20008000                . = (. + 0x800)
 *fill*         0x20007800      0x800 
                0x00000001                ASSERT ((__cy_stack_limit >= __cy_heap_limit), region RAM overflowed with stack)
                0x00000000                cy_checksum_exclude_size = (CY_APPL_LOADABLE == 0x1)?SIZEOF (.cy_checksum_exclude):0x0
                0x00000001                ASSERT ((cy_checksum_exclude_size <= CY_CHECKSUM_EXCLUDE_SIZE), CY_BOOT: Section .cy_checksum_exclude size exceedes specified limit.)

.cyloadermeta
 *(.cyloadermeta)

.cyloadablemeta
 *(.cyloadablemeta)

.cyconfigecc    0x80000000      0x5a4
 *(.cyconfigecc)
 .cyconfigecc   0x80000000      0x5a4 .\CortexM3\ARM_GCC_541\Debug\cymetadata.o
                0x80000000                cy_meta_configecc

.cycustnvl      0x90000000        0x4
 *(.cycustnvl)
 .cycustnvl     0x90000000        0x4 .\CortexM3\ARM_GCC_541\Debug\cymetadata.o
                0x90000000                cy_meta_custnvl

.cywolatch      0x90100000        0x4
 *(.cywolatch)
 .cywolatch     0x90100000        0x4 .\CortexM3\ARM_GCC_541\Debug\cymetadata.o
                0x90100000                cy_meta_wonvl

.cyeeprom       0x90200000        0x0
 *(.cyeeprom)
                0x00000001                ASSERT ((. <= ((0x90200000 + ee_offset) + ee_size)), .cyeeprom data will not fit in EEPROM)

.cyflashprotect
                0x90400000      0x100
 *(.cyflashprotect)
 .cyflashprotect
                0x90400000      0x100 .\CortexM3\ARM_GCC_541\Debug\cymetadata.o
                0x90400000                cy_meta_flashprotect

.cymeta         0x90500000        0xc
 *(.cymeta)
 .cymeta        0x90500000        0xc .\CortexM3\ARM_GCC_541\Debug\cymetadata.o
                0x90500000                cy_metadata

.rel.dyn        0x00000898        0x0 load address 0x9050000c
 .rel.iplt      0x00000898        0x0 c:/program files (x86)/cypress/psoc creator/4.3/psoc creator/import/gnu/arm/5.4.1/bin/../lib/gcc/arm-none-eabi/5.4.1/armv7-m/crtbegin.o

.stab
 *(.stab)

.stabstr
 *(.stabstr)

.debug
 *(.debug)

.line
 *(.line)

.debug_srcinfo
 *(.debug_srcinfo)

.debug_sfnames
 *(.debug_sfnames)

.debug_aranges  0x00000000      0x938
 *(.debug_aranges)
 .debug_aranges
                0x00000000       0x30 .\CortexM3\ARM_GCC_541\Debug\main.o
 .debug_aranges
                0x00000030       0x28 .\CortexM3\ARM_GCC_541\Debug\SPI_Slave.o
 .debug_aranges
                0x00000058       0x18 .\CortexM3\ARM_GCC_541\Debug\UART_handler.o
 .debug_aranges
                0x00000070       0x58 .\CortexM3\ARM_GCC_541\Debug\cyfitter_cfg.o
 .debug_aranges
                0x000000c8       0x18 .\CortexM3\ARM_GCC_541\Debug\cymetadata.o
 .debug_aranges
                0x000000e0       0x48 .\CortexM3\ARM_GCC_541\Debug\Cm3Start.o
 .debug_aranges
                0x00000128       0xe0 .\CortexM3\ARM_GCC_541\Debug\SPI_Slave.a(SPIS_1.o)
 .debug_aranges
                0x00000208       0x38 .\CortexM3\ARM_GCC_541\Debug\SPI_Slave.a(Pin_1.o)
 .debug_aranges
                0x00000240      0x2a0 .\CortexM3\ARM_GCC_541\Debug\SPI_Slave.a(CyLib.o)
 .debug_aranges
                0x000004e0       0x98 .\CortexM3\ARM_GCC_541\Debug\SPI_Slave.a(cyPm.o)
 .debug_aranges
                0x00000578       0xf0 .\CortexM3\ARM_GCC_541\Debug\SPI_Slave.a(UART_1.o)
 .debug_aranges
                0x00000668       0x80 .\CortexM3\ARM_GCC_541\Debug\SPI_Slave.a(isruart.o)
 .debug_aranges
                0x000006e8       0x38 .\CortexM3\ARM_GCC_541\Debug\SPI_Slave.a(Pin_2.o)
 .debug_aranges
                0x00000720       0x70 .\CortexM3\ARM_GCC_541\Debug\SPI_Slave.a(UART_1_IntClock.o)
 .debug_aranges
                0x00000790       0x80 .\CortexM3\ARM_GCC_541\Debug\SPI_Slave.a(isrspis.o)
 .debug_aranges
                0x00000810       0x20 .\CortexM3\ARM_GCC_541\Debug\SPI_Slave.a(CyBootAsmGnu.o)
 .debug_aranges
                0x00000830       0x88 .\CortexM3\ARM_GCC_541\Debug\SPI_Slave.a(CyFlash.o)
 .debug_aranges
                0x000008b8       0x80 .\CortexM3\ARM_GCC_541\Debug\SPI_Slave.a(CySpc.o)

.debug_pubnames
 *(.debug_pubnames)

.debug_info     0x00000000     0x4da8
 *(.debug_info .gnu.linkonce.wi.*)
 .debug_info    0x00000000      0x262 .\CortexM3\ARM_GCC_541\Debug\main.o
 .debug_info    0x00000262      0x1eb .\CortexM3\ARM_GCC_541\Debug\SPI_Slave.o
 .debug_info    0x0000044d       0xae .\CortexM3\ARM_GCC_541\Debug\UART_handler.o
 .debug_info    0x000004fb      0x4c9 .\CortexM3\ARM_GCC_541\Debug\cyfitter_cfg.o
 .debug_info    0x000009c4      0x136 .\CortexM3\ARM_GCC_541\Debug\cymetadata.o
 .debug_info    0x00000afa      0x3bb .\CortexM3\ARM_GCC_541\Debug\Cm3Start.o
 .debug_info    0x00000eb5      0x4b9 .\CortexM3\ARM_GCC_541\Debug\SPI_Slave.a(SPIS_1.o)
 .debug_info    0x0000136e      0x11f .\CortexM3\ARM_GCC_541\Debug\SPI_Slave.a(Pin_1.o)
 .debug_info    0x0000148d     0x1374 .\CortexM3\ARM_GCC_541\Debug\SPI_Slave.a(CyLib.o)
 .debug_info    0x00002801      0xa2a .\CortexM3\ARM_GCC_541\Debug\SPI_Slave.a(cyPm.o)
 .debug_info    0x0000322b      0x60c .\CortexM3\ARM_GCC_541\Debug\SPI_Slave.a(UART_1.o)
 .debug_info    0x00003837      0x2d2 .\CortexM3\ARM_GCC_541\Debug\SPI_Slave.a(isruart.o)
 .debug_info    0x00003b09      0x11f .\CortexM3\ARM_GCC_541\Debug\SPI_Slave.a(Pin_2.o)
 .debug_info    0x00003c28      0x283 .\CortexM3\ARM_GCC_541\Debug\SPI_Slave.a(UART_1_IntClock.o)
 .debug_info    0x00003eab      0x2d2 .\CortexM3\ARM_GCC_541\Debug\SPI_Slave.a(isrspis.o)
 .debug_info    0x0000417d       0x8e .\CortexM3\ARM_GCC_541\Debug\SPI_Slave.a(CyBootAsmGnu.o)
 .debug_info    0x0000420b      0x64d .\CortexM3\ARM_GCC_541\Debug\SPI_Slave.a(CyFlash.o)
 .debug_info    0x00004858      0x550 .\CortexM3\ARM_GCC_541\Debug\SPI_Slave.a(CySpc.o)

.debug_abbrev   0x00000000     0x159d
 *(.debug_abbrev)
 .debug_abbrev  0x00000000       0xd7 .\CortexM3\ARM_GCC_541\Debug\main.o
 .debug_abbrev  0x000000d7       0xd6 .\CortexM3\ARM_GCC_541\Debug\SPI_Slave.o
 .debug_abbrev  0x000001ad       0x4b .\CortexM3\ARM_GCC_541\Debug\UART_handler.o
 .debug_abbrev  0x000001f8      0x1fe .\CortexM3\ARM_GCC_541\Debug\cyfitter_cfg.o
 .debug_abbrev  0x000003f6       0x77 .\CortexM3\ARM_GCC_541\Debug\cymetadata.o
 .debug_abbrev  0x0000046d      0x1e8 .\CortexM3\ARM_GCC_541\Debug\Cm3Start.o
 .debug_abbrev  0x00000655      0x146 .\CortexM3\ARM_GCC_541\Debug\SPI_Slave.a(SPIS_1.o)
 .debug_abbrev  0x0000079b       0x90 .\CortexM3\ARM_GCC_541\Debug\SPI_Slave.a(Pin_1.o)
 .debug_abbrev  0x0000082b      0x254 .\CortexM3\ARM_GCC_541\Debug\SPI_Slave.a(CyLib.o)
 .debug_abbrev  0x00000a7f      0x1ab .\CortexM3\ARM_GCC_541\Debug\SPI_Slave.a(cyPm.o)
 .debug_abbrev  0x00000c2a      0x175 .\CortexM3\ARM_GCC_541\Debug\SPI_Slave.a(UART_1.o)
 .debug_abbrev  0x00000d9f      0x173 .\CortexM3\ARM_GCC_541\Debug\SPI_Slave.a(isruart.o)
 .debug_abbrev  0x00000f12       0x90 .\CortexM3\ARM_GCC_541\Debug\SPI_Slave.a(Pin_2.o)
 .debug_abbrev  0x00000fa2      0x139 .\CortexM3\ARM_GCC_541\Debug\SPI_Slave.a(UART_1_IntClock.o)
 .debug_abbrev  0x000010db      0x173 .\CortexM3\ARM_GCC_541\Debug\SPI_Slave.a(isrspis.o)
 .debug_abbrev  0x0000124e       0x14 .\CortexM3\ARM_GCC_541\Debug\SPI_Slave.a(CyBootAsmGnu.o)
 .debug_abbrev  0x00001262      0x1a7 .\CortexM3\ARM_GCC_541\Debug\SPI_Slave.a(CyFlash.o)
 .debug_abbrev  0x00001409      0x194 .\CortexM3\ARM_GCC_541\Debug\SPI_Slave.a(CySpc.o)

.debug_line     0x00000000     0x2476
 *(.debug_line)
 .debug_line    0x00000000      0x1d1 .\CortexM3\ARM_GCC_541\Debug\main.o
 .debug_line    0x000001d1      0x1ac .\CortexM3\ARM_GCC_541\Debug\SPI_Slave.o
 .debug_line    0x0000037d      0x13f .\CortexM3\ARM_GCC_541\Debug\UART_handler.o
 .debug_line    0x000004bc      0x1d9 .\CortexM3\ARM_GCC_541\Debug\cyfitter_cfg.o
 .debug_line    0x00000695      0x141 .\CortexM3\ARM_GCC_541\Debug\cymetadata.o
 .debug_line    0x000007d6      0x234 .\CortexM3\ARM_GCC_541\Debug\Cm3Start.o
 .debug_line    0x00000a0a      0x245 .\CortexM3\ARM_GCC_541\Debug\SPI_Slave.a(SPIS_1.o)
 .debug_line    0x00000c4f       0x92 .\CortexM3\ARM_GCC_541\Debug\SPI_Slave.a(Pin_1.o)
 .debug_line    0x00000ce1      0x816 .\CortexM3\ARM_GCC_541\Debug\SPI_Slave.a(CyLib.o)
 .debug_line    0x000014f7      0x367 .\CortexM3\ARM_GCC_541\Debug\SPI_Slave.a(cyPm.o)
 .debug_line    0x0000185e      0x2c0 .\CortexM3\ARM_GCC_541\Debug\SPI_Slave.a(UART_1.o)
 .debug_line    0x00001b1e      0x134 .\CortexM3\ARM_GCC_541\Debug\SPI_Slave.a(isruart.o)
 .debug_line    0x00001c52       0x92 .\CortexM3\ARM_GCC_541\Debug\SPI_Slave.a(Pin_2.o)
 .debug_line    0x00001ce4      0x17e .\CortexM3\ARM_GCC_541\Debug\SPI_Slave.a(UART_1_IntClock.o)
 .debug_line    0x00001e62      0x134 .\CortexM3\ARM_GCC_541\Debug\SPI_Slave.a(isrspis.o)
 .debug_line    0x00001f96       0x66 .\CortexM3\ARM_GCC_541\Debug\SPI_Slave.a(CyBootAsmGnu.o)
 .debug_line    0x00001ffc      0x21a .\CortexM3\ARM_GCC_541\Debug\SPI_Slave.a(CyFlash.o)
 .debug_line    0x00002216      0x260 .\CortexM3\ARM_GCC_541\Debug\SPI_Slave.a(CySpc.o)

.debug_frame    0x00000000     0x1718
 *(.debug_frame)
 .debug_frame   0x00000000       0x64 .\CortexM3\ARM_GCC_541\Debug\main.o
 .debug_frame   0x00000064       0x48 .\CortexM3\ARM_GCC_541\Debug\SPI_Slave.o
 .debug_frame   0x000000ac       0xe4 .\CortexM3\ARM_GCC_541\Debug\cyfitter_cfg.o
 .debug_frame   0x00000190       0xb8 .\CortexM3\ARM_GCC_541\Debug\Cm3Start.o
 .debug_frame   0x00000248      0x1f8 .\CortexM3\ARM_GCC_541\Debug\SPI_Slave.a(SPIS_1.o)
 .debug_frame   0x00000440       0x50 .\CortexM3\ARM_GCC_541\Debug\SPI_Slave.a(Pin_1.o)
 .debug_frame   0x00000490      0x738 .\CortexM3\ARM_GCC_541\Debug\SPI_Slave.a(CyLib.o)
 .debug_frame   0x00000bc8      0x1f8 .\CortexM3\ARM_GCC_541\Debug\SPI_Slave.a(cyPm.o)
 .debug_frame   0x00000dc0      0x250 .\CortexM3\ARM_GCC_541\Debug\SPI_Slave.a(UART_1.o)
 .debug_frame   0x00001010      0x104 .\CortexM3\ARM_GCC_541\Debug\SPI_Slave.a(isruart.o)
 .debug_frame   0x00001114       0x50 .\CortexM3\ARM_GCC_541\Debug\SPI_Slave.a(Pin_2.o)
 .debug_frame   0x00001164       0xe0 .\CortexM3\ARM_GCC_541\Debug\SPI_Slave.a(UART_1_IntClock.o)
 .debug_frame   0x00001244      0x104 .\CortexM3\ARM_GCC_541\Debug\SPI_Slave.a(isrspis.o)
 .debug_frame   0x00001348      0x194 .\CortexM3\ARM_GCC_541\Debug\SPI_Slave.a(CyFlash.o)
 .debug_frame   0x000014dc      0x180 .\CortexM3\ARM_GCC_541\Debug\SPI_Slave.a(CySpc.o)
 .debug_frame   0x0000165c       0x20 c:/program files (x86)/cypress/psoc creator/4.3/psoc creator/import/gnu/arm/5.4.1/bin/../lib/gcc/arm-none-eabi/5.4.1/../../../../arm-none-eabi/lib/armv7-m\libg_nano.a(lib_a-errno.o)
 .debug_frame   0x0000167c       0x28 c:/program files (x86)/cypress/psoc creator/4.3/psoc creator/import/gnu/arm/5.4.1/bin/../lib/gcc/arm-none-eabi/5.4.1/../../../../arm-none-eabi/lib/armv7-m\libg_nano.a(lib_a-exit.o)
 .debug_frame   0x000016a4       0x2c c:/program files (x86)/cypress/psoc creator/4.3/psoc creator/import/gnu/arm/5.4.1/bin/../lib/gcc/arm-none-eabi/5.4.1/../../../../arm-none-eabi/lib/armv7-m\libg_nano.a(lib_a-init.o)
 .debug_frame   0x000016d0       0x28 c:/program files (x86)/cypress/psoc creator/4.3/psoc creator/import/gnu/arm/5.4.1/bin/../lib/gcc/arm-none-eabi/5.4.1/../../../../arm-none-eabi/lib/armv7-m\libg_nano.a(lib_a-memcpy-stub.o)
 .debug_frame   0x000016f8       0x20 c:/program files (x86)/cypress/psoc creator/4.3/psoc creator/import/gnu/arm/5.4.1/bin/../lib/gcc/arm-none-eabi/5.4.1/../../../../arm-none-eabi/lib/armv7-m\libg_nano.a(lib_a-memset.o)

.debug_str      0x00000000     0x1d29
 *(.debug_str)
 .debug_str     0x00000000      0x295 .\CortexM3\ARM_GCC_541\Debug\main.o
                                0x2e5 (size before relaxing)
 .debug_str     0x00000295       0x54 .\CortexM3\ARM_GCC_541\Debug\SPI_Slave.o
                                0x263 (size before relaxing)
 .debug_str     0x000002e9       0x4f .\CortexM3\ARM_GCC_541\Debug\UART_handler.o
                                0x1a7 (size before relaxing)
 .debug_str     0x00000338      0x187 .\CortexM3\ARM_GCC_541\Debug\cyfitter_cfg.o
                                0x30d (size before relaxing)
 .debug_str     0x000004bf       0x75 .\CortexM3\ARM_GCC_541\Debug\cymetadata.o
                                0x1e2 (size before relaxing)
 .debug_str     0x00000534      0x144 .\CortexM3\ARM_GCC_541\Debug\Cm3Start.o
                                0x308 (size before relaxing)
 .debug_str     0x00000678      0x256 .\CortexM3\ARM_GCC_541\Debug\SPI_Slave.a(SPIS_1.o)
                                0x43d (size before relaxing)
 .debug_str     0x000008ce       0x54 .\CortexM3\ARM_GCC_541\Debug\SPI_Slave.a(Pin_1.o)
                                0x1e0 (size before relaxing)
 .debug_str     0x00000922      0x818 .\CortexM3\ARM_GCC_541\Debug\SPI_Slave.a(CyLib.o)
                                0xa45 (size before relaxing)
 .debug_str     0x0000113a      0x365 .\CortexM3\ARM_GCC_541\Debug\SPI_Slave.a(cyPm.o)
                                0x731 (size before relaxing)
 .debug_str     0x0000149f      0x25f .\CortexM3\ARM_GCC_541\Debug\SPI_Slave.a(UART_1.o)
                                0x4b1 (size before relaxing)
 .debug_str     0x000016fe       0xf2 .\CortexM3\ARM_GCC_541\Debug\SPI_Slave.a(isruart.o)
                                0x2c0 (size before relaxing)
 .debug_str     0x000017f0       0x50 .\CortexM3\ARM_GCC_541\Debug\SPI_Slave.a(Pin_2.o)
                                0x1e0 (size before relaxing)
 .debug_str     0x00001840      0x197 .\CortexM3\ARM_GCC_541\Debug\SPI_Slave.a(UART_1_IntClock.o)
                                0x34c (size before relaxing)
 .debug_str     0x000019d7       0xf2 .\CortexM3\ARM_GCC_541\Debug\SPI_Slave.a(isrspis.o)
                                0x2c0 (size before relaxing)
 .debug_str     0x00001ac9      0x1b4 .\CortexM3\ARM_GCC_541\Debug\SPI_Slave.a(CyFlash.o)
                                0x3be (size before relaxing)
 .debug_str     0x00001c7d       0xac .\CortexM3\ARM_GCC_541\Debug\SPI_Slave.a(CySpc.o)
                                0x336 (size before relaxing)

.debug_loc      0x00000000     0x201f
 *(.debug_loc)
 .debug_loc     0x00000000       0x62 .\CortexM3\ARM_GCC_541\Debug\main.o
 .debug_loc     0x00000062       0x53 .\CortexM3\ARM_GCC_541\Debug\SPI_Slave.o
 .debug_loc     0x000000b5      0x1d7 .\CortexM3\ARM_GCC_541\Debug\cyfitter_cfg.o
 .debug_loc     0x0000028c      0x144 .\CortexM3\ARM_GCC_541\Debug\Cm3Start.o
 .debug_loc     0x000003d0       0xf3 .\CortexM3\ARM_GCC_541\Debug\SPI_Slave.a(SPIS_1.o)
 .debug_loc     0x000004c3       0x42 .\CortexM3\ARM_GCC_541\Debug\SPI_Slave.a(Pin_1.o)
 .debug_loc     0x00000505      0xa11 .\CortexM3\ARM_GCC_541\Debug\SPI_Slave.a(CyLib.o)
 .debug_loc     0x00000f16      0x1e4 .\CortexM3\ARM_GCC_541\Debug\SPI_Slave.a(cyPm.o)
 .debug_loc     0x000010fa      0x258 .\CortexM3\ARM_GCC_541\Debug\SPI_Slave.a(UART_1.o)
 .debug_loc     0x00001352       0x56 .\CortexM3\ARM_GCC_541\Debug\SPI_Slave.a(isruart.o)
 .debug_loc     0x000013a8       0x42 .\CortexM3\ARM_GCC_541\Debug\SPI_Slave.a(Pin_2.o)
 .debug_loc     0x000013ea      0x128 .\CortexM3\ARM_GCC_541\Debug\SPI_Slave.a(UART_1_IntClock.o)
 .debug_loc     0x00001512       0x56 .\CortexM3\ARM_GCC_541\Debug\SPI_Slave.a(isrspis.o)
 .debug_loc     0x00001568      0x3b2 .\CortexM3\ARM_GCC_541\Debug\SPI_Slave.a(CyFlash.o)
 .debug_loc     0x0000191a      0x705 .\CortexM3\ARM_GCC_541\Debug\SPI_Slave.a(CySpc.o)

.debug_macinfo
 *(.debug_macinfo)

.debug_ranges   0x00000000      0x7f8
 *(.debug_ranges)
 .debug_ranges  0x00000000       0x20 .\CortexM3\ARM_GCC_541\Debug\main.o
 .debug_ranges  0x00000020       0x18 .\CortexM3\ARM_GCC_541\Debug\SPI_Slave.o
 .debug_ranges  0x00000038       0x48 .\CortexM3\ARM_GCC_541\Debug\cyfitter_cfg.o
 .debug_ranges  0x00000080       0x38 .\CortexM3\ARM_GCC_541\Debug\Cm3Start.o
 .debug_ranges  0x000000b8       0xd0 .\CortexM3\ARM_GCC_541\Debug\SPI_Slave.a(SPIS_1.o)
 .debug_ranges  0x00000188       0x28 .\CortexM3\ARM_GCC_541\Debug\SPI_Slave.a(Pin_1.o)
 .debug_ranges  0x000001b0      0x290 .\CortexM3\ARM_GCC_541\Debug\SPI_Slave.a(CyLib.o)
 .debug_ranges  0x00000440       0x88 .\CortexM3\ARM_GCC_541\Debug\SPI_Slave.a(cyPm.o)
 .debug_ranges  0x000004c8       0xe0 .\CortexM3\ARM_GCC_541\Debug\SPI_Slave.a(UART_1.o)
 .debug_ranges  0x000005a8       0x70 .\CortexM3\ARM_GCC_541\Debug\SPI_Slave.a(isruart.o)
 .debug_ranges  0x00000618       0x28 .\CortexM3\ARM_GCC_541\Debug\SPI_Slave.a(Pin_2.o)
 .debug_ranges  0x00000640       0x60 .\CortexM3\ARM_GCC_541\Debug\SPI_Slave.a(UART_1_IntClock.o)
 .debug_ranges  0x000006a0       0x70 .\CortexM3\ARM_GCC_541\Debug\SPI_Slave.a(isrspis.o)
 .debug_ranges  0x00000710       0x78 .\CortexM3\ARM_GCC_541\Debug\SPI_Slave.a(CyFlash.o)
 .debug_ranges  0x00000788       0x70 .\CortexM3\ARM_GCC_541\Debug\SPI_Slave.a(CySpc.o)

.comment        0x00000000       0x6e
 .comment       0x00000000       0x6e .\CortexM3\ARM_GCC_541\Debug\main.o
                                 0x6f (size before relaxing)
 .comment       0x0000006e       0x6f .\CortexM3\ARM_GCC_541\Debug\SPI_Slave.o
 .comment       0x0000006e       0x6f .\CortexM3\ARM_GCC_541\Debug\UART_handler.o
 .comment       0x0000006e       0x6f .\CortexM3\ARM_GCC_541\Debug\cyfitter_cfg.o
 .comment       0x0000006e       0x6f .\CortexM3\ARM_GCC_541\Debug\cymetadata.o
 .comment       0x0000006e       0x6f .\CortexM3\ARM_GCC_541\Debug\Cm3Start.o
 .comment       0x0000006e       0x6f .\CortexM3\ARM_GCC_541\Debug\SPI_Slave.a(SPIS_1.o)
 .comment       0x0000006e       0x6f .\CortexM3\ARM_GCC_541\Debug\SPI_Slave.a(Pin_1.o)
 .comment       0x0000006e       0x6f .\CortexM3\ARM_GCC_541\Debug\SPI_Slave.a(CyLib.o)
 .comment       0x0000006e       0x6f .\CortexM3\ARM_GCC_541\Debug\SPI_Slave.a(cyPm.o)
 .comment       0x0000006e       0x6f .\CortexM3\ARM_GCC_541\Debug\SPI_Slave.a(UART_1.o)
 .comment       0x0000006e       0x6f .\CortexM3\ARM_GCC_541\Debug\SPI_Slave.a(isruart.o)
 .comment       0x0000006e       0x6f .\CortexM3\ARM_GCC_541\Debug\SPI_Slave.a(Pin_2.o)
 .comment       0x0000006e       0x6f .\CortexM3\ARM_GCC_541\Debug\SPI_Slave.a(UART_1_IntClock.o)
 .comment       0x0000006e       0x6f .\CortexM3\ARM_GCC_541\Debug\SPI_Slave.a(isrspis.o)
 .comment       0x0000006e       0x6f .\CortexM3\ARM_GCC_541\Debug\SPI_Slave.a(CyFlash.o)
 .comment       0x0000006e       0x6f .\CortexM3\ARM_GCC_541\Debug\SPI_Slave.a(CySpc.o)

.debug_weaknames
 *(.debug_weaknames)

.debug_funcnames
 *(.debug_funcnames)

.debug_typenames
 *(.debug_typenames)

.debug_varnames
 *(.debug_varnames)

.note.gnu.arm.ident
 *(.note.gnu.arm.ident)

.ARM.attributes
                0x00000000       0x29
 *(.ARM.attributes)
 .ARM.attributes
                0x00000000       0x1d c:/program files (x86)/cypress/psoc creator/4.3/psoc creator/import/gnu/arm/5.4.1/bin/../lib/gcc/arm-none-eabi/5.4.1/armv7-m/crti.o
 .ARM.attributes
                0x0000001d       0x2d c:/program files (x86)/cypress/psoc creator/4.3/psoc creator/import/gnu/arm/5.4.1/bin/../lib/gcc/arm-none-eabi/5.4.1/armv7-m/crtbegin.o
 .ARM.attributes
                0x0000004a       0x1b c:/program files (x86)/cypress/psoc creator/4.3/psoc creator/import/gnu/arm/5.4.1/bin/../lib/gcc/arm-none-eabi/5.4.1/../../../../arm-none-eabi/lib/armv7-m/crt0.o
 .ARM.attributes
                0x00000065       0x33 .\CortexM3\ARM_GCC_541\Debug\main.o
 .ARM.attributes
                0x00000098       0x33 .\CortexM3\ARM_GCC_541\Debug\SPI_Slave.o
 .ARM.attributes
                0x000000cb       0x33 .\CortexM3\ARM_GCC_541\Debug\UART_handler.o
 .ARM.attributes
                0x000000fe       0x33 .\CortexM3\ARM_GCC_541\Debug\cyfitter_cfg.o
 .ARM.attributes
                0x00000131       0x33 .\CortexM3\ARM_GCC_541\Debug\cymetadata.o
 .ARM.attributes
                0x00000164       0x33 .\CortexM3\ARM_GCC_541\Debug\Cm3Start.o
 .ARM.attributes
                0x00000197       0x33 .\CortexM3\ARM_GCC_541\Debug\SPI_Slave.a(SPIS_1.o)
 .ARM.attributes
                0x000001ca       0x33 .\CortexM3\ARM_GCC_541\Debug\SPI_Slave.a(Pin_1.o)
 .ARM.attributes
                0x000001fd       0x33 .\CortexM3\ARM_GCC_541\Debug\SPI_Slave.a(CyLib.o)
 .ARM.attributes
                0x00000230       0x33 .\CortexM3\ARM_GCC_541\Debug\SPI_Slave.a(cyPm.o)
 .ARM.attributes
                0x00000263       0x33 .\CortexM3\ARM_GCC_541\Debug\SPI_Slave.a(UART_1.o)
 .ARM.attributes
                0x00000296       0x33 .\CortexM3\ARM_GCC_541\Debug\SPI_Slave.a(isruart.o)
 .ARM.attributes
                0x000002c9       0x33 .\CortexM3\ARM_GCC_541\Debug\SPI_Slave.a(Pin_2.o)
 .ARM.attributes
                0x000002fc       0x33 .\CortexM3\ARM_GCC_541\Debug\SPI_Slave.a(UART_1_IntClock.o)
 .ARM.attributes
                0x0000032f       0x33 .\CortexM3\ARM_GCC_541\Debug\SPI_Slave.a(isrspis.o)
 .ARM.attributes
                0x00000362       0x21 .\CortexM3\ARM_GCC_541\Debug\SPI_Slave.a(CyBootAsmGnu.o)
 .ARM.attributes
                0x00000383       0x33 .\CortexM3\ARM_GCC_541\Debug\SPI_Slave.a(CyFlash.o)
 .ARM.attributes
                0x000003b6       0x33 .\CortexM3\ARM_GCC_541\Debug\SPI_Slave.a(CySpc.o)
 .ARM.attributes
                0x000003e9       0x2d c:/program files (x86)/cypress/psoc creator/4.3/psoc creator/import/gnu/arm/5.4.1/bin/../lib/gcc/arm-none-eabi/5.4.1/../../../../arm-none-eabi/lib/armv7-m\libg_nano.a(lib_a-errno.o)
 .ARM.attributes
                0x00000416       0x2d c:/program files (x86)/cypress/psoc creator/4.3/psoc creator/import/gnu/arm/5.4.1/bin/../lib/gcc/arm-none-eabi/5.4.1/../../../../arm-none-eabi/lib/armv7-m\libg_nano.a(lib_a-exit.o)
 .ARM.attributes
                0x00000443       0x2d c:/program files (x86)/cypress/psoc creator/4.3/psoc creator/import/gnu/arm/5.4.1/bin/../lib/gcc/arm-none-eabi/5.4.1/../../../../arm-none-eabi/lib/armv7-m\libg_nano.a(lib_a-impure.o)
 .ARM.attributes
                0x00000470       0x2d c:/program files (x86)/cypress/psoc creator/4.3/psoc creator/import/gnu/arm/5.4.1/bin/../lib/gcc/arm-none-eabi/5.4.1/../../../../arm-none-eabi/lib/armv7-m\libg_nano.a(lib_a-init.o)
 .ARM.attributes
                0x0000049d       0x2d c:/program files (x86)/cypress/psoc creator/4.3/psoc creator/import/gnu/arm/5.4.1/bin/../lib/gcc/arm-none-eabi/5.4.1/../../../../arm-none-eabi/lib/armv7-m\libg_nano.a(lib_a-memcpy-stub.o)
 .ARM.attributes
                0x000004ca       0x2d c:/program files (x86)/cypress/psoc creator/4.3/psoc creator/import/gnu/arm/5.4.1/bin/../lib/gcc/arm-none-eabi/5.4.1/../../../../arm-none-eabi/lib/armv7-m\libg_nano.a(lib_a-memset.o)
 .ARM.attributes
                0x000004f7       0x2d c:/program files (x86)/cypress/psoc creator/4.3/psoc creator/import/gnu/arm/5.4.1/bin/../lib/gcc/arm-none-eabi/5.4.1/armv7-m/crtend.o
 .ARM.attributes
                0x00000524       0x1d c:/program files (x86)/cypress/psoc creator/4.3/psoc creator/import/gnu/arm/5.4.1/bin/../lib/gcc/arm-none-eabi/5.4.1/armv7-m/crtn.o

/DISCARD/
 *(.note.GNU-stack)
OUTPUT(C:\Users\Lucas\Desktop\GFV\GFV-Gruppe14\Labexercise2_Communicationbuses\Lab_SPI_Slave\SPI_Slave.cydsn\CortexM3\ARM_GCC_541\Debug\SPI_Slave.elf elf32-littlearm)
