Archive member included to satisfy reference by file (symbol)

.\CortexM3\ARM_GCC_541\Debug\Temperature-Control.a(UART_1.o)
                              .\CortexM3\ARM_GCC_541\Debug\main.o (UART_1_Start)
.\CortexM3\ARM_GCC_541\Debug\Temperature-Control.a(PWM_1.o)
                              .\CortexM3\ARM_GCC_541\Debug\main.o (PWM_1_WriteCompare)
.\CortexM3\ARM_GCC_541\Debug\Temperature-Control.a(I2C_1.o)
                              .\CortexM3\ARM_GCC_541\Debug\main.o (I2C_1_Start)
.\CortexM3\ARM_GCC_541\Debug\Temperature-Control.a(I2C_1_INT.o)
                              .\CortexM3\ARM_GCC_541\Debug\Temperature-Control.a(I2C_1.o) (I2C_1_ISR)
.\CortexM3\ARM_GCC_541\Debug\Temperature-Control.a(I2C_1_PM.o)
                              .\CortexM3\ARM_GCC_541\Debug\Temperature-Control.a(I2C_1.o) (I2C_1_backup)
.\CortexM3\ARM_GCC_541\Debug\Temperature-Control.a(I2C_1_MASTER.o)
                              .\CortexM3\ARM_GCC_541\Debug\Temperature-Control.a(I2C_1.o) (I2C_1_mstrStatus)
.\CortexM3\ARM_GCC_541\Debug\Temperature-Control.a(UART_1_IntClock.o)
                              .\CortexM3\ARM_GCC_541\Debug\Temperature-Control.a(UART_1.o) (UART_1_IntClock_Start)
.\CortexM3\ARM_GCC_541\Debug\Temperature-Control.a(CyLib.o)
                              .\CortexM3\ARM_GCC_541\Debug\Cm3Start.o (CyHalt)
.\CortexM3\ARM_GCC_541\Debug\Temperature-Control.a(cyPm.o)
                              .\CortexM3\ARM_GCC_541\Debug\Temperature-Control.a(CyLib.o) (CyPmReadStatus)
.\CortexM3\ARM_GCC_541\Debug\Temperature-Control.a(isr_uart_rx.o)
                              .\CortexM3\ARM_GCC_541\Debug\main.o (isr_uart_rx_StartEx)
.\CortexM3\ARM_GCC_541\Debug\Temperature-Control.a(CyBootAsmGnu.o)
                              .\CortexM3\ARM_GCC_541\Debug\cyfitter_cfg.o (CyDelayCycles)
.\CortexM3\ARM_GCC_541\Debug\Temperature-Control.a(CyFlash.o)
                              .\CortexM3\ARM_GCC_541\Debug\Temperature-Control.a(cyPm.o) (CyFlash_SetWaitCycles)
.\CortexM3\ARM_GCC_541\Debug\Temperature-Control.a(CySpc.o)
                              .\CortexM3\ARM_GCC_541\Debug\Temperature-Control.a(CyFlash.o) (CySpcStart)
c:/program files (x86)/cypress/psoc creator/4.3/psoc creator/import/gnu/arm/5.4.1/bin/../lib/gcc/arm-none-eabi/5.4.1/armv7-m\libgcc.a(_arm_addsubdf3.o)
                              .\CortexM3\ARM_GCC_541\Debug\main.o (__aeabi_f2d)
c:/program files (x86)/cypress/psoc creator/4.3/psoc creator/import/gnu/arm/5.4.1/bin/../lib/gcc/arm-none-eabi/5.4.1/armv7-m\libgcc.a(_arm_addsubsf3.o)
                              .\CortexM3\ARM_GCC_541\Debug\main.o (__aeabi_fsub)
c:/program files (x86)/cypress/psoc creator/4.3/psoc creator/import/gnu/arm/5.4.1/bin/../lib/gcc/arm-none-eabi/5.4.1/armv7-m\libgcc.a(_arm_muldivsf3.o)
                              .\CortexM3\ARM_GCC_541\Debug\PIDControl.o (__aeabi_fmul)
c:/program files (x86)/cypress/psoc creator/4.3/psoc creator/import/gnu/arm/5.4.1/bin/../lib/gcc/arm-none-eabi/5.4.1/armv7-m\libgcc.a(_arm_cmpsf2.o)
                              .\CortexM3\ARM_GCC_541\Debug\PIDControl.o (__aeabi_fcmplt)
c:/program files (x86)/cypress/psoc creator/4.3/psoc creator/import/gnu/arm/5.4.1/bin/../lib/gcc/arm-none-eabi/5.4.1/armv7-m\libgcc.a(_arm_fixsfsi.o)
                              .\CortexM3\ARM_GCC_541\Debug\I2C_handler.o (__aeabi_f2iz)
c:/program files (x86)/cypress/psoc creator/4.3/psoc creator/import/gnu/arm/5.4.1/bin/../lib/gcc/arm-none-eabi/5.4.1/armv7-m\libgcc.a(_arm_fixunssfsi.o)
                              .\CortexM3\ARM_GCC_541\Debug\main.o (__aeabi_f2uiz)
c:/program files (x86)/cypress/psoc creator/4.3/psoc creator/import/gnu/arm/5.4.1/bin/../lib/gcc/arm-none-eabi/5.4.1/../../../../arm-none-eabi/lib/armv7-m\libg_nano.a(lib_a-errno.o)
                              .\CortexM3\ARM_GCC_541\Debug\Cm3Start.o (__errno)
c:/program files (x86)/cypress/psoc creator/4.3/psoc creator/import/gnu/arm/5.4.1/bin/../lib/gcc/arm-none-eabi/5.4.1/../../../../arm-none-eabi/lib/armv7-m\libg_nano.a(lib_a-exit.o)
                              c:/program files (x86)/cypress/psoc creator/4.3/psoc creator/import/gnu/arm/5.4.1/bin/../lib/gcc/arm-none-eabi/5.4.1/../../../../arm-none-eabi/lib/armv7-m/crt0.o (exit)
c:/program files (x86)/cypress/psoc creator/4.3/psoc creator/import/gnu/arm/5.4.1/bin/../lib/gcc/arm-none-eabi/5.4.1/../../../../arm-none-eabi/lib/armv7-m\libg_nano.a(lib_a-impure.o)
                              c:/program files (x86)/cypress/psoc creator/4.3/psoc creator/import/gnu/arm/5.4.1/bin/../lib/gcc/arm-none-eabi/5.4.1/../../../../arm-none-eabi/lib/armv7-m\libg_nano.a(lib_a-exit.o) (_global_impure_ptr)
c:/program files (x86)/cypress/psoc creator/4.3/psoc creator/import/gnu/arm/5.4.1/bin/../lib/gcc/arm-none-eabi/5.4.1/../../../../arm-none-eabi/lib/armv7-m\libg_nano.a(lib_a-init.o)
[...]
Memory Configuration

Name             Origin             Length             Attributes
rom              0x00000000         0x00040000         xr
ram              0x1fff8000         0x00010000         xrw
*default*        0x00000000         0xffffffff

Linker script and memory map

LOAD c:/program files (x86)/cypress/psoc creator/4.3/psoc creator/import/gnu/arm/5.4.1/bin/../lib/gcc/arm-none-eabi/5.4.1/armv7-m/crti.o
LOAD c:/program files (x86)/cypress/psoc creator/4.3/psoc creator/import/gnu/arm/5.4.1/bin/../lib/gcc/arm-none-eabi/5.4.1/armv7-m/crtbegin.o
LOAD c:/program files (x86)/cypress/psoc creator/4.3/psoc creator/import/gnu/arm/5.4.1/bin/../lib/gcc/arm-none-eabi/5.4.1/../../../../arm-none-eabi/lib/armv7-m/crt0.o
START GROUP
LOAD .\CortexM3\ARM_GCC_541\Debug\main.o
LOAD .\CortexM3\ARM_GCC_541\Debug\PIDControl.o
LOAD .\CortexM3\ARM_GCC_541\Debug\I2C_handler.o
LOAD .\CortexM3\ARM_GCC_541\Debug\cyfitter_cfg.o
LOAD .\CortexM3\ARM_GCC_541\Debug\cymetadata.o
LOAD .\CortexM3\ARM_GCC_541\Debug\Cm3Start.o
LOAD .\CortexM3\ARM_GCC_541\Debug\Temperature-Control.a
LOAD C:\Program Files (x86)\Cypress\PSoC Creator\4.3\PSoC Creator\psoc\content\cycomponentlibrary\CyComponentLibrary.cylib\CortexM3\ARM_GCC_541\Debug\CyComponentLibrary.a
END GROUP
START GROUP
LOAD c:/program files (x86)/cypress/psoc creator/4.3/psoc creator/import/gnu/arm/5.4.1/bin/../lib/gcc/arm-none-eabi/5.4.1/armv7-m\libgcc.a
LOAD c:/program files (x86)/cypress/psoc creator/4.3/psoc creator/import/gnu/arm/5.4.1/bin/../lib/gcc/arm-none-eabi/5.4.1/../../../../arm-none-eabi/lib/armv7-m\libg_nano.a
LOAD c:/program files (x86)/cypress/psoc creator/4.3/psoc creator/import/gnu/arm/5.4.1/bin/../lib/gcc/arm-none-eabi/5.4.1/../../../../arm-none-eabi/lib/armv7-m\libc_nano.a
END GROUP
START GROUP
LOAD c:/program files (x86)/cypress/psoc creator/4.3/psoc creator/import/gnu/arm/5.4.1/bin/../lib/gcc/arm-none-eabi/5.4.1/armv7-m\libgcc.a
LOAD c:/program files (x86)/cypress/psoc creator/4.3/psoc creator/import/gnu/arm/5.4.1/bin/../lib/gcc/arm-none-eabi/5.4.1/../../../../arm-none-eabi/lib/armv7-m\libc_nano.a
END GROUP
LOAD c:/program files (x86)/cypress/psoc creator/4.3/psoc creator/import/gnu/arm/5.4.1/bin/../lib/gcc/arm-none-eabi/5.4.1/armv7-m/crtend.o
LOAD c:/program files (x86)/cypress/psoc creator/4.3/psoc creator/import/gnu/arm/5.4.1/bin/../lib/gcc/arm-none-eabi/5.4.1/armv7-m/crtn.o
START GROUP
LOAD c:/program files (x86)/cypress/psoc creator/4.3/psoc creator/import/gnu/arm/5.4.1/bin/../lib/gcc/arm-none-eabi/5.4.1/armv7-m\libgcc.a
LOAD c:/program files (x86)/cypress/psoc creator/4.3/psoc creator/import/gnu/arm/5.4.1/bin/../lib/gcc/arm-none-eabi/5.4.1/../../../../arm-none-eabi/lib/armv7-m\libc.a
LOAD c:/program files (x86)/cypress/psoc creator/4.3/psoc creator/import/gnu/arm/5.4.1/bin/../lib/gcc/arm-none-eabi/5.4.1/../../../../arm-none-eabi/lib/armv7-m\libnosys.a
END GROUP
                0x00000000                CY_APPL_ORIGIN = 0x0
                0x00000100                CY_FLASH_ROW_SIZE = 0x100
                0x00000020                CY_ECC_ROW_SIZE = 0x20
                0x00000000                CY_EE_IN_BTLDR = 0x0
                0x00000000                CY_APPL_LOADABLE = 0x0
                0x00000800                CY_EE_SIZE = 0x800
                0x00000001                CY_APPL_NUM = 0x1
                0x00000001                CY_APPL_MAX = 0x1
                0x00000040                CY_METADATA_SIZE = 0x40
                0x00000000                CY_APPL_LOADABLE = 0x0
                0x00000000                CY_CHECKSUM_EXCLUDE_SIZE = ALIGN (0x0, CY_FLASH_ROW_SIZE)
                [!provide]                PROVIDE (__cy_heap_start, _end)
                0x00000001                PROVIDE (__cy_region_num, ((__cy_regions_end - __cy_regions) / 0x10))
                0x20008000                PROVIDE (__cy_stack, (ORIGIN (ram) + LENGTH (ram)))
                [!provide]                PROVIDE (__cy_heap_end, (__cy_stack - 0x800))

.cybootloader   0x00000000        0x0
 *(.cybootloader)
                0x00000000                appl1_start = CY_APPL_ORIGIN?CY_APPL_ORIGIN:ALIGN (CY_FLASH_ROW_SIZE)
                0x0001ff00                appl2_start = (appl1_start + ALIGN ((((LENGTH (rom) - appl1_start) - (0x2 * CY_FLASH_ROW_SIZE)) / 0x2), CY_FLASH_ROW_SIZE))
                0x00000000                appl_start = (CY_APPL_NUM == 0x1)?appl1_start:appl2_start
                0x00000000                ecc_offset = ((appl_start / CY_FLASH_ROW_SIZE) * CY_ECC_ROW_SIZE)
                0x00000000                ee_offset = (CY_APPL_LOADABLE && ! (CY_EE_IN_BTLDR))?((CY_EE_SIZE / CY_APPL_MAX) * (CY_APPL_NUM - 0x1)):0x0
                0x00000800                ee_size = (CY_APPL_LOADABLE && ! (CY_EE_IN_BTLDR))?(CY_EE_SIZE / CY_APPL_MAX):CY_EE_SIZE
                [!provide]                PROVIDE (CY_ECC_OFFSET, ecc_offset)

.text           0x00000000     0x3e70
 CREATE_OBJECT_SYMBOLS
                0x00000000                PROVIDE (__cy_interrupt_vector, RomVectors)
 *(.romvectors)
 .romvectors    0x00000000       0x10 .\CortexM3\ARM_GCC_541\Debug\Cm3Start.o
                0x00000000                RomVectors
                0x00000001                ASSERT ((. != __cy_interrupt_vector), No interrupt vector)
                0x00000001                ASSERT (CY_APPL_ORIGIN?(SIZEOF (.cybootloader) <= CY_APPL_ORIGIN):0x1, Wrong image location)
                0x00000010                PROVIDE (__cy_reset, Reset)
 *(.text.Reset)
 .text.Reset    0x00000010       0x18 .\CortexM3\ARM_GCC_541\Debug\Cm3Start.o
                0x00000010                Reset
                0x00000001                ASSERT ((. != __cy_reset), No reset code)
 *(.dma_init)
                0x00000001                ASSERT ((((appl_start + .) <= 0x10000) || 0x1), DMA Init must be within the first 64k of flash)
 *(.text .text.* .gnu.linkonce.t.*)
 .text          0x00000028       0x5c c:/program files (x86)/cypress/psoc creator/4.3/psoc creator/import/gnu/arm/5.4.1/bin/../lib/gcc/arm-none-eabi/5.4.1/armv7-m/crtbegin.o
 *fill*         0x00000084        0x4 
 .text.main     0x00000088      0x128 .\CortexM3\ARM_GCC_541\Debug\main.o
                0x00000088                main
 .text.handleByteReceived
                0x000001b0       0x44 .\CortexM3\ARM_GCC_541\Debug\main.o
                0x000001b0                handleByteReceived
 .text.ISR_UART_rx_handler
                0x000001f4       0x1c .\CortexM3\ARM_GCC_541\Debug\main.o
                0x000001f4                ISR_UART_rx_handler
 .text.PIDControl_init
                0x00000210       0x1c .\CortexM3\ARM_GCC_541\Debug\PIDControl.o
                0x00000210                PIDControl_init
 .text.PIDControl_changeSetPoint
                0x0000022c        0xc .\CortexM3\ARM_GCC_541\Debug\PIDControl.o
                0x0000022c                PIDControl_changeSetPoint
 .text.PIDControl_doStep
                0x00000238       0xa4 .\CortexM3\ARM_GCC_541\Debug\PIDControl.o
                0x00000238                PIDControl_doStep
 .text.readTemp
                0x000002dc       0xdc .\CortexM3\ARM_GCC_541\Debug\I2C_handler.o
                0x000002dc                readTemp
 .text.CyClockStartupError
                0x000003b8        0x4 .\CortexM3\ARM_GCC_541\Debug\cyfitter_cfg.o
 .text.cfg_write_bytes32
                0x000003bc       0x34 .\CortexM3\ARM_GCC_541\Debug\cyfitter_cfg.o
 .text.AnalogSetDefault
                0x000003f0       0x28 .\CortexM3\ARM_GCC_541\Debug\cyfitter_cfg.o
 .text.CYMEMZERO
                0x00000418        0xc .\CortexM3\ARM_GCC_541\Debug\cyfitter_cfg.o
 .text.ClockSetup
                0x00000424       0xc8 .\CortexM3\ARM_GCC_541\Debug\cyfitter_cfg.o
 .text.CYCONFIGCPY
                0x000004ec        0x8 .\CortexM3\ARM_GCC_541\Debug\cyfitter_cfg.o
 .text.cyfitter_cfg
                0x000004f4      0x110 .\CortexM3\ARM_GCC_541\Debug\cyfitter_cfg.o
                0x000004f4                cyfitter_cfg
 .text.IntDefaultHandler
                0x00000604       0x10 .\CortexM3\ARM_GCC_541\Debug\Cm3Start.o
                0x00000604                IntDefaultHandler
 .text._sbrk    0x00000614       0x30 .\CortexM3\ARM_GCC_541\Debug\Cm3Start.o
                0x00000614                _sbrk
 .text.Start_c  0x00000644       0x4c .\CortexM3\ARM_GCC_541\Debug\Cm3Start.o
                0x00000644                Start_c
 .text.initialize_psoc
                0x00000690       0x68 .\CortexM3\ARM_GCC_541\Debug\Cm3Start.o
                0x00000690                initialize_psoc
 .text.UART_1_Init
                0x000006f8       0x28 .\CortexM3\ARM_GCC_541\Debug\Temperature-Control.a(UART_1.o)
                0x000006f8                UART_1_Init
 .text.UART_1_Enable
                0x00000720       0x38 .\CortexM3\ARM_GCC_541\Debug\Temperature-Control.a(UART_1.o)
                0x00000720                UART_1_Enable
 .text.UART_1_Start
                0x00000758       0x1c .\CortexM3\ARM_GCC_541\Debug\Temperature-Control.a(UART_1.o)
                0x00000758                UART_1_Start
 .text.UART_1_ReadRxData
                0x00000774        0xc .\CortexM3\ARM_GCC_541\Debug\Temperature-Control.a(UART_1.o)
                0x00000774                UART_1_ReadRxData
 .text.UART_1_GetRxBufferSize
                0x00000780       0x18 .\CortexM3\ARM_GCC_541\Debug\Temperature-Control.a(UART_1.o)
                0x00000780                UART_1_GetRxBufferSize
 .text.UART_1_PutChar
                0x00000798       0x18 .\CortexM3\ARM_GCC_541\Debug\Temperature-Control.a(UART_1.o)
                0x00000798                UART_1_PutChar
 .text.UART_1_PutString
                0x000007b0       0x24 .\CortexM3\ARM_GCC_541\Debug\Temperature-Control.a(UART_1.o)
                0x000007b0                UART_1_PutString
 .text.PWM_1_Enable
                0x000007d4       0x10 .\CortexM3\ARM_GCC_541\Debug\Temperature-Control.a(PWM_1.o)
                0x000007d4                PWM_1_Enable
 .text.PWM_1_WriteCounter
                0x000007e4        0xc .\CortexM3\ARM_GCC_541\Debug\Temperature-Control.a(PWM_1.o)
                0x000007e4                PWM_1_WriteCounter
 .text.PWM_1_WritePeriod
                0x000007f0        0xc .\CortexM3\ARM_GCC_541\Debug\Temperature-Control.a(PWM_1.o)
                0x000007f0                PWM_1_WritePeriod
 .text.PWM_1_WriteCompare
                0x000007fc        0xc .\CortexM3\ARM_GCC_541\Debug\Temperature-Control.a(PWM_1.o)
                0x000007fc                PWM_1_WriteCompare
 .text.PWM_1_SetInterruptMode
                0x00000808        0xc .\CortexM3\ARM_GCC_541\Debug\Temperature-Control.a(PWM_1.o)
                0x00000808                PWM_1_SetInterruptMode
 .text.PWM_1_ReadStatusRegister
                0x00000814        0xc .\CortexM3\ARM_GCC_541\Debug\Temperature-Control.a(PWM_1.o)
                0x00000814                PWM_1_ReadStatusRegister
 .text.PWM_1_ReadCapture
                0x00000820        0xc .\CortexM3\ARM_GCC_541\Debug\Temperature-Control.a(PWM_1.o)
                0x00000820                PWM_1_ReadCapture
 .text.PWM_1_ClearFIFO
                0x0000082c       0x14 .\CortexM3\ARM_GCC_541\Debug\Temperature-Control.a(PWM_1.o)
                0x0000082c                PWM_1_ClearFIFO
 .text.PWM_1_Init
                0x00000840       0x54 .\CortexM3\ARM_GCC_541\Debug\Temperature-Control.a(PWM_1.o)
                0x00000840                PWM_1_Init
 .text.PWM_1_Start
                0x00000894       0x1c .\CortexM3\ARM_GCC_541\Debug\Temperature-Control.a(PWM_1.o)
                0x00000894                PWM_1_Start
 .text.I2C_1_Init
                0x000008b0       0x68 .\CortexM3\ARM_GCC_541\Debug\Temperature-Control.a(I2C_1.o)
                0x000008b0                I2C_1_Init
 .text.I2C_1_Enable
                0x00000918       0x24 .\CortexM3\ARM_GCC_541\Debug\Temperature-Control.a(I2C_1.o)
                0x00000918                I2C_1_Enable
 .text.I2C_1_Start
                0x0000093c       0x28 .\CortexM3\ARM_GCC_541\Debug\Temperature-Control.a(I2C_1.o)
                0x0000093c                I2C_1_Start
 .text.I2C_1_ISR
                0x00000964      0x2d0 .\CortexM3\ARM_GCC_541\Debug\Temperature-Control.a(I2C_1_INT.o)
                0x00000964                I2C_1_ISR
 .text.I2C_1_MasterSendStart
                0x00000c34       0x80 .\CortexM3\ARM_GCC_541\Debug\Temperature-Control.a(I2C_1_MASTER.o)
                0x00000c34                I2C_1_MasterSendStart
 .text.I2C_1_MasterSendStop
                0x00000cb4       0x38 .\CortexM3\ARM_GCC_541\Debug\Temperature-Control.a(I2C_1_MASTER.o)
                0x00000cb4                I2C_1_MasterSendStop
 .text.I2C_1_MasterReadByte
                0x00000cec       0x58 .\CortexM3\ARM_GCC_541\Debug\Temperature-Control.a(I2C_1_MASTER.o)
                0x00000cec                I2C_1_MasterReadByte
 .text.UART_1_IntClock_Start
                0x00000d44       0x1c .\CortexM3\ARM_GCC_541\Debug\Temperature-Control.a(UART_1_IntClock.o)
                0x00000d44                UART_1_IntClock_Start
 .text.CyHalt   0x00000d60        0x4 .\CortexM3\ARM_GCC_541\Debug\Temperature-Control.a(CyLib.o)
                0x00000d60                CyHalt
 .text.CyDelay  0x00000d64       0x2c .\CortexM3\ARM_GCC_541\Debug\Temperature-Control.a(CyLib.o)
                0x00000d64                CyDelay
 .text.CyIntSetVector
                0x00000d90       0x28 .\CortexM3\ARM_GCC_541\Debug\Temperature-Control.a(CyLib.o)
                0x00000d90                CyIntSetVector
 .text.CyIntSetPriority
                0x00000db8       0x30 .\CortexM3\ARM_GCC_541\Debug\Temperature-Control.a(CyLib.o)
                0x00000db8                CyIntSetPriority
 .text.isr_uart_rx_SetVector
                0x00000de8        0xc .\CortexM3\ARM_GCC_541\Debug\Temperature-Control.a(isr_uart_rx.o)
                0x00000de8                isr_uart_rx_SetVector
 .text.isr_uart_rx_SetPriority
                0x00000df4       0x10 .\CortexM3\ARM_GCC_541\Debug\Temperature-Control.a(isr_uart_rx.o)
                0x00000df4                isr_uart_rx_SetPriority
 .text.isr_uart_rx_Enable
                0x00000e04        0xc .\CortexM3\ARM_GCC_541\Debug\Temperature-Control.a(isr_uart_rx.o)
                0x00000e04                isr_uart_rx_Enable
 .text.isr_uart_rx_Disable
                0x00000e10        0xc .\CortexM3\ARM_GCC_541\Debug\Temperature-Control.a(isr_uart_rx.o)
                0x00000e10                isr_uart_rx_Disable
 .text.isr_uart_rx_StartEx
                0x00000e1c       0x1c .\CortexM3\ARM_GCC_541\Debug\Temperature-Control.a(isr_uart_rx.o)
                0x00000e1c                isr_uart_rx_StartEx
 .text          0x00000e38       0x20 .\CortexM3\ARM_GCC_541\Debug\Temperature-Control.a(CyBootAsmGnu.o)
                0x00000e38                CyDelayCycles
                0x00000e48                CyEnterCriticalSection
                0x00000e50                CyExitCriticalSection
 .text          0x00000e58      0x370 c:/program files (x86)/cypress/psoc creator/4.3/psoc creator/import/gnu/arm/5.4.1/bin/../lib/gcc/arm-none-eabi/5.4.1/armv7-m\libgcc.a(_arm_addsubdf3.o)
                0x00000e58                __aeabi_drsub
                0x00000e60                __aeabi_dsub
                0x00000e60                __subdf3
                0x00000e64                __aeabi_dadd
                0x00000e64                __adddf3
                0x000010dc                __floatunsidf
                0x000010dc                __aeabi_ui2d
                0x000010fc                __floatsidf
                0x000010fc                __aeabi_i2d
                0x00001120                __aeabi_f2d
                0x00001120                __extendsfdf2
                0x0000115c                __floatundidf
                0x0000115c                __aeabi_ul2d
                0x0000116c                __floatdidf
                0x0000116c                __aeabi_l2d
 .text          0x000011c8      0x21c c:/program files (x86)/cypress/psoc creator/4.3/psoc creator/import/gnu/arm/5.4.1/bin/../lib/gcc/arm-none-eabi/5.4.1/armv7-m\libgcc.a(_arm_addsubsf3.o)
                0x000011c8                __aeabi_frsub
                0x000011d0                __subsf3
                0x000011d0                __aeabi_fsub
                0x000011d4                __aeabi_fadd
                0x000011d4                __addsf3
                0x00001334                __aeabi_ui2f
                0x00001334                __floatunsisf
                0x0000133c                __aeabi_i2f
                0x0000133c                __floatsisf
                0x00001358                __aeabi_ul2f
                0x00001358                __floatundisf
                0x00001368                __aeabi_l2f
                0x00001368                __floatdisf
 .text          0x000013e4      0x2a0 c:/program files (x86)/cypress/psoc creator/4.3/psoc creator/import/gnu/arm/5.4.1/bin/../lib/gcc/arm-none-eabi/5.4.1/armv7-m\libgcc.a(_arm_muldivsf3.o)
                0x000013e4                __mulsf3
                0x000013e4                __aeabi_fmul
                0x0000154c                __aeabi_fdiv
                0x0000154c                __divsf3
 .text          0x00001684       0xec c:/program files (x86)/cypress/psoc creator/4.3/psoc creator/import/gnu/arm/5.4.1/bin/../lib/gcc/arm-none-eabi/5.4.1/armv7-m\libgcc.a(_arm_cmpsf2.o)
                0x00001684                __gesf2
                0x00001684                __gtsf2
                0x0000168c                __lesf2
                0x0000168c                __ltsf2
                0x00001694                __nesf2
                0x00001694                __eqsf2
                0x00001694                __cmpsf2
                0x000016f4                __aeabi_cfrcmple
                0x000016fc                __aeabi_cfcmpeq
                0x000016fc                __aeabi_cfcmple
                0x0000170c                __aeabi_fcmpeq
                0x00001720                __aeabi_fcmplt
                0x00001734                __aeabi_fcmple
                0x00001748                __aeabi_fcmpge
                0x0000175c                __aeabi_fcmpgt
 .text          0x00001770       0x4c c:/program files (x86)/cypress/psoc creator/4.3/psoc creator/import/gnu/arm/5.4.1/bin/../lib/gcc/arm-none-eabi/5.4.1/armv7-m\libgcc.a(_arm_fixsfsi.o)
                0x00001770                __aeabi_f2iz
                0x00001770                __fixsfsi
 .text          0x000017bc       0x40 c:/program files (x86)/cypress/psoc creator/4.3/psoc creator/import/gnu/arm/5.4.1/bin/../lib/gcc/arm-none-eabi/5.4.1/armv7-m\libgcc.a(_arm_fixunssfsi.o)
                0x000017bc                __fixunssfsi
                0x000017bc                __aeabi_f2uiz
 .text.__errno  0x000017fc        0xc c:/program files (x86)/cypress/psoc creator/4.3/psoc creator/import/gnu/arm/5.4.1/bin/../lib/gcc/arm-none-eabi/5.4.1/../../../../arm-none-eabi/lib/armv7-m\libg_nano.a(lib_a-errno.o)
                0x000017fc                __errno
 .text.__libc_init_array
                0x00001808       0x4c c:/program files (x86)/cypress/psoc creator/4.3/psoc creator/import/gnu/arm/5.4.1/bin/../lib/gcc/arm-none-eabi/5.4.1/../../../../arm-none-eabi/lib/armv7-m\libg_nano.a(lib_a-init.o)
                0x00001808                __libc_init_array
 .text.memcpy   0x00001854       0x16 c:/program files (x86)/cypress/psoc creator/4.3/psoc creator/import/gnu/arm/5.4.1/bin/../lib/gcc/arm-none-eabi/5.4.1/../../../../arm-none-eabi/lib/armv7-m\libg_nano.a(lib_a-memcpy-stub.o)
                0x00001854                memcpy
 .text.memset   0x0000186a       0x10 c:/program files (x86)/cypress/psoc creator/4.3/psoc creator/import/gnu/arm/5.4.1/bin/../lib/gcc/arm-none-eabi/5.4.1/../../../../arm-none-eabi/lib/armv7-m\libg_nano.a(lib_a-memset.o)
                0x0000186a                memset
 .text.__cvt    0x0000187a       0xc0 c:/program files (x86)/cypress/psoc creator/4.3/psoc creator/import/gnu/arm/5.4.1/bin/../lib/gcc/arm-none-eabi/5.4.1/../../../../arm-none-eabi/lib/armv7-m\libg_nano.a(lib_a-nano-vfprintf_float.o)
                0x0000187a                __cvt
 .text.__exponent
                0x0000193a       0x62 c:/program files (x86)/cypress/psoc creator/4.3/psoc creator/import/gnu/arm/5.4.1/bin/../lib/gcc/arm-none-eabi/5.4.1/../../../../arm-none-eabi/lib/armv7-m\libg_nano.a(lib_a-nano-vfprintf_float.o)
                0x0000193a                __exponent
 .text._printf_float
                0x0000199c      0x488 c:/program files (x86)/cypress/psoc creator/4.3/psoc creator/import/gnu/arm/5.4.1/bin/../lib/gcc/arm-none-eabi/5.4.1/../../../../arm-none-eabi/lib/armv7-m\libg_nano.a(lib_a-nano-vfprintf_float.o)
                0x0000199c                _printf_float
 .text._printf_common
                0x00001e24       0xec c:/program files (x86)/cypress/psoc creator/4.3/psoc creator/import/gnu/arm/5.4.1/bin/../lib/gcc/arm-none-eabi/5.4.1/../../../../arm-none-eabi/lib/armv7-m\libg_nano.a(lib_a-nano-vfprintf_i.o)
                0x00001e24                _printf_common
 .text._printf_i
                0x00001f10      0x24c c:/program files (x86)/cypress/psoc creator/4.3/psoc creator/import/gnu/arm/5.4.1/bin/../lib/gcc/arm-none-eabi/5.4.1/../../../../arm-none-eabi/lib/armv7-m\libg_nano.a(lib_a-nano-vfprintf_i.o)
                0x00001f10                _printf_i
 .text.snprintf
                0x0000215c       0x64 c:/program files (x86)/cypress/psoc creator/4.3/psoc creator/import/gnu/arm/5.4.1/bin/../lib/gcc/arm-none-eabi/5.4.1/../../../../arm-none-eabi/lib/armv7-m\libg_nano.a(lib_a-snprintf.o)
                0x0000215c                sniprintf
                0x0000215c                snprintf
 .text          0x000021c0       0x10 c:/program files (x86)/cypress/psoc creator/4.3/psoc creator/import/gnu/arm/5.4.1/bin/../lib/gcc/arm-none-eabi/5.4.1/../../../../arm-none-eabi/lib/armv7-m\libg_nano.a(lib_a-strlen.o)
                0x000021c0                strlen
 .text.quorem   0x000021d0      0x116 c:/program files (x86)/cypress/psoc creator/4.3/psoc creator/import/gnu/arm/5.4.1/bin/../lib/gcc/arm-none-eabi/5.4.1/../../../../arm-none-eabi/lib/armv7-m\libg_nano.a(lib_a-dtoa.o)
 *fill*         0x000022e6        0x2 
 .text._dtoa_r  0x000022e8      0xb30 c:/program files (x86)/cypress/psoc creator/4.3/psoc creator/import/gnu/arm/5.4.1/bin/../lib/gcc/arm-none-eabi/5.4.1/../../../../arm-none-eabi/lib/armv7-m\libg_nano.a(lib_a-dtoa.o)
                0x000022e8                _dtoa_r
 .text._localeconv_r
                0x00002e18        0x8 c:/program files (x86)/cypress/psoc creator/4.3/psoc creator/import/gnu/arm/5.4.1/bin/../lib/gcc/arm-none-eabi/5.4.1/../../../../arm-none-eabi/lib/armv7-m\libg_nano.a(lib_a-locale.o)
                0x00002e18                _localeconv_r
 .text.malloc   0x00002e20       0x10 c:/program files (x86)/cypress/psoc creator/4.3/psoc creator/import/gnu/arm/5.4.1/bin/../lib/gcc/arm-none-eabi/5.4.1/../../../../arm-none-eabi/lib/armv7-m\libg_nano.a(lib_a-malloc.o)
                0x00002e20                malloc
 .text.memchr   0x00002e30       0x1c c:/program files (x86)/cypress/psoc creator/4.3/psoc creator/import/gnu/arm/5.4.1/bin/../lib/gcc/arm-none-eabi/5.4.1/../../../../arm-none-eabi/lib/armv7-m\libg_nano.a(lib_a-memchr-stub.o)
                0x00002e30                memchr
 .text._Balloc  0x00002e4c       0x6a c:/program files (x86)/cypress/psoc creator/4.3/psoc creator/import/gnu/arm/5.4.1/bin/../lib/gcc/arm-none-eabi/5.4.1/../../../../arm-none-eabi/lib/armv7-m\libg_nano.a(lib_a-mprec.o)
                0x00002e4c                _Balloc
 .text._Bfree   0x00002eb6       0x2e c:/program files (x86)/cypress/psoc creator/4.3/psoc creator/import/gnu/arm/5.4.1/bin/../lib/gcc/arm-none-eabi/5.4.1/../../../../arm-none-eabi/lib/armv7-m\libg_nano.a(lib_a-mprec.o)
                0x00002eb6                _Bfree
 .text.__multadd
                0x00002ee4       0x76 c:/program files (x86)/cypress/psoc creator/4.3/psoc creator/import/gnu/arm/5.4.1/bin/../lib/gcc/arm-none-eabi/5.4.1/../../../../arm-none-eabi/lib/armv7-m\libg_nano.a(lib_a-mprec.o)
                0x00002ee4                __multadd
 .text.__hi0bits
                0x00002f5a       0x40 c:/program files (x86)/cypress/psoc creator/4.3/psoc creator/import/gnu/arm/5.4.1/bin/../lib/gcc/arm-none-eabi/5.4.1/../../../../arm-none-eabi/lib/armv7-m\libg_nano.a(lib_a-mprec.o)
                0x00002f5a                __hi0bits
 .text.__lo0bits
                0x00002f9a       0x5a c:/program files (x86)/cypress/psoc creator/4.3/psoc creator/import/gnu/arm/5.4.1/bin/../lib/gcc/arm-none-eabi/5.4.1/../../../../arm-none-eabi/lib/armv7-m\libg_nano.a(lib_a-mprec.o)
                0x00002f9a                __lo0bits
 .text.__i2b    0x00002ff4       0x12 c:/program files (x86)/cypress/psoc creator/4.3/psoc creator/import/gnu/arm/5.4.1/bin/../lib/gcc/arm-none-eabi/5.4.1/../../../../arm-none-eabi/lib/armv7-m\libg_nano.a(lib_a-mprec.o)
                0x00002ff4                __i2b
 .text.__multiply
                0x00003006      0x120 c:/program files (x86)/cypress/psoc creator/4.3/psoc creator/import/gnu/arm/5.4.1/bin/../lib/gcc/arm-none-eabi/5.4.1/../../../../arm-none-eabi/lib/armv7-m\libg_nano.a(lib_a-mprec.o)
                0x00003006                __multiply
 *fill*         0x00003126        0x2 
 .text.__pow5mult
                0x00003128       0x9c c:/program files (x86)/cypress/psoc creator/4.3/psoc creator/import/gnu/arm/5.4.1/bin/../lib/gcc/arm-none-eabi/5.4.1/../../../../arm-none-eabi/lib/armv7-m\libg_nano.a(lib_a-mprec.o)
                0x00003128                __pow5mult
 .text.__lshift
                0x000031c4       0xa2 c:/program files (x86)/cypress/psoc creator/4.3/psoc creator/import/gnu/arm/5.4.1/bin/../lib/gcc/arm-none-eabi/5.4.1/../../../../arm-none-eabi/lib/armv7-m\libg_nano.a(lib_a-mprec.o)
                0x000031c4                __lshift
 .text.__mcmp   0x00003266       0x38 c:/program files (x86)/cypress/psoc creator/4.3/psoc creator/import/gnu/arm/5.4.1/bin/../lib/gcc/arm-none-eabi/5.4.1/../../../../arm-none-eabi/lib/armv7-m\libg_nano.a(lib_a-mprec.o)
                0x00003266                __mcmp
 .text.__mdiff  0x0000329e       0xbe c:/program files (x86)/cypress/psoc creator/4.3/psoc creator/import/gnu/arm/5.4.1/bin/../lib/gcc/arm-none-eabi/5.4.1/../../../../arm-none-eabi/lib/armv7-m\libg_nano.a(lib_a-mprec.o)
                0x0000329e                __mdiff
 .text.__d2b    0x0000335c       0x9c c:/program files (x86)/cypress/psoc creator/4.3/psoc creator/import/gnu/arm/5.4.1/bin/../lib/gcc/arm-none-eabi/5.4.1/../../../../arm-none-eabi/lib/armv7-m\libg_nano.a(lib_a-mprec.o)
                0x0000335c                __d2b
 .text._calloc_r
                0x000033f8       0x1c c:/program files (x86)/cypress/psoc creator/4.3/psoc creator/import/gnu/arm/5.4.1/bin/../lib/gcc/arm-none-eabi/5.4.1/../../../../arm-none-eabi/lib/armv7-m\libg_nano.a(lib_a-nano-callocr.o)
                0x000033f8                _calloc_r
 .text._free_r  0x00003414       0x98 c:/program files (x86)/cypress/psoc creator/4.3/psoc creator/import/gnu/arm/5.4.1/bin/../lib/gcc/arm-none-eabi/5.4.1/../../../../arm-none-eabi/lib/armv7-m\libg_nano.a(lib_a-nano-freer.o)
                0x00003414                _free_r
 .text._malloc_r
                0x000034ac       0xbc c:/program files (x86)/cypress/psoc creator/4.3/psoc creator/import/gnu/arm/5.4.1/bin/../lib/gcc/arm-none-eabi/5.4.1/../../../../arm-none-eabi/lib/armv7-m\libg_nano.a(lib_a-nano-mallocr.o)
                0x000034ac                _malloc_r
 .text.__ssputs_r
                0x00003568       0xb2 c:/program files (x86)/cypress/psoc creator/4.3/psoc creator/import/gnu/arm/5.4.1/bin/../lib/gcc/arm-none-eabi/5.4.1/../../../../arm-none-eabi/lib/armv7-m\libg_nano.a(lib_a-nano-svfprintf.o)
                0x00003568                __ssputs_r
 *fill*         0x0000361a        0x2 
 .text._svfprintf_r
                0x0000361c      0x1e8 c:/program files (x86)/cypress/psoc creator/4.3/psoc creator/import/gnu/arm/5.4.1/bin/../lib/gcc/arm-none-eabi/5.4.1/../../../../arm-none-eabi/lib/armv7-m\libg_nano.a(lib_a-nano-svfprintf.o)
                0x0000361c                _svfiprintf_r
                0x0000361c                _svfprintf_r
 .text._sbrk_r  0x00003804       0x20 c:/program files (x86)/cypress/psoc creator/4.3/psoc creator/import/gnu/arm/5.4.1/bin/../lib/gcc/arm-none-eabi/5.4.1/../../../../arm-none-eabi/lib/armv7-m\libg_nano.a(lib_a-sbrkr.o)
                0x00003804                _sbrk_r
 .text.memmove  0x00003824       0x36 c:/program files (x86)/cypress/psoc creator/4.3/psoc creator/import/gnu/arm/5.4.1/bin/../lib/gcc/arm-none-eabi/5.4.1/../../../../arm-none-eabi/lib/armv7-m\libg_nano.a(lib_a-memmove.o)
                0x00003824                memmove
 .text.__malloc_lock
                0x0000385a        0x2 c:/program files (x86)/cypress/psoc creator/4.3/psoc creator/import/gnu/arm/5.4.1/bin/../lib/gcc/arm-none-eabi/5.4.1/../../../../arm-none-eabi/lib/armv7-m\libg_nano.a(lib_a-mlock.o)
                0x0000385a                __malloc_lock
 .text.__malloc_unlock
                0x0000385c        0x2 c:/program files (x86)/cypress/psoc creator/4.3/psoc creator/import/gnu/arm/5.4.1/bin/../lib/gcc/arm-none-eabi/5.4.1/../../../../arm-none-eabi/lib/armv7-m\libg_nano.a(lib_a-mlock.o)
                0x0000385c                __malloc_unlock
 .text._realloc_r
                0x0000385e       0x4c c:/program files (x86)/cypress/psoc creator/4.3/psoc creator/import/gnu/arm/5.4.1/bin/../lib/gcc/arm-none-eabi/5.4.1/../../../../arm-none-eabi/lib/armv7-m\libg_nano.a(lib_a-nano-reallocr.o)
                0x0000385e                _realloc_r
 .text._malloc_usable_size_r
                0x000038aa       0x14 c:/program files (x86)/cypress/psoc creator/4.3/psoc creator/import/gnu/arm/5.4.1/bin/../lib/gcc/arm-none-eabi/5.4.1/../../../../arm-none-eabi/lib/armv7-m\libg_nano.a(lib_a-nano-msizer.o)
                0x000038aa                _malloc_usable_size_r
 *fill*         0x000038be        0x2 
 .text          0x000038c0      0x424 c:/program files (x86)/cypress/psoc creator/4.3/psoc creator/import/gnu/arm/5.4.1/bin/../lib/gcc/arm-none-eabi/5.4.1/armv7-m\libgcc.a(_arm_muldivdf3.o)
                0x000038c0                __aeabi_dmul
                0x000038c0                __muldf3
                0x00003b14                __divdf3
                0x00003b14                __aeabi_ddiv
 .text          0x00003ce4      0x110 c:/program files (x86)/cypress/psoc creator/4.3/psoc creator/import/gnu/arm/5.4.1/bin/../lib/gcc/arm-none-eabi/5.4.1/armv7-m\libgcc.a(_arm_cmpdf2.o)
                0x00003ce4                __gtdf2
                0x00003ce4                __gedf2
                0x00003cec                __ltdf2
                0x00003cec                __ledf2
                0x00003cf4                __nedf2
                0x00003cf4                __eqdf2
                0x00003cf4                __cmpdf2
                0x00003d70                __aeabi_cdrcmple
                0x00003d80                __aeabi_cdcmpeq
                0x00003d80                __aeabi_cdcmple
                0x00003d90                __aeabi_dcmpeq
                0x00003da4                __aeabi_dcmplt
                0x00003db8                __aeabi_dcmple
                0x00003dcc                __aeabi_dcmpge
                0x00003de0                __aeabi_dcmpgt
 .text          0x00003df4       0x2c c:/program files (x86)/cypress/psoc creator/4.3/psoc creator/import/gnu/arm/5.4.1/bin/../lib/gcc/arm-none-eabi/5.4.1/armv7-m\libgcc.a(_arm_unorddf2.o)
                0x00003df4                __unorddf2
                0x00003df4                __aeabi_dcmpun
 .text          0x00003e20       0x50 c:/program files (x86)/cypress/psoc creator/4.3/psoc creator/import/gnu/arm/5.4.1/bin/../lib/gcc/arm-none-eabi/5.4.1/armv7-m\libgcc.a(_arm_fixdfsi.o)
                0x00003e20                __aeabi_d2iz
                0x00003e20                __fixdfsi
 *(.plt)
 *(.gnu.warning)
 *(.glue_7t)
 .glue_7t       0x00003e70        0x0 linker stubs
 *(.glue_7)
 .glue_7        0x00003e70        0x0 linker stubs
 *(.vfp11_veneer)
 .vfp11_veneer  0x00003e70        0x0 linker stubs
 *(.bootloader)
 *(.ARM.extab* .gnu.linkonce.armextab.*)
 *(.gcc_except_table)

.v4_bx          0x00003e70        0x0
 .v4_bx         0x00003e70        0x0 linker stubs

.iplt           0x00003e70        0x0
 .iplt          0x00003e70        0x0 c:/program files (x86)/cypress/psoc creator/4.3/psoc creator/import/gnu/arm/5.4.1/bin/../lib/gcc/arm-none-eabi/5.4.1/armv7-m/crtbegin.o

.eh_frame_hdr
 *(.eh_frame_hdr)

.eh_frame       0x00003e70        0x4
 *(.eh_frame)
 .eh_frame      0x00003e70        0x0 c:/program files (x86)/cypress/psoc creator/4.3/psoc creator/import/gnu/arm/5.4.1/bin/../lib/gcc/arm-none-eabi/5.4.1/armv7-m/crtbegin.o
 .eh_frame      0x00003e70        0x4 c:/program files (x86)/cypress/psoc creator/4.3/psoc creator/import/gnu/arm/5.4.1/bin/../lib/gcc/arm-none-eabi/5.4.1/armv7-m/crtend.o
                [!provide]                PROVIDE (__exidx_start, .)

.ARM.exidx
 *(.ARM.exidx* .gnu.linkonce.armexidx.*)
                0x00003e74                __exidx_end = .

.rodata         0x00003e78      0x318
 *(.rodata .rodata.* .gnu.linkonce.r.*)
 .rodata.str1.4
                0x00003e78       0x7c .\CortexM3\ARM_GCC_541\Debug\main.o
 .rodata.str1.4
                0x00003ef4       0xc4 .\CortexM3\ARM_GCC_541\Debug\I2C_handler.o
                                 0xc3 (size before relaxing)
 .rodata        0x00003fb8       0x42 .\CortexM3\ARM_GCC_541\Debug\cyfitter_cfg.o
 .rodata.str1.1
                0x00003ffa        0x2 c:/program files (x86)/cypress/psoc creator/4.3/psoc creator/import/gnu/arm/5.4.1/bin/../lib/gcc/arm-none-eabi/5.4.1/../../../../arm-none-eabi/lib/armv7-m\libg_nano.a(lib_a-impure.o)
 .rodata.str1.1
                0x00003ffc       0x12 c:/program files (x86)/cypress/psoc creator/4.3/psoc creator/import/gnu/arm/5.4.1/bin/../lib/gcc/arm-none-eabi/5.4.1/../../../../arm-none-eabi/lib/armv7-m\libg_nano.a(lib_a-nano-vfprintf_float.o)
 .rodata.str1.1
                0x0000400e       0x22 c:/program files (x86)/cypress/psoc creator/4.3/psoc creator/import/gnu/arm/5.4.1/bin/../lib/gcc/arm-none-eabi/5.4.1/../../../../arm-none-eabi/lib/armv7-m\libg_nano.a(lib_a-nano-vfprintf_i.o)
 .rodata.str1.1
                0x00004030        0xd c:/program files (x86)/cypress/psoc creator/4.3/psoc creator/import/gnu/arm/5.4.1/bin/../lib/gcc/arm-none-eabi/5.4.1/../../../../arm-none-eabi/lib/armv7-m\libg_nano.a(lib_a-dtoa.o)
                                  0xf (size before relaxing)
 .rodata.str1.1
                0x0000403d        0x8 c:/program files (x86)/cypress/psoc creator/4.3/psoc creator/import/gnu/arm/5.4.1/bin/../lib/gcc/arm-none-eabi/5.4.1/../../../../arm-none-eabi/lib/armv7-m\libg_nano.a(lib_a-locale.o)
                                  0xb (size before relaxing)
 *fill*         0x00004045        0x3 
 .rodata.__mprec_tens
                0x00004048       0xc8 c:/program files (x86)/cypress/psoc creator/4.3/psoc creator/import/gnu/arm/5.4.1/bin/../lib/gcc/arm-none-eabi/5.4.1/../../../../arm-none-eabi/lib/armv7-m\libg_nano.a(lib_a-mprec.o)
                0x00004048                __mprec_tens
 .rodata.p05.5408
                0x00004110        0xc c:/program files (x86)/cypress/psoc creator/4.3/psoc creator/import/gnu/arm/5.4.1/bin/../lib/gcc/arm-none-eabi/5.4.1/../../../../arm-none-eabi/lib/armv7-m\libg_nano.a(lib_a-mprec.o)
 *fill*         0x0000411c        0x4 
 .rodata.__mprec_bigtens
                0x00004120       0x28 c:/program files (x86)/cypress/psoc creator/4.3/psoc creator/import/gnu/arm/5.4.1/bin/../lib/gcc/arm-none-eabi/5.4.1/../../../../arm-none-eabi/lib/armv7-m\libg_nano.a(lib_a-mprec.o)
                0x00004120                __mprec_bigtens
 .rodata.str1.1
                0x00004148       0x11 c:/program files (x86)/cypress/psoc creator/4.3/psoc creator/import/gnu/arm/5.4.1/bin/../lib/gcc/arm-none-eabi/5.4.1/../../../../arm-none-eabi/lib/armv7-m\libg_nano.a(lib_a-nano-svfprintf.o)
                0x0000415c                . = ALIGN (0x4)
 *fill*         0x00004159        0x3 
 *(.init)
 .init          0x0000415c        0x4 c:/program files (x86)/cypress/psoc creator/4.3/psoc creator/import/gnu/arm/5.4.1/bin/../lib/gcc/arm-none-eabi/5.4.1/armv7-m/crti.o
                0x0000415c                _init
 .init          0x00004160        0x8 c:/program files (x86)/cypress/psoc creator/4.3/psoc creator/import/gnu/arm/5.4.1/bin/../lib/gcc/arm-none-eabi/5.4.1/armv7-m/crtn.o
                0x00004168                . = ALIGN (0x4)
                0x00004168                __preinit_array_start = .
 *(.preinit_array)
                0x00004168                __preinit_array_end = .
                0x00004168                . = ALIGN (0x4)
                0x00004168                __init_array_start = .
 *(SORT(.init_array.*))
 *(.init_array)
 .init_array    0x00004168        0x4 c:/program files (x86)/cypress/psoc creator/4.3/psoc creator/import/gnu/arm/5.4.1/bin/../lib/gcc/arm-none-eabi/5.4.1/armv7-m/crtbegin.o
 .init_array    0x0000416c        0x4 .\CortexM3\ARM_GCC_541\Debug\Cm3Start.o
                0x00004170                __init_array_end = .
                0x00004170                . = ALIGN (0x4)
 *(.fini)
 .fini          0x00004170        0x4 c:/program files (x86)/cypress/psoc creator/4.3/psoc creator/import/gnu/arm/5.4.1/bin/../lib/gcc/arm-none-eabi/5.4.1/armv7-m/crti.o
                0x00004170                _fini
 .fini          0x00004174        0x8 c:/program files (x86)/cypress/psoc creator/4.3/psoc creator/import/gnu/arm/5.4.1/bin/../lib/gcc/arm-none-eabi/5.4.1/armv7-m/crtn.o
                0x0000417c                . = ALIGN (0x4)
                0x0000417c                __fini_array_start = .
 *(.fini_array)
 .fini_array    0x0000417c        0x4 c:/program files (x86)/cypress/psoc creator/4.3/psoc creator/import/gnu/arm/5.4.1/bin/../lib/gcc/arm-none-eabi/5.4.1/armv7-m/crtbegin.o
 *(SORT(.fini_array.*))
                0x00004180                __fini_array_end = .
                0x00004180                . = ALIGN (0x4)
 *crtbegin.o(.ctors)
 *(EXCLUDE_FILE(*crtend.o) .ctors)
 *(SORT(.ctors.*))
 *crtend.o(.ctors)
                0x00004180                . = ALIGN (0x4)
 *crtbegin.o(.dtors)
 *(EXCLUDE_FILE(*crtend.o) .dtors)
 *(SORT(.dtors.*))
 *crtend.o(.dtors)
                0x00004180                . = ALIGN (0x4)
                0x00004180                __cy_regions = .
                0x00004180        0x4 LONG 0x4190 __cy_region_init_ram
                0x00004184        0x4 LONG 0x1fff80c8 __cy_region_start_data
                0x00004188        0x4 LONG 0xb8 __cy_region_init_size_ram
                0x0000418c        0x4 LONG 0x168 __cy_region_zero_size_ram
                0x00004190                __cy_regions_end = .
                0x00004190                . = ALIGN (0x8)
                0x00004190                _etext = .

.cy_checksum_exclude
                0x00004190        0x0
 *(.cy_checksum_exclude)

.ramvectors     0x1fff8000       0xc0
                0x1fff8000                __cy_region_start_ram = .
 *(.ramvectors)
 .ramvectors    0x1fff8000       0xc0 .\CortexM3\ARM_GCC_541\Debug\Cm3Start.o
                0x1fff8000                CyRamVectors

.noinit         0x1fff80c0        0x1
 *(.noinit)
 .noinit        0x1fff80c0        0x1 .\CortexM3\ARM_GCC_541\Debug\Temperature-Control.a(CyLib.o)
                0x1fff80c0                CyResetStatus

.data           0x1fff80c8       0xb8 load address 0x00004190
                0x1fff80c8                __cy_region_start_data = .
 *(.jcr)
 .jcr           0x1fff80c8        0x0 c:/program files (x86)/cypress/psoc creator/4.3/psoc creator/import/gnu/arm/5.4.1/bin/../lib/gcc/arm-none-eabi/5.4.1/armv7-m/crtbegin.o
 .jcr           0x1fff80c8        0x4 c:/program files (x86)/cypress/psoc creator/4.3/psoc creator/import/gnu/arm/5.4.1/bin/../lib/gcc/arm-none-eabi/5.4.1/armv7-m/crtend.o
 *(.got.plt)
 *(.got)
 *(.shdata)
 *(.data .data.* .gnu.linkonce.d.*)
 .data          0x1fff80cc        0x4 .\CortexM3\ARM_GCC_541\Debug\main.o
 .data          0x1fff80d0        0x4 .\CortexM3\ARM_GCC_541\Debug\Cm3Start.o
 .data          0x1fff80d4       0x10 .\CortexM3\ARM_GCC_541\Debug\Temperature-Control.a(CyLib.o)
                0x1fff80d4                cydelay_32k_ms
                0x1fff80d8                cydelay_freq_khz
                0x1fff80dc                cydelay_freq_mhz
                0x1fff80e0                cydelay_freq_hz
 .data.impure_data
                0x1fff80e4       0x60 c:/program files (x86)/cypress/psoc creator/4.3/psoc creator/import/gnu/arm/5.4.1/bin/../lib/gcc/arm-none-eabi/5.4.1/../../../../arm-none-eabi/lib/armv7-m\libg_nano.a(lib_a-impure.o)
 .data._impure_ptr
                0x1fff8144        0x4 c:/program files (x86)/cypress/psoc creator/4.3/psoc creator/import/gnu/arm/5.4.1/bin/../lib/gcc/arm-none-eabi/5.4.1/../../../../arm-none-eabi/lib/armv7-m\libg_nano.a(lib_a-impure.o)
                0x1fff8144                _impure_ptr
 .data.lconv    0x1fff8148       0x38 c:/program files (x86)/cypress/psoc creator/4.3/psoc creator/import/gnu/arm/5.4.1/bin/../lib/gcc/arm-none-eabi/5.4.1/../../../../arm-none-eabi/lib/armv7-m\libg_nano.a(lib_a-locale.o)
                0x1fff8180                . = ALIGN (0x8)
 *(.ram)
                0x1fff8180                _edata = .

.igot.plt       0x1fff8180        0x0 load address 0x00004248
 .igot.plt      0x1fff8180        0x0 c:/program files (x86)/cypress/psoc creator/4.3/psoc creator/import/gnu/arm/5.4.1/bin/../lib/gcc/arm-none-eabi/5.4.1/armv7-m/crtbegin.o

.bss            0x1fff8180      0x168 load address 0x00004248
                0x1fff8180                PROVIDE (__bss_start__, .)
 *(.shbss)
 *(.bss .bss.* .gnu.linkonce.b.*)
 .bss           0x1fff8180       0x1c c:/program files (x86)/cypress/psoc creator/4.3/psoc creator/import/gnu/arm/5.4.1/bin/../lib/gcc/arm-none-eabi/5.4.1/armv7-m/crtbegin.o
 .bss           0x1fff819c      0x100 .\CortexM3\ARM_GCC_541\Debug\main.o
 .bss           0x1fff829c       0x24 .\CortexM3\ARM_GCC_541\Debug\PIDControl.o
 .bss           0x1fff82c0        0x2 .\CortexM3\ARM_GCC_541\Debug\Temperature-Control.a(UART_1.o)
                0x1fff82c0                UART_1_initVar
 .bss           0x1fff82c2        0x1 .\CortexM3\ARM_GCC_541\Debug\Temperature-Control.a(PWM_1.o)
                0x1fff82c2                PWM_1_initVar
 .bss           0x1fff82c3        0x1 .\CortexM3\ARM_GCC_541\Debug\Temperature-Control.a(I2C_1.o)
                0x1fff82c3                I2C_1_initVar
 .bss.__malloc_sbrk_start
                0x1fff82c4        0x4 c:/program files (x86)/cypress/psoc creator/4.3/psoc creator/import/gnu/arm/5.4.1/bin/../lib/gcc/arm-none-eabi/5.4.1/../../../../arm-none-eabi/lib/armv7-m\libg_nano.a(lib_a-nano-mallocr.o)
                0x1fff82c4                __malloc_sbrk_start
 .bss.__malloc_free_list
                0x1fff82c8        0x4 c:/program files (x86)/cypress/psoc creator/4.3/psoc creator/import/gnu/arm/5.4.1/bin/../lib/gcc/arm-none-eabi/5.4.1/../../../../arm-none-eabi/lib/armv7-m\libg_nano.a(lib_a-nano-mallocr.o)
                0x1fff82c8                __malloc_free_list
 *(COMMON)
 COMMON         0x1fff82cc        0x1 .\CortexM3\ARM_GCC_541\Debug\Temperature-Control.a(I2C_1.o)
                0x1fff82cc                I2C_1_state
 *fill*         0x1fff82cd        0x3 
 COMMON         0x1fff82d0       0x11 .\CortexM3\ARM_GCC_541\Debug\Temperature-Control.a(I2C_1_MASTER.o)
                0x1fff82d0                I2C_1_mstrWrBufIndex
                0x1fff82d1                I2C_1_mstrControl
                0x1fff82d2                I2C_1_mstrStatus
                0x1fff82d3                I2C_1_mstrWrBufSize
                0x1fff82d4                I2C_1_mstrRdBufIndex
                0x1fff82d8                I2C_1_mstrWrBufPtr
                0x1fff82dc                I2C_1_mstrRdBufPtr
                0x1fff82e0                I2C_1_mstrRdBufSize
 *fill*         0x1fff82e1        0x3 
 COMMON         0x1fff82e4        0x4 c:/program files (x86)/cypress/psoc creator/4.3/psoc creator/import/gnu/arm/5.4.1/bin/../lib/gcc/arm-none-eabi/5.4.1/../../../../arm-none-eabi/lib/armv7-m\libg_nano.a(lib_a-reent.o)
                0x1fff82e4                errno
                0x1fff82e8                . = ALIGN (0x8)
 *(.ram.b)
                0x1fff82e8                _end = .
                0x1fff82e8                __end = .
                0x1fff82e8                PROVIDE (end, .)
                0x1fff82e8                PROVIDE (__bss_end__, .)
                0x00004190                __cy_region_init_ram = LOADADDR (.data)
                0x000000b8                __cy_region_init_size_ram = (_edata - ADDR (.data))
                0x00000168                __cy_region_zero_size_ram = (_end - _edata)

.heap           0x1fff82e8      0x200 load address 0x00004248
                0x1fff82e8                . = _end
                0x1fff84e8                . = (. + 0x200)
 *fill*         0x1fff82e8      0x200 
                0x1fff84e8                __cy_heap_limit = .

.stack          0x20007800      0x800
                0x20007800                __cy_stack_limit = .
                0x20008000                . = (. + 0x800)
 *fill*         0x20007800      0x800 
                0x00000001                ASSERT ((__cy_stack_limit >= __cy_heap_limit), region RAM overflowed with stack)
                0x00000000                cy_checksum_exclude_size = (CY_APPL_LOADABLE == 0x1)?SIZEOF (.cy_checksum_exclude):0x0
                0x00000001                ASSERT ((cy_checksum_exclude_size <= CY_CHECKSUM_EXCLUDE_SIZE), CY_BOOT: Section .cy_checksum_exclude size exceedes specified limit.)

.cyloadermeta
 *(.cyloadermeta)

.cyloadablemeta
 *(.cyloadablemeta)

.cyconfigecc    0x80000000      0x498
 *(.cyconfigecc)
 .cyconfigecc   0x80000000      0x498 .\CortexM3\ARM_GCC_541\Debug\cymetadata.o
                0x80000000                cy_meta_configecc

.cycustnvl      0x90000000        0x4
 *(.cycustnvl)
 .cycustnvl     0x90000000        0x4 .\CortexM3\ARM_GCC_541\Debug\cymetadata.o
                0x90000000                cy_meta_custnvl

.cywolatch      0x90100000        0x4
 *(.cywolatch)
 .cywolatch     0x90100000        0x4 .\CortexM3\ARM_GCC_541\Debug\cymetadata.o
                0x90100000                cy_meta_wonvl

.cyeeprom       0x90200000        0x0
 *(.cyeeprom)
                0x00000001                ASSERT ((. <= ((0x90200000 + ee_offset) + ee_size)), .cyeeprom data will not fit in EEPROM)

.cyflashprotect
                0x90400000      0x100
 *(.cyflashprotect)
 .cyflashprotect
                0x90400000      0x100 .\CortexM3\ARM_GCC_541\Debug\cymetadata.o
                0x90400000                cy_meta_flashprotect

.cymeta         0x90500000        0xc
 *(.cymeta)
 .cymeta        0x90500000        0xc .\CortexM3\ARM_GCC_541\Debug\cymetadata.o
                0x90500000                cy_metadata

.rel.dyn        0x00004248        0x0 load address 0x9050000c
 .rel.iplt      0x00004248        0x0 c:/program files (x86)/cypress/psoc creator/4.3/psoc creator/import/gnu/arm/5.4.1/bin/../lib/gcc/arm-none-eabi/5.4.1/armv7-m/crtbegin.o

.stab
 *(.stab)

.stabstr
 *(.stabstr)

.debug
 *(.debug)

.line
 *(.line)

.debug_srcinfo
 *(.debug_srcinfo)

.debug_sfnames
 *(.debug_sfnames)

.debug_aranges  0x00000000      0x918
 *(.debug_aranges)
 .debug_aranges
                0x00000000       0x30 .\CortexM3\ARM_GCC_541\Debug\main.o
 .debug_aranges
                0x00000030       0x30 .\CortexM3\ARM_GCC_541\Debug\PIDControl.o
 .debug_aranges
                0x00000060       0x28 .\CortexM3\ARM_GCC_541\Debug\I2C_handler.o
 .debug_aranges
                0x00000088       0x58 .\CortexM3\ARM_GCC_541\Debug\cyfitter_cfg.o
 .debug_aranges
                0x000000e0       0x18 .\CortexM3\ARM_GCC_541\Debug\cymetadata.o
 .debug_aranges
                0x000000f8       0x48 .\CortexM3\ARM_GCC_541\Debug\Cm3Start.o
 .debug_aranges
                0x00000140       0xf0 .\CortexM3\ARM_GCC_541\Debug\Temperature-Control.a(UART_1.o)
 .debug_aranges
                0x00000230       0x98 .\CortexM3\ARM_GCC_541\Debug\Temperature-Control.a(PWM_1.o)
 .debug_aranges
                0x000002c8       0x38 .\CortexM3\ARM_GCC_541\Debug\Temperature-Control.a(I2C_1.o)
 .debug_aranges
                0x00000300       0x20 .\CortexM3\ARM_GCC_541\Debug\Temperature-Control.a(I2C_1_INT.o)
 .debug_aranges
                0x00000320       0x38 .\CortexM3\ARM_GCC_541\Debug\Temperature-Control.a(I2C_1_PM.o)
 .debug_aranges
                0x00000358       0x80 .\CortexM3\ARM_GCC_541\Debug\Temperature-Control.a(I2C_1_MASTER.o)
 .debug_aranges
                0x000003d8       0x70 .\CortexM3\ARM_GCC_541\Debug\Temperature-Control.a(UART_1_IntClock.o)
 .debug_aranges
                0x00000448      0x2a0 .\CortexM3\ARM_GCC_541\Debug\Temperature-Control.a(CyLib.o)
 .debug_aranges
                0x000006e8       0x98 .\CortexM3\ARM_GCC_541\Debug\Temperature-Control.a(cyPm.o)
 .debug_aranges
                0x00000780       0x80 .\CortexM3\ARM_GCC_541\Debug\Temperature-Control.a(isr_uart_rx.o)
 .debug_aranges
                0x00000800       0x20 .\CortexM3\ARM_GCC_541\Debug\Temperature-Control.a(CyBootAsmGnu.o)
 .debug_aranges
                0x00000820       0x80 .\CortexM3\ARM_GCC_541\Debug\Temperature-Control.a(CyFlash.o)
 .debug_aranges
                0x000008a0       0x78 .\CortexM3\ARM_GCC_541\Debug\Temperature-Control.a(CySpc.o)

.debug_pubnames
 *(.debug_pubnames)

.debug_info     0x00000000     0x5585
 *(.debug_info .gnu.linkonce.wi.*)
 .debug_info    0x00000000      0x446 .\CortexM3\ARM_GCC_541\Debug\main.o
 .debug_info    0x00000446      0x1e7 .\CortexM3\ARM_GCC_541\Debug\PIDControl.o
 .debug_info    0x0000062d      0x326 .\CortexM3\ARM_GCC_541\Debug\I2C_handler.o
 .debug_info    0x00000953      0x594 .\CortexM3\ARM_GCC_541\Debug\cyfitter_cfg.o
 .debug_info    0x00000ee7      0x136 .\CortexM3\ARM_GCC_541\Debug\cymetadata.o
 .debug_info    0x0000101d      0x3b5 .\CortexM3\ARM_GCC_541\Debug\Cm3Start.o
 .debug_info    0x000013d2      0x60c .\CortexM3\ARM_GCC_541\Debug\Temperature-Control.a(UART_1.o)
 .debug_info    0x000019de      0x334 .\CortexM3\ARM_GCC_541\Debug\Temperature-Control.a(PWM_1.o)
 .debug_info    0x00001d12      0x2ad .\CortexM3\ARM_GCC_541\Debug\Temperature-Control.a(I2C_1.o)
 .debug_info    0x00001fbf      0x184 .\CortexM3\ARM_GCC_541\Debug\Temperature-Control.a(I2C_1_INT.o)
 .debug_info    0x00002143      0x207 .\CortexM3\ARM_GCC_541\Debug\Temperature-Control.a(I2C_1_PM.o)
 .debug_info    0x0000234a      0x407 .\CortexM3\ARM_GCC_541\Debug\Temperature-Control.a(I2C_1_MASTER.o)
 .debug_info    0x00002751      0x283 .\CortexM3\ARM_GCC_541\Debug\Temperature-Control.a(UART_1_IntClock.o)
 .debug_info    0x000029d4     0x1374 .\CortexM3\ARM_GCC_541\Debug\Temperature-Control.a(CyLib.o)
 .debug_info    0x00003d48      0xa1d .\CortexM3\ARM_GCC_541\Debug\Temperature-Control.a(cyPm.o)
 .debug_info    0x00004765      0x2d2 .\CortexM3\ARM_GCC_541\Debug\Temperature-Control.a(isr_uart_rx.o)
 .debug_info    0x00004a37       0xad .\CortexM3\ARM_GCC_541\Debug\Temperature-Control.a(CyBootAsmGnu.o)
 .debug_info    0x00004ae4      0x5b8 .\CortexM3\ARM_GCC_541\Debug\Temperature-Control.a(CyFlash.o)
 .debug_info    0x0000509c      0x4e9 .\CortexM3\ARM_GCC_541\Debug\Temperature-Control.a(CySpc.o)

.debug_abbrev   0x00000000     0x1822
 *(.debug_abbrev)
 .debug_abbrev  0x00000000      0x146 .\CortexM3\ARM_GCC_541\Debug\main.o
 .debug_abbrev  0x00000146       0xc7 .\CortexM3\ARM_GCC_541\Debug\PIDControl.o
 .debug_abbrev  0x0000020d      0x11c .\CortexM3\ARM_GCC_541\Debug\I2C_handler.o
 .debug_abbrev  0x00000329      0x20d .\CortexM3\ARM_GCC_541\Debug\cyfitter_cfg.o
 .debug_abbrev  0x00000536       0x77 .\CortexM3\ARM_GCC_541\Debug\cymetadata.o
 .debug_abbrev  0x000005ad      0x1e8 .\CortexM3\ARM_GCC_541\Debug\Cm3Start.o
 .debug_abbrev  0x00000795      0x175 .\CortexM3\ARM_GCC_541\Debug\Temperature-Control.a(UART_1.o)
 .debug_abbrev  0x0000090a      0x133 .\CortexM3\ARM_GCC_541\Debug\Temperature-Control.a(PWM_1.o)
 .debug_abbrev  0x00000a3d      0x10a .\CortexM3\ARM_GCC_541\Debug\Temperature-Control.a(I2C_1.o)
 .debug_abbrev  0x00000b47       0xb6 .\CortexM3\ARM_GCC_541\Debug\Temperature-Control.a(I2C_1_INT.o)
 .debug_abbrev  0x00000bfd       0xfe .\CortexM3\ARM_GCC_541\Debug\Temperature-Control.a(I2C_1_PM.o)
 .debug_abbrev  0x00000cfb      0x13c .\CortexM3\ARM_GCC_541\Debug\Temperature-Control.a(I2C_1_MASTER.o)
 .debug_abbrev  0x00000e37      0x139 .\CortexM3\ARM_GCC_541\Debug\Temperature-Control.a(UART_1_IntClock.o)
 .debug_abbrev  0x00000f70      0x254 .\CortexM3\ARM_GCC_541\Debug\Temperature-Control.a(CyLib.o)
 .debug_abbrev  0x000011c4      0x1ab .\CortexM3\ARM_GCC_541\Debug\Temperature-Control.a(cyPm.o)
 .debug_abbrev  0x0000136f      0x173 .\CortexM3\ARM_GCC_541\Debug\Temperature-Control.a(isr_uart_rx.o)
 .debug_abbrev  0x000014e2       0x14 .\CortexM3\ARM_GCC_541\Debug\Temperature-Control.a(CyBootAsmGnu.o)
 .debug_abbrev  0x000014f6      0x198 .\CortexM3\ARM_GCC_541\Debug\Temperature-Control.a(CyFlash.o)
 .debug_abbrev  0x0000168e      0x194 .\CortexM3\ARM_GCC_541\Debug\Temperature-Control.a(CySpc.o)

.debug_line     0x00000000     0x26b5
 *(.debug_line)
 .debug_line    0x00000000      0x299 .\CortexM3\ARM_GCC_541\Debug\main.o
 .debug_line    0x00000299       0x7c .\CortexM3\ARM_GCC_541\Debug\PIDControl.o
 .debug_line    0x00000315      0x27f .\CortexM3\ARM_GCC_541\Debug\I2C_handler.o
 .debug_line    0x00000594      0x1f5 .\CortexM3\ARM_GCC_541\Debug\cyfitter_cfg.o
 .debug_line    0x00000789      0x141 .\CortexM3\ARM_GCC_541\Debug\cymetadata.o
 .debug_line    0x000008ca      0x234 .\CortexM3\ARM_GCC_541\Debug\Cm3Start.o
 .debug_line    0x00000afe      0x2c0 .\CortexM3\ARM_GCC_541\Debug\Temperature-Control.a(UART_1.o)
 .debug_line    0x00000dbe      0x185 .\CortexM3\ARM_GCC_541\Debug\Temperature-Control.a(PWM_1.o)
 .debug_line    0x00000f43       0xdf .\CortexM3\ARM_GCC_541\Debug\Temperature-Control.a(I2C_1.o)
 .debug_line    0x00001022      0x118 .\CortexM3\ARM_GCC_541\Debug\Temperature-Control.a(I2C_1_INT.o)
 .debug_line    0x0000113a       0xbf .\CortexM3\ARM_GCC_541\Debug\Temperature-Control.a(I2C_1_PM.o)
 .debug_line    0x000011f9      0x201 .\CortexM3\ARM_GCC_541\Debug\Temperature-Control.a(I2C_1_MASTER.o)
 .debug_line    0x000013fa      0x17e .\CortexM3\ARM_GCC_541\Debug\Temperature-Control.a(UART_1_IntClock.o)
 .debug_line    0x00001578      0x816 .\CortexM3\ARM_GCC_541\Debug\Temperature-Control.a(CyLib.o)
 .debug_line    0x00001d8e      0x364 .\CortexM3\ARM_GCC_541\Debug\Temperature-Control.a(cyPm.o)
 .debug_line    0x000020f2      0x138 .\CortexM3\ARM_GCC_541\Debug\Temperature-Control.a(isr_uart_rx.o)
 .debug_line    0x0000222a       0x66 .\CortexM3\ARM_GCC_541\Debug\Temperature-Control.a(CyBootAsmGnu.o)
 .debug_line    0x00002290      0x1e9 .\CortexM3\ARM_GCC_541\Debug\Temperature-Control.a(CyFlash.o)
 .debug_line    0x00002479      0x23c .\CortexM3\ARM_GCC_541\Debug\Temperature-Control.a(CySpc.o)

.debug_frame    0x00000000     0x1ed4
 *(.debug_frame)
 .debug_frame   0x00000000       0x70 .\CortexM3\ARM_GCC_541\Debug\main.o
 .debug_frame   0x00000070       0x74 .\CortexM3\ARM_GCC_541\Debug\PIDControl.o
 .debug_frame   0x000000e4       0x50 .\CortexM3\ARM_GCC_541\Debug\I2C_handler.o
 .debug_frame   0x00000134       0xe4 .\CortexM3\ARM_GCC_541\Debug\cyfitter_cfg.o
 .debug_frame   0x00000218       0xb8 .\CortexM3\ARM_GCC_541\Debug\Cm3Start.o
 .debug_frame   0x000002d0      0x250 .\CortexM3\ARM_GCC_541\Debug\Temperature-Control.a(UART_1.o)
 .debug_frame   0x00000520      0x134 .\CortexM3\ARM_GCC_541\Debug\Temperature-Control.a(PWM_1.o)
 .debug_frame   0x00000654       0x94 .\CortexM3\ARM_GCC_541\Debug\Temperature-Control.a(I2C_1.o)
 .debug_frame   0x000006e8       0x30 .\CortexM3\ARM_GCC_541\Debug\Temperature-Control.a(I2C_1_INT.o)
 .debug_frame   0x00000718       0x74 .\CortexM3\ARM_GCC_541\Debug\Temperature-Control.a(I2C_1_PM.o)
 .debug_frame   0x0000078c      0x138 .\CortexM3\ARM_GCC_541\Debug\Temperature-Control.a(I2C_1_MASTER.o)
 .debug_frame   0x000008c4       0xe0 .\CortexM3\ARM_GCC_541\Debug\Temperature-Control.a(UART_1_IntClock.o)
 .debug_frame   0x000009a4      0x738 .\CortexM3\ARM_GCC_541\Debug\Temperature-Control.a(CyLib.o)
 .debug_frame   0x000010dc      0x1f8 .\CortexM3\ARM_GCC_541\Debug\Temperature-Control.a(cyPm.o)
 .debug_frame   0x000012d4      0x104 .\CortexM3\ARM_GCC_541\Debug\Temperature-Control.a(isr_uart_rx.o)
 .debug_frame   0x000013d8      0x174 .\CortexM3\ARM_GCC_541\Debug\Temperature-Control.a(CyFlash.o)
 .debug_frame   0x0000154c      0x160 .\CortexM3\ARM_GCC_541\Debug\Temperature-Control.a(CySpc.o)
 .debug_frame   0x000016ac       0x20 c:/program files (x86)/cypress/psoc creator/4.3/psoc creator/import/gnu/arm/5.4.1/bin/../lib/gcc/arm-none-eabi/5.4.1/../../../../arm-none-eabi/lib/armv7-m\libg_nano.a(lib_a-errno.o)
 .debug_frame   0x000016cc       0x28 c:/program files (x86)/cypress/psoc creator/4.3/psoc creator/import/gnu/arm/5.4.1/bin/../lib/gcc/arm-none-eabi/5.4.1/../../../../arm-none-eabi/lib/armv7-m\libg_nano.a(lib_a-exit.o)
 .debug_frame   0x000016f4       0x2c c:/program files (x86)/cypress/psoc creator/4.3/psoc creator/import/gnu/arm/5.4.1/bin/../lib/gcc/arm-none-eabi/5.4.1/../../../../arm-none-eabi/lib/armv7-m\libg_nano.a(lib_a-init.o)
 .debug_frame   0x00001720       0x28 c:/program files (x86)/cypress/psoc creator/4.3/psoc creator/import/gnu/arm/5.4.1/bin/../lib/gcc/arm-none-eabi/5.4.1/../../../../arm-none-eabi/lib/armv7-m\libg_nano.a(lib_a-memcpy-stub.o)
 .debug_frame   0x00001748       0x20 c:/program files (x86)/cypress/psoc creator/4.3/psoc creator/import/gnu/arm/5.4.1/bin/../lib/gcc/arm-none-eabi/5.4.1/../../../../arm-none-eabi/lib/armv7-m\libg_nano.a(lib_a-memset.o)
 .debug_frame   0x00001768       0x8c c:/program files (x86)/cypress/psoc creator/4.3/psoc creator/import/gnu/arm/5.4.1/bin/../lib/gcc/arm-none-eabi/5.4.1/../../../../arm-none-eabi/lib/armv7-m\libg_nano.a(lib_a-nano-vfprintf_float.o)
 .debug_frame   0x000017f4       0x60 c:/program files (x86)/cypress/psoc creator/4.3/psoc creator/import/gnu/arm/5.4.1/bin/../lib/gcc/arm-none-eabi/5.4.1/../../../../arm-none-eabi/lib/armv7-m\libg_nano.a(lib_a-nano-vfprintf_i.o)
 .debug_frame   0x00001854       0x74 c:/program files (x86)/cypress/psoc creator/4.3/psoc creator/import/gnu/arm/5.4.1/bin/../lib/gcc/arm-none-eabi/5.4.1/../../../../arm-none-eabi/lib/armv7-m\libg_nano.a(lib_a-snprintf.o)
 .debug_frame   0x000018c8       0x6c c:/program files (x86)/cypress/psoc creator/4.3/psoc creator/import/gnu/arm/5.4.1/bin/../lib/gcc/arm-none-eabi/5.4.1/../../../../arm-none-eabi/lib/armv7-m\libg_nano.a(lib_a-dtoa.o)
 .debug_frame   0x00001934       0x98 c:/program files (x86)/cypress/psoc creator/4.3/psoc creator/import/gnu/arm/5.4.1/bin/../lib/gcc/arm-none-eabi/5.4.1/../../../../arm-none-eabi/lib/armv7-m\libg_nano.a(lib_a-locale.o)
 .debug_frame   0x000019cc       0x30 c:/program files (x86)/cypress/psoc creator/4.3/psoc creator/import/gnu/arm/5.4.1/bin/../lib/gcc/arm-none-eabi/5.4.1/../../../../arm-none-eabi/lib/armv7-m\libg_nano.a(lib_a-malloc.o)
 .debug_frame   0x000019fc       0x28 c:/program files (x86)/cypress/psoc creator/4.3/psoc creator/import/gnu/arm/5.4.1/bin/../lib/gcc/arm-none-eabi/5.4.1/../../../../arm-none-eabi/lib/armv7-m\libg_nano.a(lib_a-memchr-stub.o)
 .debug_frame   0x00001a24      0x234 c:/program files (x86)/cypress/psoc creator/4.3/psoc creator/import/gnu/arm/5.4.1/bin/../lib/gcc/arm-none-eabi/5.4.1/../../../../arm-none-eabi/lib/armv7-m\libg_nano.a(lib_a-mprec.o)
 .debug_frame   0x00001c58       0x2c c:/program files (x86)/cypress/psoc creator/4.3/psoc creator/import/gnu/arm/5.4.1/bin/../lib/gcc/arm-none-eabi/5.4.1/../../../../arm-none-eabi/lib/armv7-m\libg_nano.a(lib_a-nano-callocr.o)
 .debug_frame   0x00001c84       0x38 c:/program files (x86)/cypress/psoc creator/4.3/psoc creator/import/gnu/arm/5.4.1/bin/../lib/gcc/arm-none-eabi/5.4.1/../../../../arm-none-eabi/lib/armv7-m\libg_nano.a(lib_a-nano-freer.o)
 .debug_frame   0x00001cbc       0x2c c:/program files (x86)/cypress/psoc creator/4.3/psoc creator/import/gnu/arm/5.4.1/bin/../lib/gcc/arm-none-eabi/5.4.1/../../../../arm-none-eabi/lib/armv7-m\libg_nano.a(lib_a-nano-mallocr.o)
 .debug_frame   0x00001ce8       0x90 c:/program files (x86)/cypress/psoc creator/4.3/psoc creator/import/gnu/arm/5.4.1/bin/../lib/gcc/arm-none-eabi/5.4.1/../../../../arm-none-eabi/lib/armv7-m\libg_nano.a(lib_a-nano-svfprintf.o)
 .debug_frame   0x00001d78       0x2c c:/program files (x86)/cypress/psoc creator/4.3/psoc creator/import/gnu/arm/5.4.1/bin/../lib/gcc/arm-none-eabi/5.4.1/../../../../arm-none-eabi/lib/armv7-m\libg_nano.a(lib_a-sbrkr.o)
 .debug_frame   0x00001da4       0x20 c:/program files (x86)/cypress/psoc creator/4.3/psoc creator/import/gnu/arm/5.4.1/bin/../lib/gcc/arm-none-eabi/5.4.1/../../../../arm-none-eabi/lib/armv7-m\libg_nano.a(lib_a-strcmp.o)
 .debug_frame   0x00001dc4       0x28 c:/program files (x86)/cypress/psoc creator/4.3/psoc creator/import/gnu/arm/5.4.1/bin/../lib/gcc/arm-none-eabi/5.4.1/../../../../arm-none-eabi/lib/armv7-m\libg_nano.a(lib_a-memmove.o)
 .debug_frame   0x00001dec       0x30 c:/program files (x86)/cypress/psoc creator/4.3/psoc creator/import/gnu/arm/5.4.1/bin/../lib/gcc/arm-none-eabi/5.4.1/../../../../arm-none-eabi/lib/armv7-m\libg_nano.a(lib_a-mlock.o)
 .debug_frame   0x00001e1c       0x3c c:/program files (x86)/cypress/psoc creator/4.3/psoc creator/import/gnu/arm/5.4.1/bin/../lib/gcc/arm-none-eabi/5.4.1/../../../../arm-none-eabi/lib/armv7-m\libg_nano.a(lib_a-nano-reallocr.o)
 .debug_frame   0x00001e58       0x5c c:/program files (x86)/cypress/psoc creator/4.3/psoc creator/import/gnu/arm/5.4.1/bin/../lib/gcc/arm-none-eabi/5.4.1/../../../../arm-none-eabi/lib/armv7-m\libg_nano.a(lib_a-reent.o)
 .debug_frame   0x00001eb4       0x20 c:/program files (x86)/cypress/psoc creator/4.3/psoc creator/import/gnu/arm/5.4.1/bin/../lib/gcc/arm-none-eabi/5.4.1/../../../../arm-none-eabi/lib/armv7-m\libg_nano.a(lib_a-nano-msizer.o)

.debug_str      0x00000000     0x1fa1
 *(.debug_str)
 .debug_str     0x00000000      0x31d .\CortexM3\ARM_GCC_541\Debug\main.o
                                0x3a4 (size before relaxing)
 .debug_str     0x0000031d       0x81 .\CortexM3\ARM_GCC_541\Debug\PIDControl.o
                                0x1fe (size before relaxing)
 .debug_str     0x0000039e       0xc0 .\CortexM3\ARM_GCC_541\Debug\I2C_handler.o
                                0x2b9 (size before relaxing)
 .debug_str     0x0000045e      0x1b6 .\CortexM3\ARM_GCC_541\Debug\cyfitter_cfg.o
                                0x361 (size before relaxing)
 .debug_str     0x00000614       0x75 .\CortexM3\ARM_GCC_541\Debug\cymetadata.o
                                0x201 (size before relaxing)
 .debug_str     0x00000689      0x13f .\CortexM3\ARM_GCC_541\Debug\Cm3Start.o
                                0x327 (size before relaxing)
 .debug_str     0x000007c8      0x2cb .\CortexM3\ARM_GCC_541\Debug\Temperature-Control.a(UART_1.o)
                                0x4d0 (size before relaxing)
 .debug_str     0x00000a93      0x177 .\CortexM3\ARM_GCC_541\Debug\Temperature-Control.a(PWM_1.o)
                                0x36e (size before relaxing)
 .debug_str     0x00000c0a      0x118 .\CortexM3\ARM_GCC_541\Debug\Temperature-Control.a(I2C_1.o)
                                0x316 (size before relaxing)
 .debug_str     0x00000d22       0x94 .\CortexM3\ARM_GCC_541\Debug\Temperature-Control.a(I2C_1_INT.o)
                                0x292 (size before relaxing)
 .debug_str     0x00000db6       0x60 .\CortexM3\ARM_GCC_541\Debug\Temperature-Control.a(I2C_1_PM.o)
                                0x2ac (size before relaxing)
 .debug_str     0x00000e16      0x151 .\CortexM3\ARM_GCC_541\Debug\Temperature-Control.a(I2C_1_MASTER.o)
                                0x3ef (size before relaxing)
 .debug_str     0x00000f67      0x197 .\CortexM3\ARM_GCC_541\Debug\Temperature-Control.a(UART_1_IntClock.o)
                                0x36b (size before relaxing)
 .debug_str     0x000010fe      0x7dc .\CortexM3\ARM_GCC_541\Debug\Temperature-Control.a(CyLib.o)
                                0xa64 (size before relaxing)
 .debug_str     0x000018da      0x359 .\CortexM3\ARM_GCC_541\Debug\Temperature-Control.a(cyPm.o)
                                0x744 (size before relaxing)
 .debug_str     0x00001c33      0x126 .\CortexM3\ARM_GCC_541\Debug\Temperature-Control.a(isr_uart_rx.o)
                                0x317 (size before relaxing)
 .debug_str     0x00001d59      0x19c .\CortexM3\ARM_GCC_541\Debug\Temperature-Control.a(CyFlash.o)
                                0x3be (size before relaxing)
 .debug_str     0x00001ef5       0xac .\CortexM3\ARM_GCC_541\Debug\Temperature-Control.a(CySpc.o)
                                0x347 (size before relaxing)

.debug_loc      0x00000000     0x255e
 *(.debug_loc)
 .debug_loc     0x00000000       0xf0 .\CortexM3\ARM_GCC_541\Debug\main.o
 .debug_loc     0x000000f0      0x1a2 .\CortexM3\ARM_GCC_541\Debug\PIDControl.o
 .debug_loc     0x00000292       0x57 .\CortexM3\ARM_GCC_541\Debug\I2C_handler.o
 .debug_loc     0x000002e9      0x259 .\CortexM3\ARM_GCC_541\Debug\cyfitter_cfg.o
 .debug_loc     0x00000542      0x144 .\CortexM3\ARM_GCC_541\Debug\Cm3Start.o
 .debug_loc     0x00000686      0x258 .\CortexM3\ARM_GCC_541\Debug\Temperature-Control.a(UART_1.o)
 .debug_loc     0x000008de       0x26 .\CortexM3\ARM_GCC_541\Debug\Temperature-Control.a(PWM_1.o)
 .debug_loc     0x00000904       0x39 .\CortexM3\ARM_GCC_541\Debug\Temperature-Control.a(I2C_1.o)
 .debug_loc     0x0000093d       0x29 .\CortexM3\ARM_GCC_541\Debug\Temperature-Control.a(I2C_1_INT.o)
 .debug_loc     0x00000966       0x13 .\CortexM3\ARM_GCC_541\Debug\Temperature-Control.a(I2C_1_PM.o)
 .debug_loc     0x00000979      0x52f .\CortexM3\ARM_GCC_541\Debug\Temperature-Control.a(I2C_1_MASTER.o)
 .debug_loc     0x00000ea8      0x12c .\CortexM3\ARM_GCC_541\Debug\Temperature-Control.a(UART_1_IntClock.o)
 .debug_loc     0x00000fd4      0xa11 .\CortexM3\ARM_GCC_541\Debug\Temperature-Control.a(CyLib.o)
 .debug_loc     0x000019e5      0x1e4 .\CortexM3\ARM_GCC_541\Debug\Temperature-Control.a(cyPm.o)
 .debug_loc     0x00001bc9       0x56 .\CortexM3\ARM_GCC_541\Debug\Temperature-Control.a(isr_uart_rx.o)
 .debug_loc     0x00001c1f      0x2f2 .\CortexM3\ARM_GCC_541\Debug\Temperature-Control.a(CyFlash.o)
 .debug_loc     0x00001f11      0x64d .\CortexM3\ARM_GCC_541\Debug\Temperature-Control.a(CySpc.o)

.debug_macinfo
 *(.debug_macinfo)

.debug_ranges   0x00000000      0x7d0
 *(.debug_ranges)
 .debug_ranges  0x00000000       0x20 .\CortexM3\ARM_GCC_541\Debug\main.o
 .debug_ranges  0x00000020       0x20 .\CortexM3\ARM_GCC_541\Debug\PIDControl.o
 .debug_ranges  0x00000040       0x18 .\CortexM3\ARM_GCC_541\Debug\I2C_handler.o
 .debug_ranges  0x00000058       0x48 .\CortexM3\ARM_GCC_541\Debug\cyfitter_cfg.o
 .debug_ranges  0x000000a0       0x38 .\CortexM3\ARM_GCC_541\Debug\Cm3Start.o
 .debug_ranges  0x000000d8       0xe0 .\CortexM3\ARM_GCC_541\Debug\Temperature-Control.a(UART_1.o)
 .debug_ranges  0x000001b8       0x88 .\CortexM3\ARM_GCC_541\Debug\Temperature-Control.a(PWM_1.o)
 .debug_ranges  0x00000240       0x28 .\CortexM3\ARM_GCC_541\Debug\Temperature-Control.a(I2C_1.o)
 .debug_ranges  0x00000268       0x10 .\CortexM3\ARM_GCC_541\Debug\Temperature-Control.a(I2C_1_INT.o)
 .debug_ranges  0x00000278       0x28 .\CortexM3\ARM_GCC_541\Debug\Temperature-Control.a(I2C_1_PM.o)
 .debug_ranges  0x000002a0       0x70 .\CortexM3\ARM_GCC_541\Debug\Temperature-Control.a(I2C_1_MASTER.o)
 .debug_ranges  0x00000310       0x60 .\CortexM3\ARM_GCC_541\Debug\Temperature-Control.a(UART_1_IntClock.o)
 .debug_ranges  0x00000370      0x290 .\CortexM3\ARM_GCC_541\Debug\Temperature-Control.a(CyLib.o)
 .debug_ranges  0x00000600       0x88 .\CortexM3\ARM_GCC_541\Debug\Temperature-Control.a(cyPm.o)
 .debug_ranges  0x00000688       0x70 .\CortexM3\ARM_GCC_541\Debug\Temperature-Control.a(isr_uart_rx.o)
 .debug_ranges  0x000006f8       0x70 .\CortexM3\ARM_GCC_541\Debug\Temperature-Control.a(CyFlash.o)
 .debug_ranges  0x00000768       0x68 .\CortexM3\ARM_GCC_541\Debug\Temperature-Control.a(CySpc.o)

.comment        0x00000000       0x6e
 .comment       0x00000000       0x6e .\CortexM3\ARM_GCC_541\Debug\main.o
                                 0x6f (size before relaxing)
 .comment       0x0000006e       0x6f .\CortexM3\ARM_GCC_541\Debug\PIDControl.o
 .comment       0x0000006e       0x6f .\CortexM3\ARM_GCC_541\Debug\I2C_handler.o
 .comment       0x0000006e       0x6f .\CortexM3\ARM_GCC_541\Debug\cyfitter_cfg.o
 .comment       0x0000006e       0x6f .\CortexM3\ARM_GCC_541\Debug\cymetadata.o
 .comment       0x0000006e       0x6f .\CortexM3\ARM_GCC_541\Debug\Cm3Start.o
 .comment       0x0000006e       0x6f .\CortexM3\ARM_GCC_541\Debug\Temperature-Control.a(UART_1.o)
 .comment       0x0000006e       0x6f .\CortexM3\ARM_GCC_541\Debug\Temperature-Control.a(PWM_1.o)
 .comment       0x0000006e       0x6f .\CortexM3\ARM_GCC_541\Debug\Temperature-Control.a(I2C_1.o)
 .comment       0x0000006e       0x6f .\CortexM3\ARM_GCC_541\Debug\Temperature-Control.a(I2C_1_INT.o)
 .comment       0x0000006e       0x6f .\CortexM3\ARM_GCC_541\Debug\Temperature-Control.a(I2C_1_PM.o)
 .comment       0x0000006e       0x6f .\CortexM3\ARM_GCC_541\Debug\Temperature-Control.a(I2C_1_MASTER.o)
 .comment       0x0000006e       0x6f .\CortexM3\ARM_GCC_541\Debug\Temperature-Control.a(UART_1_IntClock.o)
 .comment       0x0000006e       0x6f .\CortexM3\ARM_GCC_541\Debug\Temperature-Control.a(CyLib.o)
 .comment       0x0000006e       0x6f .\CortexM3\ARM_GCC_541\Debug\Temperature-Control.a(cyPm.o)
 .comment       0x0000006e       0x6f .\CortexM3\ARM_GCC_541\Debug\Temperature-Control.a(isr_uart_rx.o)
 .comment       0x0000006e       0x6f .\CortexM3\ARM_GCC_541\Debug\Temperature-Control.a(CyFlash.o)
 .comment       0x0000006e       0x6f .\CortexM3\ARM_GCC_541\Debug\Temperature-Control.a(CySpc.o)

.debug_weaknames
 *(.debug_weaknames)

.debug_funcnames
 *(.debug_funcnames)

.debug_typenames
 *(.debug_typenames)

.debug_varnames
 *(.debug_varnames)

.note.gnu.arm.ident
 *(.note.gnu.arm.ident)

.ARM.attributes
                0x00000000       0x29
 *(.ARM.attributes)
 .ARM.attributes
                0x00000000       0x1d c:/program files (x86)/cypress/psoc creator/4.3/psoc creator/import/gnu/arm/5.4.1/bin/../lib/gcc/arm-none-eabi/5.4.1/armv7-m/crti.o
 .ARM.attributes
                0x0000001d       0x2d c:/program files (x86)/cypress/psoc creator/4.3/psoc creator/import/gnu/arm/5.4.1/bin/../lib/gcc/arm-none-eabi/5.4.1/armv7-m/crtbegin.o
 .ARM.attributes
                0x0000004a       0x1b c:/program files (x86)/cypress/psoc creator/4.3/psoc creator/import/gnu/arm/5.4.1/bin/../lib/gcc/arm-none-eabi/5.4.1/../../../../arm-none-eabi/lib/armv7-m/crt0.o
 .ARM.attributes
                0x00000065       0x33 .\CortexM3\ARM_GCC_541\Debug\main.o
 .ARM.attributes
                0x00000098       0x33 .\CortexM3\ARM_GCC_541\Debug\PIDControl.o
 .ARM.attributes
                0x000000cb       0x33 .\CortexM3\ARM_GCC_541\Debug\I2C_handler.o
 .ARM.attributes
                0x000000fe       0x33 .\CortexM3\ARM_GCC_541\Debug\cyfitter_cfg.o
 .ARM.attributes
                0x00000131       0x33 .\CortexM3\ARM_GCC_541\Debug\cymetadata.o
 .ARM.attributes
                0x00000164       0x33 .\CortexM3\ARM_GCC_541\Debug\Cm3Start.o
 .ARM.attributes
                0x00000197       0x33 .\CortexM3\ARM_GCC_541\Debug\Temperature-Control.a(UART_1.o)
 .ARM.attributes
                0x000001ca       0x33 .\CortexM3\ARM_GCC_541\Debug\Temperature-Control.a(PWM_1.o)
 .ARM.attributes
                0x000001fd       0x33 .\CortexM3\ARM_GCC_541\Debug\Temperature-Control.a(I2C_1.o)
 .ARM.attributes
                0x00000230       0x33 .\CortexM3\ARM_GCC_541\Debug\Temperature-Control.a(I2C_1_INT.o)
 .ARM.attributes
                0x00000263       0x33 .\CortexM3\ARM_GCC_541\Debug\Temperature-Control.a(I2C_1_PM.o)
 .ARM.attributes
                0x00000296       0x33 .\CortexM3\ARM_GCC_541\Debug\Temperature-Control.a(I2C_1_MASTER.o)
 .ARM.attributes
                0x000002c9       0x33 .\CortexM3\ARM_GCC_541\Debug\Temperature-Control.a(UART_1_IntClock.o)
 .ARM.attributes
                0x000002fc       0x33 .\CortexM3\ARM_GCC_541\Debug\Temperature-Control.a(CyLib.o)
 .ARM.attributes
                0x0000032f       0x33 .\CortexM3\ARM_GCC_541\Debug\Temperature-Control.a(cyPm.o)
 .ARM.attributes
                0x00000362       0x33 .\CortexM3\ARM_GCC_541\Debug\Temperature-Control.a(isr_uart_rx.o)
 .ARM.attributes
                0x00000395       0x21 .\CortexM3\ARM_GCC_541\Debug\Temperature-Control.a(CyBootAsmGnu.o)
 .ARM.attributes
                0x000003b6       0x33 .\CortexM3\ARM_GCC_541\Debug\Temperature-Control.a(CyFlash.o)
 .ARM.attributes
                0x000003e9       0x33 .\CortexM3\ARM_GCC_541\Debug\Temperature-Control.a(CySpc.o)
 .ARM.attributes
                0x0000041c       0x1d c:/program files (x86)/cypress/psoc creator/4.3/psoc creator/import/gnu/arm/5.4.1/bin/../lib/gcc/arm-none-eabi/5.4.1/armv7-m\libgcc.a(_arm_addsubdf3.o)
 .ARM.attributes
                0x00000439       0x1d c:/program files (x86)/cypress/psoc creator/4.3/psoc creator/import/gnu/arm/5.4.1/bin/../lib/gcc/arm-none-eabi/5.4.1/armv7-m\libgcc.a(_arm_addsubsf3.o)
 .ARM.attributes
                0x00000456       0x1d c:/program files (x86)/cypress/psoc creator/4.3/psoc creator/import/gnu/arm/5.4.1/bin/../lib/gcc/arm-none-eabi/5.4.1/armv7-m\libgcc.a(_arm_muldivsf3.o)
 .ARM.attributes
                0x00000473       0x1d c:/program files (x86)/cypress/psoc creator/4.3/psoc creator/import/gnu/arm/5.4.1/bin/../lib/gcc/arm-none-eabi/5.4.1/armv7-m\libgcc.a(_arm_cmpsf2.o)
 .ARM.attributes
                0x00000490       0x1d c:/program files (x86)/cypress/psoc creator/4.3/psoc creator/import/gnu/arm/5.4.1/bin/../lib/gcc/arm-none-eabi/5.4.1/armv7-m\libgcc.a(_arm_fixsfsi.o)
 .ARM.attributes
                0x000004ad       0x1d c:/program files (x86)/cypress/psoc creator/4.3/psoc creator/import/gnu/arm/5.4.1/bin/../lib/gcc/arm-none-eabi/5.4.1/armv7-m\libgcc.a(_arm_fixunssfsi.o)
 .ARM.attributes
                0x000004ca       0x2d c:/program files (x86)/cypress/psoc creator/4.3/psoc creator/import/gnu/arm/5.4.1/bin/../lib/gcc/arm-none-eabi/5.4.1/../../../../arm-none-eabi/lib/armv7-m\libg_nano.a(lib_a-errno.o)
 .ARM.attributes
                0x000004f7       0x2d c:/program files (x86)/cypress/psoc creator/4.3/psoc creator/import/gnu/arm/5.4.1/bin/../lib/gcc/arm-none-eabi/5.4.1/../../../../arm-none-eabi/lib/armv7-m\libg_nano.a(lib_a-exit.o)
 .ARM.attributes
                0x00000524       0x2d c:/program files (x86)/cypress/psoc creator/4.3/psoc creator/import/gnu/arm/5.4.1/bin/../lib/gcc/arm-none-eabi/5.4.1/../../../../arm-none-eabi/lib/armv7-m\libg_nano.a(lib_a-impure.o)
 .ARM.attributes
                0x00000551       0x2d c:/program files (x86)/cypress/psoc creator/4.3/psoc creator/import/gnu/arm/5.4.1/bin/../lib/gcc/arm-none-eabi/5.4.1/../../../../arm-none-eabi/lib/armv7-m\libg_nano.a(lib_a-init.o)
 .ARM.attributes
                0x0000057e       0x2d c:/program files (x86)/cypress/psoc creator/4.3/psoc creator/import/gnu/arm/5.4.1/bin/../lib/gcc/arm-none-eabi/5.4.1/../../../../arm-none-eabi/lib/armv7-m\libg_nano.a(lib_a-memcpy-stub.o)
 .ARM.attributes
                0x000005ab       0x2d c:/program files (x86)/cypress/psoc creator/4.3/psoc creator/import/gnu/arm/5.4.1/bin/../lib/gcc/arm-none-eabi/5.4.1/../../../../arm-none-eabi/lib/armv7-m\libg_nano.a(lib_a-memset.o)
 .ARM.attributes
                0x000005d8       0x2d c:/program files (x86)/cypress/psoc creator/4.3/psoc creator/import/gnu/arm/5.4.1/bin/../lib/gcc/arm-none-eabi/5.4.1/../../../../arm-none-eabi/lib/armv7-m\libg_nano.a(lib_a-nano-vfprintf_float.o)
 .ARM.attributes
                0x00000605       0x2d c:/program files (x86)/cypress/psoc creator/4.3/psoc creator/import/gnu/arm/5.4.1/bin/../lib/gcc/arm-none-eabi/5.4.1/../../../../arm-none-eabi/lib/armv7-m\libg_nano.a(lib_a-nano-vfprintf_i.o)
 .ARM.attributes
                0x00000632       0x2d c:/program files (x86)/cypress/psoc creator/4.3/psoc creator/import/gnu/arm/5.4.1/bin/../lib/gcc/arm-none-eabi/5.4.1/../../../../arm-none-eabi/lib/armv7-m\libg_nano.a(lib_a-snprintf.o)
 .ARM.attributes
                0x0000065f       0x17 c:/program files (x86)/cypress/psoc creator/4.3/psoc creator/import/gnu/arm/5.4.1/bin/../lib/gcc/arm-none-eabi/5.4.1/../../../../arm-none-eabi/lib/armv7-m\libg_nano.a(lib_a-strlen.o)
 .ARM.attributes
                0x00000676       0x2d c:/program files (x86)/cypress/psoc creator/4.3/psoc creator/import/gnu/arm/5.4.1/bin/../lib/gcc/arm-none-eabi/5.4.1/../../../../arm-none-eabi/lib/armv7-m\libg_nano.a(lib_a-dtoa.o)
 .ARM.attributes
                0x000006a3       0x2d c:/program files (x86)/cypress/psoc creator/4.3/psoc creator/import/gnu/arm/5.4.1/bin/../lib/gcc/arm-none-eabi/5.4.1/../../../../arm-none-eabi/lib/armv7-m\libg_nano.a(lib_a-locale.o)
 .ARM.attributes
                0x000006d0       0x2d c:/program files (x86)/cypress/psoc creator/4.3/psoc creator/import/gnu/arm/5.4.1/bin/../lib/gcc/arm-none-eabi/5.4.1/../../../../arm-none-eabi/lib/armv7-m\libg_nano.a(lib_a-malloc.o)
 .ARM.attributes
                0x000006fd       0x2d c:/program files (x86)/cypress/psoc creator/4.3/psoc creator/import/gnu/arm/5.4.1/bin/../lib/gcc/arm-none-eabi/5.4.1/../../../../arm-none-eabi/lib/armv7-m\libg_nano.a(lib_a-memchr-stub.o)
 .ARM.attributes
                0x0000072a       0x2d c:/program files (x86)/cypress/psoc creator/4.3/psoc creator/import/gnu/arm/5.4.1/bin/../lib/gcc/arm-none-eabi/5.4.1/../../../../arm-none-eabi/lib/armv7-m\libg_nano.a(lib_a-mprec.o)
 .ARM.attributes
                0x00000757       0x2d c:/program files (x86)/cypress/psoc creator/4.3/psoc creator/import/gnu/arm/5.4.1/bin/../lib/gcc/arm-none-eabi/5.4.1/../../../../arm-none-eabi/lib/armv7-m\libg_nano.a(lib_a-nano-callocr.o)
 .ARM.attributes
                0x00000784       0x2d c:/program files (x86)/cypress/psoc creator/4.3/psoc creator/import/gnu/arm/5.4.1/bin/../lib/gcc/arm-none-eabi/5.4.1/../../../../arm-none-eabi/lib/armv7-m\libg_nano.a(lib_a-nano-freer.o)
 .ARM.attributes
                0x000007b1       0x2d c:/program files (x86)/cypress/psoc creator/4.3/psoc creator/import/gnu/arm/5.4.1/bin/../lib/gcc/arm-none-eabi/5.4.1/../../../../arm-none-eabi/lib/armv7-m\libg_nano.a(lib_a-nano-mallocr.o)
 .ARM.attributes
                0x000007de       0x2d c:/program files (x86)/cypress/psoc creator/4.3/psoc creator/import/gnu/arm/5.4.1/bin/../lib/gcc/arm-none-eabi/5.4.1/../../../../arm-none-eabi/lib/armv7-m\libg_nano.a(lib_a-nano-svfprintf.o)
 .ARM.attributes
                0x0000080b       0x2d c:/program files (x86)/cypress/psoc creator/4.3/psoc creator/import/gnu/arm/5.4.1/bin/../lib/gcc/arm-none-eabi/5.4.1/../../../../arm-none-eabi/lib/armv7-m\libg_nano.a(lib_a-sbrkr.o)
 .ARM.attributes
                0x00000838       0x1b c:/program files (x86)/cypress/psoc creator/4.3/psoc creator/import/gnu/arm/5.4.1/bin/../lib/gcc/arm-none-eabi/5.4.1/../../../../arm-none-eabi/lib/armv7-m\libg_nano.a(lib_a-strcmp.o)
 .ARM.attributes
                0x00000853       0x2d c:/program files (x86)/cypress/psoc creator/4.3/psoc creator/import/gnu/arm/5.4.1/bin/../lib/gcc/arm-none-eabi/5.4.1/../../../../arm-none-eabi/lib/armv7-m\libg_nano.a(lib_a-memmove.o)
 .ARM.attributes
                0x00000880       0x2d c:/program files (x86)/cypress/psoc creator/4.3/psoc creator/import/gnu/arm/5.4.1/bin/../lib/gcc/arm-none-eabi/5.4.1/../../../../arm-none-eabi/lib/armv7-m\libg_nano.a(lib_a-mlock.o)
 .ARM.attributes
                0x000008ad       0x2d c:/program files (x86)/cypress/psoc creator/4.3/psoc creator/import/gnu/arm/5.4.1/bin/../lib/gcc/arm-none-eabi/5.4.1/../../../../arm-none-eabi/lib/armv7-m\libg_nano.a(lib_a-nano-reallocr.o)
 .ARM.attributes
                0x000008da       0x2d c:/program files (x86)/cypress/psoc creator/4.3/psoc creator/import/gnu/arm/5.4.1/bin/../lib/gcc/arm-none-eabi/5.4.1/../../../../arm-none-eabi/lib/armv7-m\libg_nano.a(lib_a-reent.o)
 .ARM.attributes
                0x00000907       0x2d c:/program files (x86)/cypress/psoc creator/4.3/psoc creator/import/gnu/arm/5.4.1/bin/../lib/gcc/arm-none-eabi/5.4.1/../../../../arm-none-eabi/lib/armv7-m\libg_nano.a(lib_a-nano-msizer.o)
 .ARM.attributes
                0x00000934       0x1d c:/program files (x86)/cypress/psoc creator/4.3/psoc creator/import/gnu/arm/5.4.1/bin/../lib/gcc/arm-none-eabi/5.4.1/armv7-m\libgcc.a(_arm_muldivdf3.o)
 .ARM.attributes
                0x00000951       0x1d c:/program files (x86)/cypress/psoc creator/4.3/psoc creator/import/gnu/arm/5.4.1/bin/../lib/gcc/arm-none-eabi/5.4.1/armv7-m\libgcc.a(_arm_cmpdf2.o)
 .ARM.attributes
                0x0000096e       0x1d c:/program files (x86)/cypress/psoc creator/4.3/psoc creator/import/gnu/arm/5.4.1/bin/../lib/gcc/arm-none-eabi/5.4.1/armv7-m\libgcc.a(_arm_unorddf2.o)
 .ARM.attributes
                0x0000098b       0x1d c:/program files (x86)/cypress/psoc creator/4.3/psoc creator/import/gnu/arm/5.4.1/bin/../lib/gcc/arm-none-eabi/5.4.1/armv7-m\libgcc.a(_arm_fixdfsi.o)
 .ARM.attributes
                0x000009a8       0x2d c:/program files (x86)/cypress/psoc creator/4.3/psoc creator/import/gnu/arm/5.4.1/bin/../lib/gcc/arm-none-eabi/5.4.1/armv7-m/crtend.o
 .ARM.attributes
                0x000009d5       0x1d c:/program files (x86)/cypress/psoc creator/4.3/psoc creator/import/gnu/arm/5.4.1/bin/../lib/gcc/arm-none-eabi/5.4.1/armv7-m/crtn.o

/DISCARD/
 *(.note.GNU-stack)
OUTPUT(C:\Users\Simon\Desktop\GFV-Gruppe14\Labexercise3_Temperaturregulator\Temperature-Control.cydsn\CortexM3\ARM_GCC_541\Debug\Temperature-Control.elf elf32-littlearm)
